                                      1 ;--------------------------------------------------------
                                      2 ; File Created by SDCC : free open source ISO C Compiler
                                      3 ; Version 4.5.1 #15267 (Linux)
                                      4 ;--------------------------------------------------------
                                      5 	.module game_over_screen
                                      6 	
                                      7 ;--------------------------------------------------------
                                      8 ; Public variables in this module
                                      9 ;--------------------------------------------------------
                                     10 	.globl _game_over_screen
                                     11 ;--------------------------------------------------------
                                     12 ; special function registers
                                     13 ;--------------------------------------------------------
                                     14 ;--------------------------------------------------------
                                     15 ; ram data
                                     16 ;--------------------------------------------------------
                                     17 	.area _DATA
                                     18 ;--------------------------------------------------------
                                     19 ; ram data
                                     20 ;--------------------------------------------------------
                                     21 	.area _INITIALIZED
                                     22 ;--------------------------------------------------------
                                     23 ; absolute external ram data
                                     24 ;--------------------------------------------------------
                                     25 	.area _DABS (ABS)
                                     26 ;--------------------------------------------------------
                                     27 ; global & static initialisations
                                     28 ;--------------------------------------------------------
                                     29 	.area _HOME
                                     30 	.area _GSINIT
                                     31 	.area _GSFINAL
                                     32 	.area _GSINIT
                                     33 ;--------------------------------------------------------
                                     34 ; Home
                                     35 ;--------------------------------------------------------
                                     36 	.area _HOME
                                     37 	.area _HOME
                                     38 ;--------------------------------------------------------
                                     39 ; code
                                     40 ;--------------------------------------------------------
                                     41 	.area _CODE
                                     42 	.area _CODE
    00000000                         43 _game_over_screen:
    00000000 00                      44 	.db #0x00	; 0
    00000001 00                      45 	.db #0x00	; 0
    00000002 1F                      46 	.db #0x1f	; 31
    00000003 1F                      47 	.db #0x1f	; 31
    00000004 1F                      48 	.db #0x1f	; 31
    00000005 00                      49 	.db #0x00	; 0
    00000006 00                      50 	.db #0x00	; 0
    00000007 00                      51 	.db #0x00	; 0
    00000008 00                      52 	.db #0x00	; 0
    00000009 1E                      53 	.db #0x1e	; 30
    0000000A 00                      54 	.db #0x00	; 0
    0000000B 00                      55 	.db #0x00	; 0
    0000000C 1F                      56 	.db #0x1f	; 31
    0000000D 1E                      57 	.db #0x1e	; 30
    0000000E 1E                      58 	.db #0x1e	; 30
    0000000F 1E                      59 	.db #0x1e	; 30
    00000010 1E                      60 	.db #0x1e	; 30
    00000011 1E                      61 	.db #0x1e	; 30
    00000012 00                      62 	.db #0x00	; 0
    00000013 00                      63 	.db #0x00	; 0
    00000014 00                      64 	.db #0x00	; 0
    00000015 00                      65 	.db #0x00	; 0
    00000016 00                      66 	.db #0x00	; 0
    00000017 00                      67 	.db #0x00	; 0
    00000018 1F                      68 	.db #0x1f	; 31
    00000019 1F                      69 	.db #0x1f	; 31
    0000001A 00                      70 	.db #0x00	; 0
    0000001B 00                      71 	.db #0x00	; 0
    0000001C 00                      72 	.db #0x00	; 0
    0000001D 00                      73 	.db #0x00	; 0
    0000001E 1F                      74 	.db #0x1f	; 31
    0000001F 1F                      75 	.db #0x1f	; 31
    00000020 1F                      76 	.db #0x1f	; 31
    00000021 1E                      77 	.db #0x1e	; 30
    00000022 1F                      78 	.db #0x1f	; 31
    00000023 00                      79 	.db #0x00	; 0
    00000024 00                      80 	.db #0x00	; 0
    00000025 00                      81 	.db #0x00	; 0
    00000026 00                      82 	.db #0x00	; 0
    00000027 00                      83 	.db #0x00	; 0
    00000028 00                      84 	.db #0x00	; 0
    00000029 00                      85 	.db #0x00	; 0
    0000002A 18                      86 	.db #0x18	; 24
    0000002B 18                      87 	.db #0x18	; 24
    0000002C 18                      88 	.db #0x18	; 24
    0000002D 00                      89 	.db #0x00	; 0
    0000002E 18                      90 	.db #0x18	; 24
    0000002F 18                      91 	.db #0x18	; 24
    00000030 18                      92 	.db #0x18	; 24
    00000031 00                      93 	.db #0x00	; 0
    00000032 18                      94 	.db #0x18	; 24
    00000033 00                      95 	.db #0x00	; 0
    00000034 00                      96 	.db #0x00	; 0
    00000035 00                      97 	.db #0x00	; 0
    00000036 18                      98 	.db #0x18	; 24
    00000037 00                      99 	.db #0x00	; 0
    00000038 00                     100 	.db #0x00	; 0
    00000039 18                     101 	.db #0x18	; 24
    0000003A 00                     102 	.db #0x00	; 0
    0000003B 00                     103 	.db #0x00	; 0
    0000003C 00                     104 	.db #0x00	; 0
    0000003D 19                     105 	.db #0x19	; 25
    0000003E 00                     106 	.db #0x00	; 0
    0000003F 00                     107 	.db #0x00	; 0
    00000040 00                     108 	.db #0x00	; 0
    00000041 00                     109 	.db #0x00	; 0
    00000042 19                     110 	.db #0x19	; 25
    00000043 1E                     111 	.db #0x1e	; 30
    00000044 19                     112 	.db #0x19	; 25
    00000045 00                     113 	.db #0x00	; 0
    00000046 19                     114 	.db #0x19	; 25
    00000047 18                     115 	.db #0x18	; 24
    00000048 00                     116 	.db #0x00	; 0
    00000049 18                     117 	.db #0x18	; 24
    0000004A 19                     118 	.db #0x19	; 25
    0000004B 00                     119 	.db #0x00	; 0
    0000004C 18                     120 	.db #0x18	; 24
    0000004D 00                     121 	.db #0x00	; 0
    0000004E 18                     122 	.db #0x18	; 24
    0000004F 00                     123 	.db #0x00	; 0
    00000050 00                     124 	.db #0x00	; 0
    00000051 19                     125 	.db #0x19	; 25
    00000052 00                     126 	.db #0x00	; 0
    00000053 19                     127 	.db #0x19	; 25
    00000054 00                     128 	.db #0x00	; 0
    00000055 00                     129 	.db #0x00	; 0
    00000056 19                     130 	.db #0x19	; 25
    00000057 18                     131 	.db #0x18	; 24
    00000058 19                     132 	.db #0x19	; 25
    00000059 00                     133 	.db #0x00	; 0
    0000005A 19                     134 	.db #0x19	; 25
    0000005B 00                     135 	.db #0x00	; 0
    0000005C 18                     136 	.db #0x18	; 24
    0000005D 00                     137 	.db #0x00	; 0
    0000005E 19                     138 	.db #0x19	; 25
    0000005F 00                     139 	.db #0x00	; 0
    00000060 19                     140 	.db #0x19	; 25
    00000061 00                     141 	.db #0x00	; 0
    00000062 19                     142 	.db #0x19	; 25
    00000063 00                     143 	.db #0x00	; 0
    00000064 00                     144 	.db #0x00	; 0
    00000065 19                     145 	.db #0x19	; 25
    00000066 00                     146 	.db #0x00	; 0
    00000067 00                     147 	.db #0x00	; 0
    00000068 19                     148 	.db #0x19	; 25
    00000069 00                     149 	.db #0x00	; 0
    0000006A 19                     150 	.db #0x19	; 25
    0000006B 00                     151 	.db #0x00	; 0
    0000006C 19                     152 	.db #0x19	; 25
    0000006D 00                     153 	.db #0x00	; 0
    0000006E 19                     154 	.db #0x19	; 25
    0000006F 00                     155 	.db #0x00	; 0
    00000070 00                     156 	.db #0x00	; 0
    00000071 00                     157 	.db #0x00	; 0
    00000072 19                     158 	.db #0x19	; 25
    00000073 00                     159 	.db #0x00	; 0
    00000074 19                     160 	.db #0x19	; 25
    00000075 19                     161 	.db #0x19	; 25
    00000076 19                     162 	.db #0x19	; 25
    00000077 00                     163 	.db #0x00	; 0
    00000078 00                     164 	.db #0x00	; 0
    00000079 00                     165 	.db #0x00	; 0
    0000007A 19                     166 	.db #0x19	; 25
    0000007B 19                     167 	.db #0x19	; 25
    0000007C 00                     168 	.db #0x00	; 0
    0000007D 00                     169 	.db #0x00	; 0
    0000007E 19                     170 	.db #0x19	; 25
    0000007F 00                     171 	.db #0x00	; 0
    00000080 19                     172 	.db #0x19	; 25
    00000081 00                     173 	.db #0x00	; 0
    00000082 19                     174 	.db #0x19	; 25
    00000083 00                     175 	.db #0x00	; 0
    00000084 00                     176 	.db #0x00	; 0
    00000085 00                     177 	.db #0x00	; 0
    00000086 19                     178 	.db #0x19	; 25
    00000087 00                     179 	.db #0x00	; 0
    00000088 19                     180 	.db #0x19	; 25
    00000089 00                     181 	.db #0x00	; 0
    0000008A 00                     182 	.db #0x00	; 0
    0000008B 00                     183 	.db #0x00	; 0
    0000008C 00                     184 	.db #0x00	; 0
    0000008D 1E                     185 	.db #0x1e	; 30
    0000008E 00                     186 	.db #0x00	; 0
    0000008F 00                     187 	.db #0x00	; 0
    00000090 00                     188 	.db #0x00	; 0
    00000091 00                     189 	.db #0x00	; 0
    00000092 19                     190 	.db #0x19	; 25
    00000093 00                     191 	.db #0x00	; 0
    00000094 19                     192 	.db #0x19	; 25
    00000095 00                     193 	.db #0x00	; 0
    00000096 19                     194 	.db #0x19	; 25
    00000097 00                     195 	.db #0x00	; 0
    00000098 1F                     196 	.db #0x1f	; 31
    00000099 00                     197 	.db #0x00	; 0
    0000009A 19                     198 	.db #0x19	; 25
    0000009B 00                     199 	.db #0x00	; 0
    0000009C 00                     200 	.db #0x00	; 0
    0000009D 18                     201 	.db #0x18	; 24
    0000009E 18                     202 	.db #0x18	; 24
    0000009F 00                     203 	.db #0x00	; 0
    000000A0 00                     204 	.db #0x00	; 0
    000000A1 00                     205 	.db #0x00	; 0
    000000A2 00                     206 	.db #0x00	; 0
    000000A3 1E                     207 	.db #0x1e	; 30
    000000A4 00                     208 	.db #0x00	; 0
    000000A5 00                     209 	.db #0x00	; 0
    000000A6 00                     210 	.db #0x00	; 0
    000000A7 00                     211 	.db #0x00	; 0
    000000A8 00                     212 	.db #0x00	; 0
    000000A9 00                     213 	.db #0x00	; 0
    000000AA 00                     214 	.db #0x00	; 0
    000000AB 00                     215 	.db #0x00	; 0
    000000AC 1F                     216 	.db #0x1f	; 31
    000000AD 1F                     217 	.db #0x1f	; 31
    000000AE 1F                     218 	.db #0x1f	; 31
    000000AF 00                     219 	.db #0x00	; 0
    000000B0 00                     220 	.db #0x00	; 0
    000000B1 00                     221 	.db #0x00	; 0
    000000B2 00                     222 	.db #0x00	; 0
    000000B3 00                     223 	.db #0x00	; 0
    000000B4 00                     224 	.db #0x00	; 0
    000000B5 00                     225 	.db #0x00	; 0
    000000B6 18                     226 	.db #0x18	; 24
    000000B7 00                     227 	.db #0x00	; 0
    000000B8 00                     228 	.db #0x00	; 0
    000000B9 18                     229 	.db #0x18	; 24
    000000BA 00                     230 	.db #0x00	; 0
    000000BB 00                     231 	.db #0x00	; 0
    000000BC 18                     232 	.db #0x18	; 24
    000000BD 00                     233 	.db #0x00	; 0
    000000BE 00                     234 	.db #0x00	; 0
    000000BF 18                     235 	.db #0x18	; 24
    000000C0 00                     236 	.db #0x00	; 0
    000000C1 00                     237 	.db #0x00	; 0
    000000C2 00                     238 	.db #0x00	; 0
    000000C3 00                     239 	.db #0x00	; 0
    000000C4 1E                     240 	.db #0x1e	; 30
    000000C5 00                     241 	.db #0x00	; 0
    000000C6 00                     242 	.db #0x00	; 0
    000000C7 00                     243 	.db #0x00	; 0
    000000C8 00                     244 	.db #0x00	; 0
    000000C9 18                     245 	.db #0x18	; 24
    000000CA 00                     246 	.db #0x00	; 0
    000000CB 18                     247 	.db #0x18	; 24
    000000CC 00                     248 	.db #0x00	; 0
    000000CD 00                     249 	.db #0x00	; 0
    000000CE 18                     250 	.db #0x18	; 24
    000000CF 00                     251 	.db #0x00	; 0
    000000D0 19                     252 	.db #0x19	; 25
    000000D1 00                     253 	.db #0x00	; 0
    000000D2 18                     254 	.db #0x18	; 24
    000000D3 00                     255 	.db #0x00	; 0
    000000D4 18                     256 	.db #0x18	; 24
    000000D5 00                     257 	.db #0x00	; 0
    000000D6 00                     258 	.db #0x00	; 0
    000000D7 00                     259 	.db #0x00	; 0
    000000D8 1E                     260 	.db #0x1e	; 30
    000000D9 00                     261 	.db #0x00	; 0
    000000DA 1E                     262 	.db #0x1e	; 30
    000000DB 00                     263 	.db #0x00	; 0
    000000DC 00                     264 	.db #0x00	; 0
    000000DD 19                     265 	.db #0x19	; 25
    000000DE 00                     266 	.db #0x00	; 0
    000000DF 19                     267 	.db #0x19	; 25
    000000E0 00                     268 	.db #0x00	; 0
    000000E1 00                     269 	.db #0x00	; 0
    000000E2 19                     270 	.db #0x19	; 25
    000000E3 00                     271 	.db #0x00	; 0
    000000E4 19                     272 	.db #0x19	; 25
    000000E5 00                     273 	.db #0x00	; 0
    000000E6 19                     274 	.db #0x19	; 25
    000000E7 18                     275 	.db #0x18	; 24
    000000E8 19                     276 	.db #0x19	; 25
    000000E9 00                     277 	.db #0x00	; 0
    000000EA 18                     278 	.db #0x18	; 24
    000000EB 00                     279 	.db #0x00	; 0
    000000EC 18                     280 	.db #0x18	; 24
    000000ED 18                     281 	.db #0x18	; 24
    000000EE 00                     282 	.db #0x00	; 0
    000000EF 00                     283 	.db #0x00	; 0
    000000F0 00                     284 	.db #0x00	; 0
    000000F1 19                     285 	.db #0x19	; 25
    000000F2 00                     286 	.db #0x00	; 0
    000000F3 19                     287 	.db #0x19	; 25
    000000F4 00                     288 	.db #0x00	; 0
    000000F5 00                     289 	.db #0x00	; 0
    000000F6 19                     290 	.db #0x19	; 25
    000000F7 00                     291 	.db #0x00	; 0
    000000F8 19                     292 	.db #0x19	; 25
    000000F9 00                     293 	.db #0x00	; 0
    000000FA 19                     294 	.db #0x19	; 25
    000000FB 00                     295 	.db #0x00	; 0
    000000FC 00                     296 	.db #0x00	; 0
    000000FD 00                     297 	.db #0x00	; 0
    000000FE 19                     298 	.db #0x19	; 25
    000000FF 18                     299 	.db #0x18	; 24
    00000100 00                     300 	.db #0x00	; 0
    00000101 00                     301 	.db #0x00	; 0
    00000102 00                     302 	.db #0x00	; 0
    00000103 00                     303 	.db #0x00	; 0
    00000104 00                     304 	.db #0x00	; 0
    00000105 19                     305 	.db #0x19	; 25
    00000106 00                     306 	.db #0x00	; 0
    00000107 19                     307 	.db #0x19	; 25
    00000108 00                     308 	.db #0x00	; 0
    00000109 00                     309 	.db #0x00	; 0
    0000010A 00                     310 	.db #0x00	; 0
    0000010B 18                     311 	.db #0x18	; 24
    0000010C 00                     312 	.db #0x00	; 0
    0000010D 00                     313 	.db #0x00	; 0
    0000010E 00                     314 	.db #0x00	; 0
    0000010F 18                     315 	.db #0x18	; 24
    00000110 18                     316 	.db #0x18	; 24
    00000111 00                     317 	.db #0x00	; 0
    00000112 19                     318 	.db #0x19	; 25
    00000113 00                     319 	.db #0x00	; 0
    00000114 00                     320 	.db #0x00	; 0
    00000115 00                     321 	.db #0x00	; 0
    00000116 00                     322 	.db #0x00	; 0
    00000117 00                     323 	.db #0x00	; 0
    00000118 00                     324 	.db #0x00	; 0
    00000119 00                     325 	.db #0x00	; 0
    0000011A 18                     326 	.db #0x18	; 24
    0000011B 00                     327 	.db #0x00	; 0
    0000011C 00                     328 	.db #0x00	; 0
    0000011D 1F                     329 	.db #0x1f	; 31
    0000011E 00                     330 	.db #0x00	; 0
    0000011F 00                     331 	.db #0x00	; 0
    00000120 00                     332 	.db #0x00	; 0
    00000121 1E                     333 	.db #0x1e	; 30
    00000122 00                     334 	.db #0x00	; 0
    00000123 00                     335 	.db #0x00	; 0
    00000124 00                     336 	.db #0x00	; 0
    00000125 00                     337 	.db #0x00	; 0
    00000126 19                     338 	.db #0x19	; 25
    00000127 00                     339 	.db #0x00	; 0
    00000128 00                     340 	.db #0x00	; 0
    00000129 00                     341 	.db #0x00	; 0
    0000012A 00                     342 	.db #0x00	; 0
    0000012B 1E                     343 	.db #0x1e	; 30
    0000012C 00                     344 	.db #0x00	; 0
    0000012D 00                     345 	.db #0x00	; 0
    0000012E 00                     346 	.db #0x00	; 0
    0000012F 00                     347 	.db #0x00	; 0
    00000130 00                     348 	.db #0x00	; 0
    00000131 00                     349 	.db #0x00	; 0
    00000132 1F                     350 	.db #0x1f	; 31
    00000133 1E                     351 	.db #0x1e	; 30
    00000134 1E                     352 	.db #0x1e	; 30
    00000135 1E                     353 	.db #0x1e	; 30
    00000136 00                     354 	.db #0x00	; 0
    00000137 00                     355 	.db #0x00	; 0
    00000138 1F                     356 	.db #0x1f	; 31
    00000139 00                     357 	.db #0x00	; 0
    0000013A 00                     358 	.db #0x00	; 0
    0000013B 00                     359 	.db #0x00	; 0
    0000013C 00                     360 	.db #0x00	; 0
    0000013D 00                     361 	.db #0x00	; 0
    0000013E 00                     362 	.db #0x00	; 0
    0000013F 1E                     363 	.db #0x1e	; 30
    00000140 00                     364 	.db #0x00	; 0
    00000141 00                     365 	.db #0x00	; 0
    00000142 00                     366 	.db #0x00	; 0
    00000143 00                     367 	.db #0x00	; 0
    00000144 00                     368 	.db #0x00	; 0
    00000145 00                     369 	.db #0x00	; 0
    00000146 00                     370 	.db #0x00	; 0
    00000147 1E                     371 	.db #0x1e	; 30
    00000148 1E                     372 	.db #0x1e	; 30
    00000149 1E                     373 	.db #0x1e	; 30
    0000014A 00                     374 	.db #0x00	; 0
    0000014B 00                     375 	.db #0x00	; 0
    0000014C 1F                     376 	.db #0x1f	; 31
    0000014D 1F                     377 	.db #0x1f	; 31
    0000014E 1F                     378 	.db #0x1f	; 31
    0000014F 00                     379 	.db #0x00	; 0
    00000150 1F                     380 	.db #0x1f	; 31
    00000151 1F                     381 	.db #0x1f	; 31
    00000152 00                     382 	.db #0x00	; 0
    00000153 00                     383 	.db #0x00	; 0
    00000154 1E                     384 	.db #0x1e	; 30
    00000155 00                     385 	.db #0x00	; 0
    00000156 00                     386 	.db #0x00	; 0
    00000157 00                     387 	.db #0x00	; 0
    00000158 00                     388 	.db #0x00	; 0
    00000159 00                     389 	.db #0x00	; 0
    0000015A 00                     390 	.db #0x00	; 0
    0000015B 1F                     391 	.db #0x1f	; 31
    0000015C 00                     392 	.db #0x00	; 0
    0000015D 00                     393 	.db #0x00	; 0
    0000015E 00                     394 	.db #0x00	; 0
    0000015F 00                     395 	.db #0x00	; 0
    00000160 00                     396 	.db #0x00	; 0
    00000161 00                     397 	.db #0x00	; 0
    00000162 00                     398 	.db #0x00	; 0
    00000163 00                     399 	.db #0x00	; 0
    00000164 00                     400 	.db #0x00	; 0
    00000165 00                     401 	.db #0x00	; 0
    00000166 00                     402 	.db #0x00	; 0
    00000167 00                     403 	.db #0x00	; 0
                                    404 	.area _INITIALIZER
                                    405 	.area _CABS (ABS)
