                                      1 ;--------------------------------------------------------
                                      2 ; File Created by SDCC : free open source ISO C Compiler
                                      3 ; Version 4.5.1 #15267 (Linux)
                                      4 ;--------------------------------------------------------
                                      5 	.module Graphic
                                      6 	
                                      7 ;--------------------------------------------------------
                                      8 ; Public variables in this module
                                      9 ;--------------------------------------------------------
                                     10 	.globl _set_win_tile_xy
                                     11 	.globl _set_win_tiles
                                     12 	.globl _set_bkg_tiles
                                     13 	.globl _delay
                                     14 	.globl _change_bkg_tile_xy
                                     15 	.globl _change_bkg_tile_16x16
                                     16 	.globl _change_all_block_tiles
                                     17 	.globl _restore_all_block_tiles
                                     18 	.globl _change_win_tile_16x16
                                     19 	.globl _move_sprite_block_pointer
                                     20 	.globl _print_counter
                                     21 	.globl _update_values_in_hud
                                     22 	.globl _move_win_screen
                                     23 ;--------------------------------------------------------
                                     24 ; special function registers
                                     25 ;--------------------------------------------------------
                                     26 ;--------------------------------------------------------
                                     27 ; ram data
                                     28 ;--------------------------------------------------------
                                     29 	.area _DATA
                                     30 ;--------------------------------------------------------
                                     31 ; ram data
                                     32 ;--------------------------------------------------------
                                     33 	.area _INITIALIZED
                                     34 ;--------------------------------------------------------
                                     35 ; absolute external ram data
                                     36 ;--------------------------------------------------------
                                     37 	.area _DABS (ABS)
                                     38 ;--------------------------------------------------------
                                     39 ; global & static initialisations
                                     40 ;--------------------------------------------------------
                                     41 	.area _HOME
                                     42 	.area _GSINIT
                                     43 	.area _GSFINAL
                                     44 	.area _GSINIT
                                     45 ;--------------------------------------------------------
                                     46 ; Home
                                     47 ;--------------------------------------------------------
                                     48 	.area _HOME
                                     49 	.area _HOME
                                     50 ;--------------------------------------------------------
                                     51 ; code
                                     52 ;--------------------------------------------------------
                                     53 	.area _CODE
                                     54 ;src/Graphic.c:11: void change_bkg_tile_xy(uint16_t tile_index, uint8_t tile_id){
                                     55 ;	---------------------------------
                                     56 ; Function change_bkg_tile_xy
                                     57 ; ---------------------------------
    00000000                         58 _change_bkg_tile_xy::
    00000000 3B               [ 8]   59 	dec	sp
    00000001 3B               [ 8]   60 	dec	sp
    00000002 F8 01            [12]   61 	ldhl	sp,	#1
    00000004 77               [ 8]   62 	ld	(hl), a
                                     63 ;src/Graphic.c:20: uint8_t y = (tile_index / 20);
    00000005 D5               [16]   64 	push	de
    00000006 01 14 00         [12]   65 	ld	bc, #0x0014
    00000009 CDr00r00         [24]   66 	call	__divuint
    0000000C D1               [12]   67 	pop	de
    0000000D F8 00            [12]   68 	ldhl	sp,	#0
    0000000F 71               [ 8]   69 	ld	(hl), c
                                     70 ;src/Graphic.c:21: uint8_t x = (tile_index % 20);
    00000010 01 14 00         [12]   71 	ld	bc, #0x0014
    00000013 CDr00r00         [24]   72 	call	__moduint
                                     73 ;src/Graphic.c:23: set_bkg_tiles(x-1, y-1, 1, 1, &tile_id);
    00000016 F8 01            [12]   74 	ldhl	sp,	#1
    00000018 5D               [ 4]   75 	ld	e, l
    00000019 54               [ 4]   76 	ld	d, h
    0000001A F8 00            [12]   77 	ldhl	sp,	#0
    0000001C 66               [ 8]   78 	ld	h, (hl)
    0000001D 25               [ 4]   79 	dec	h
    0000001E 41               [ 4]   80 	ld	b, c
    0000001F 05               [ 4]   81 	dec	b
    00000020 E5               [16]   82 	push	hl
    00000021 D5               [16]   83 	push	de
    00000022 D5               [16]   84 	push	de
    00000023 11 01 01         [12]   85 	ld	de, #0x101
    00000026 D5               [16]   86 	push	de
    00000027 68               [ 4]   87 	ld	l, b
    00000028 E5               [16]   88 	push	hl
    00000029 CDr00r00         [24]   89 	call	_set_bkg_tiles
    0000002C E8 06            [16]   90 	add	sp, #6
    0000002E D1               [12]   91 	pop	de
    0000002F E1               [12]   92 	pop	hl
                                     93 ;src/Graphic.c:24: set_bkg_tiles(x, y-1, 1, 1, &tile_id);
    00000030 D5               [16]   94 	push	de
    00000031 D5               [16]   95 	push	de
    00000032 11 01 01         [12]   96 	ld	de, #0x101
    00000035 D5               [16]   97 	push	de
    00000036 69               [ 4]   98 	ld	l, c
    00000037 E5               [16]   99 	push	hl
    00000038 CDr00r00         [24]  100 	call	_set_bkg_tiles
    0000003B E8 06            [16]  101 	add	sp, #6
    0000003D D1               [12]  102 	pop	de
                                    103 ;src/Graphic.c:25: set_bkg_tiles(x-1, y, 1, 1, &tile_id);
    0000003E D5               [16]  104 	push	de
    0000003F D5               [16]  105 	push	de
    00000040 21 01 01         [12]  106 	ld	hl, #0x101
    00000043 E5               [16]  107 	push	hl
    00000044 F8 06            [12]  108 	ldhl	sp,	#6
    00000046 7E               [ 8]  109 	ld	a, (hl)
    00000047 F5               [16]  110 	push	af
    00000048 33               [ 8]  111 	inc	sp
    00000049 C5               [16]  112 	push	bc
    0000004A 33               [ 8]  113 	inc	sp
    0000004B CDr00r00         [24]  114 	call	_set_bkg_tiles
    0000004E E8 06            [16]  115 	add	sp, #6
                                    116 ;src/Graphic.c:26: set_bkg_tiles(x, y, 1, 1, &tile_id);
    00000050 21 01 01         [12]  117 	ld	hl, #0x101
    00000053 E5               [16]  118 	push	hl
    00000054 F8 04            [12]  119 	ldhl	sp,	#4
    00000056 7E               [ 8]  120 	ld	a, (hl)
    00000057 F5               [16]  121 	push	af
    00000058 33               [ 8]  122 	inc	sp
    00000059 79               [ 4]  123 	ld	a, c
    0000005A F5               [16]  124 	push	af
    0000005B 33               [ 8]  125 	inc	sp
    0000005C CDr00r00         [24]  126 	call	_set_bkg_tiles
                                    127 ;src/Graphic.c:27: }
    0000005F E8 08            [16]  128 	add	sp, #8
    00000061 C9               [16]  129 	ret
                                    130 ;src/Graphic.c:29: void change_bkg_tile_16x16(uint16_t tile_index, uint8_t tile_id_BR){
                                    131 ;	---------------------------------
                                    132 ; Function change_bkg_tile_16x16
                                    133 ; ---------------------------------
    00000062                        134 _change_bkg_tile_16x16::
    00000062 E8 FB            [16]  135 	add	sp, #-5
    00000064 F8 04            [12]  136 	ldhl	sp,	#4
    00000066 77               [ 8]  137 	ld	(hl), a
                                    138 ;src/Graphic.c:40: uint8_t y = (tile_index / 20);
    00000067 D5               [16]  139 	push	de
    00000068 01 14 00         [12]  140 	ld	bc, #0x0014
    0000006B CDr00r00         [24]  141 	call	__divuint
    0000006E D1               [12]  142 	pop	de
    0000006F F8 03            [12]  143 	ldhl	sp,	#3
    00000071 71               [ 8]  144 	ld	(hl), c
                                    145 ;src/Graphic.c:41: uint8_t x = (tile_index % 20);
    00000072 01 14 00         [12]  146 	ld	bc, #0x0014
    00000075 CDr00r00         [24]  147 	call	__moduint
    00000078 59               [ 4]  148 	ld	e, c
                                    149 ;src/Graphic.c:43: uint8_t tile_id_TR = tile_id_BR - 0x01;
    00000079 F8 04            [12]  150 	ldhl	sp,	#4
    0000007B 4E               [ 8]  151 	ld	c, (hl)
    0000007C 79               [ 4]  152 	ld	a, c
    0000007D 3D               [ 4]  153 	dec	a
    0000007E F8 00            [12]  154 	ldhl	sp,	#0
                                    155 ;src/Graphic.c:44: uint8_t tile_id_BL = tile_id_BR - 0x02;
    00000080 22               [ 8]  156 	ld	(hl+), a
    00000081 79               [ 4]  157 	ld	a, c
    00000082 C6 FE            [ 8]  158 	add	a, #0xfe
                                    159 ;src/Graphic.c:45: uint8_t tile_id_TL = tile_id_BR - 0x03;
    00000084 22               [ 8]  160 	ld	(hl+), a
    00000085 79               [ 4]  161 	ld	a, c
    00000086 C6 FD            [ 8]  162 	add	a, #0xfd
    00000088 77               [ 8]  163 	ld	(hl), a
                                    164 ;src/Graphic.c:47: set_bkg_tiles(x,y,1,1,&tile_id_BR);
    00000089 21 04 00         [12]  165 	ld	hl, #4
    0000008C 39               [ 8]  166 	add	hl, sp
    0000008D D5               [16]  167 	push	de
    0000008E E5               [16]  168 	push	hl
    0000008F 21 01 01         [12]  169 	ld	hl, #0x101
    00000092 E5               [16]  170 	push	hl
    00000093 F8 09            [12]  171 	ldhl	sp,	#9
    00000095 56               [ 8]  172 	ld	d, (hl)
    00000096 D5               [16]  173 	push	de
    00000097 CDr00r00         [24]  174 	call	_set_bkg_tiles
    0000009A E8 06            [16]  175 	add	sp, #6
    0000009C D1               [12]  176 	pop	de
                                    177 ;src/Graphic.c:48: set_bkg_tiles(x-1,y,1,1,&tile_id_BL);
    0000009D 4B               [ 4]  178 	ld	c, e
    0000009E 0D               [ 4]  179 	dec	c
    0000009F D5               [16]  180 	push	de
    000000A0 21 03 00         [12]  181 	ld	hl, #3
    000000A3 39               [ 8]  182 	add	hl, sp
    000000A4 E5               [16]  183 	push	hl
    000000A5 21 01 01         [12]  184 	ld	hl, #0x101
    000000A8 E5               [16]  185 	push	hl
    000000A9 F8 09            [12]  186 	ldhl	sp,	#9
    000000AB 46               [ 8]  187 	ld	b, (hl)
    000000AC C5               [16]  188 	push	bc
    000000AD CDr00r00         [24]  189 	call	_set_bkg_tiles
    000000B0 E8 06            [16]  190 	add	sp, #6
    000000B2 D1               [12]  191 	pop	de
                                    192 ;src/Graphic.c:49: set_bkg_tiles(x,y-1,1,1,&tile_id_TR);
    000000B3 F8 03            [12]  193 	ldhl	sp,	#3
    000000B5 46               [ 8]  194 	ld	b, (hl)
    000000B6 05               [ 4]  195 	dec	b
    000000B7 21 00 00         [12]  196 	ld	hl, #0
    000000BA 39               [ 8]  197 	add	hl, sp
    000000BB E5               [16]  198 	push	hl
    000000BC 21 01 01         [12]  199 	ld	hl, #0x101
    000000BF E5               [16]  200 	push	hl
    000000C0 C5               [16]  201 	push	bc
    000000C1 33               [ 8]  202 	inc	sp
    000000C2 7B               [ 4]  203 	ld	a, e
    000000C3 F5               [16]  204 	push	af
    000000C4 33               [ 8]  205 	inc	sp
    000000C5 CDr00r00         [24]  206 	call	_set_bkg_tiles
    000000C8 E8 06            [16]  207 	add	sp, #6
                                    208 ;src/Graphic.c:50: set_bkg_tiles(x-1,y-1,1,1,&tile_id_TL);
    000000CA 21 02 00         [12]  209 	ld	hl, #2
    000000CD 39               [ 8]  210 	add	hl, sp
    000000CE E5               [16]  211 	push	hl
    000000CF 21 01 01         [12]  212 	ld	hl, #0x101
    000000D2 E5               [16]  213 	push	hl
    000000D3 C5               [16]  214 	push	bc
    000000D4 33               [ 8]  215 	inc	sp
    000000D5 79               [ 4]  216 	ld	a, c
    000000D6 F5               [16]  217 	push	af
    000000D7 33               [ 8]  218 	inc	sp
    000000D8 CDr00r00         [24]  219 	call	_set_bkg_tiles
                                    220 ;src/Graphic.c:51: }
    000000DB E8 0B            [16]  221 	add	sp, #11
    000000DD C9               [16]  222 	ret
                                    223 ;src/Graphic.c:53: void change_all_block_tiles(uint8_t tile_id_BR){
                                    224 ;	---------------------------------
                                    225 ; Function change_all_block_tiles
                                    226 ; ---------------------------------
    000000DE                        227 _change_all_block_tiles::
    000000DE 3B               [ 8]  228 	dec	sp
    000000DF F8 00            [12]  229 	ldhl	sp,	#0
    000000E1 77               [ 8]  230 	ld	(hl), a
                                    231 ;src/Graphic.c:56: for(uint16_t i = 0; i < NUMBER_OF_TILES_IN_GRID; i++){
    000000E2 01 00 00         [12]  232 	ld	bc, #0x0000
    000000E5                        233 00111$:
    000000E5 59               [ 4]  234 	ld	e, c
    000000E6 50               [ 4]  235 	ld	d, b
    000000E7 7B               [ 4]  236 	ld	a, e
    000000E8 D6 2C            [ 8]  237 	sub	a, #0x2c
    000000EA 7A               [ 4]  238 	ld	a, d
    000000EB DE 01            [ 8]  239 	sbc	a, #0x01
    000000ED 30 55            [12]  240 	jr	NC, 00113$
                                    241 ;src/Graphic.c:57: block_type = global_colision_map[i];
    000000EF 21r00r00         [12]  242 	ld	hl, #_global_colision_map
    000000F2 09               [ 8]  243 	add	hl, bc
    000000F3 6E               [ 8]  244 	ld	l, (hl)
                                    245 ;src/Graphic.c:59: if(i >= 21 && block_type >= RIGHT && block_type < RIGHT + NUMBER_OF_BLOCKS){
    000000F4 7B               [ 4]  246 	ld	a, e
    000000F5 D6 15            [ 8]  247 	sub	a, #0x15
    000000F7 7A               [ 4]  248 	ld	a, d
    000000F8 DE 00            [ 8]  249 	sbc	a, #0x00
    000000FA 38 45            [12]  250 	jr	C, 00112$
    000000FC 7D               [ 4]  251 	ld	a,l
    000000FD FE 06            [ 8]  252 	cp	a,#0x06
    000000FF 38 40            [12]  253 	jr	C, 00112$
    00000101 D6 0C            [ 8]  254 	sub	a, #0x0c
    00000103 30 3C            [12]  255 	jr	NC, 00112$
                                    256 ;src/Graphic.c:60: if(global_colision_map[i-1] == BLOCK &&
    00000105 6B               [ 4]  257 	ld	l, e
    00000106 62               [ 4]  258 	ld	h, d
    00000107 2B               [ 8]  259 	dec	hl
    00000108 D5               [16]  260 	push	de
    00000109 11r00r00         [12]  261 	ld	de, #_global_colision_map
    0000010C 19               [ 8]  262 	add	hl, de
    0000010D D1               [12]  263 	pop	de
    0000010E 7E               [ 8]  264 	ld	a, (hl)
    0000010F D6 05            [ 8]  265 	sub	a, #0x05
    00000111 20 2E            [12]  266 	jr	NZ, 00112$
                                    267 ;src/Graphic.c:61: global_colision_map[i-20] == BLOCK &&
    00000113 7B               [ 4]  268 	ld	a, e
    00000114 C6 EC            [ 8]  269 	add	a, #0xec
    00000116 6F               [ 4]  270 	ld	l, a
    00000117 7A               [ 4]  271 	ld	a, d
    00000118 CE FF            [ 8]  272 	adc	a, #0xff
    0000011A 67               [ 4]  273 	ld	h, a
    0000011B D5               [16]  274 	push	de
    0000011C 11r00r00         [12]  275 	ld	de, #_global_colision_map
    0000011F 19               [ 8]  276 	add	hl, de
    00000120 D1               [12]  277 	pop	de
    00000121 7E               [ 8]  278 	ld	a, (hl)
    00000122 D6 05            [ 8]  279 	sub	a, #0x05
    00000124 20 1B            [12]  280 	jr	NZ, 00112$
                                    281 ;src/Graphic.c:62: global_colision_map[i-21] == BLOCK){
    00000126 7B               [ 4]  282 	ld	a, e
    00000127 C6 EB            [ 8]  283 	add	a, #0xeb
    00000129 5F               [ 4]  284 	ld	e, a
    0000012A 7A               [ 4]  285 	ld	a, d
    0000012B CE FF            [ 8]  286 	adc	a, #0xff
    0000012D 57               [ 4]  287 	ld	d, a
    0000012E 21r00r00         [12]  288 	ld	hl, #_global_colision_map
    00000131 19               [ 8]  289 	add	hl, de
    00000132 7E               [ 8]  290 	ld	a, (hl)
    00000133 D6 05            [ 8]  291 	sub	a, #0x05
    00000135 20 0A            [12]  292 	jr	NZ, 00112$
                                    293 ;src/Graphic.c:63: change_bkg_tile_16x16(i, tile_id_BR);
    00000137 C5               [16]  294 	push	bc
    00000138 F8 02            [12]  295 	ldhl	sp,	#2
    0000013A 7E               [ 8]  296 	ld	a, (hl)
    0000013B 59               [ 4]  297 	ld	e, c
    0000013C 50               [ 4]  298 	ld	d, b
    0000013D CDr62r00         [24]  299 	call	_change_bkg_tile_16x16
    00000140 C1               [12]  300 	pop	bc
    00000141                        301 00112$:
                                    302 ;src/Graphic.c:56: for(uint16_t i = 0; i < NUMBER_OF_TILES_IN_GRID; i++){
    00000141 03               [ 8]  303 	inc	bc
    00000142 18 A1            [12]  304 	jr	00111$
    00000144                        305 00113$:
                                    306 ;src/Graphic.c:67: }
    00000144 33               [ 8]  307 	inc	sp
    00000145 C9               [16]  308 	ret
                                    309 ;src/Graphic.c:69: void restore_all_block_tiles(void){
                                    310 ;	---------------------------------
                                    311 ; Function restore_all_block_tiles
                                    312 ; ---------------------------------
    00000146                        313 _restore_all_block_tiles::
    00000146 3B               [ 8]  314 	dec	sp
                                    315 ;src/Graphic.c:73: for(uint16_t i = 0; i < NUMBER_OF_TILES_IN_GRID; i++){
    00000147 01 00 00         [12]  316 	ld	bc, #0x0000
    0000014A                        317 00111$:
    0000014A 59               [ 4]  318 	ld	e, c
    0000014B 50               [ 4]  319 	ld	d, b
    0000014C 7B               [ 4]  320 	ld	a, e
    0000014D D6 2C            [ 8]  321 	sub	a, #0x2c
    0000014F 7A               [ 4]  322 	ld	a, d
    00000150 DE 01            [ 8]  323 	sbc	a, #0x01
    00000152 30 60            [12]  324 	jr	NC, 00113$
                                    325 ;src/Graphic.c:74: block_type = global_colision_map[i];
    00000154 21r00r00         [12]  326 	ld	hl, #_global_colision_map
    00000157 09               [ 8]  327 	add	hl, bc
    00000158 7E               [ 8]  328 	ld	a, (hl)
    00000159 F8 00            [12]  329 	ldhl	sp,	#0
    0000015B 77               [ 8]  330 	ld	(hl), a
                                    331 ;src/Graphic.c:76: if(i >= 21 && block_type >= RIGHT && block_type < RIGHT + NUMBER_OF_BLOCKS){
    0000015C 7B               [ 4]  332 	ld	a, e
    0000015D D6 15            [ 8]  333 	sub	a, #0x15
    0000015F 7A               [ 4]  334 	ld	a, d
    00000160 DE 00            [ 8]  335 	sbc	a, #0x00
    00000162 38 4D            [12]  336 	jr	C, 00112$
    00000164 F8 00            [12]  337 	ldhl	sp,	#0
    00000166 7E               [ 8]  338 	ld	a,(hl)
    00000167 FE 06            [ 8]  339 	cp	a,#0x06
    00000169 38 46            [12]  340 	jr	C, 00112$
    0000016B D6 0C            [ 8]  341 	sub	a, #0x0c
    0000016D 30 42            [12]  342 	jr	NC, 00112$
                                    343 ;src/Graphic.c:77: if(global_colision_map[i-1] == BLOCK &&
    0000016F 6B               [ 4]  344 	ld	l, e
    00000170 62               [ 4]  345 	ld	h, d
    00000171 2B               [ 8]  346 	dec	hl
    00000172 D5               [16]  347 	push	de
    00000173 11r00r00         [12]  348 	ld	de, #_global_colision_map
    00000176 19               [ 8]  349 	add	hl, de
    00000177 D1               [12]  350 	pop	de
    00000178 7E               [ 8]  351 	ld	a, (hl)
    00000179 D6 05            [ 8]  352 	sub	a, #0x05
    0000017B 20 34            [12]  353 	jr	NZ, 00112$
                                    354 ;src/Graphic.c:78: global_colision_map[i-20] == BLOCK &&
    0000017D 7B               [ 4]  355 	ld	a, e
    0000017E C6 EC            [ 8]  356 	add	a, #0xec
    00000180 6F               [ 4]  357 	ld	l, a
    00000181 7A               [ 4]  358 	ld	a, d
    00000182 CE FF            [ 8]  359 	adc	a, #0xff
    00000184 67               [ 4]  360 	ld	h, a
    00000185 D5               [16]  361 	push	de
    00000186 11r00r00         [12]  362 	ld	de, #_global_colision_map
    00000189 19               [ 8]  363 	add	hl, de
    0000018A D1               [12]  364 	pop	de
    0000018B 7E               [ 8]  365 	ld	a, (hl)
    0000018C D6 05            [ 8]  366 	sub	a, #0x05
    0000018E 20 21            [12]  367 	jr	NZ, 00112$
                                    368 ;src/Graphic.c:79: global_colision_map[i-21] == BLOCK){
    00000190 7B               [ 4]  369 	ld	a, e
    00000191 C6 EB            [ 8]  370 	add	a, #0xeb
    00000193 5F               [ 4]  371 	ld	e, a
    00000194 7A               [ 4]  372 	ld	a, d
    00000195 CE FF            [ 8]  373 	adc	a, #0xff
    00000197 57               [ 4]  374 	ld	d, a
    00000198 21r00r00         [12]  375 	ld	hl, #_global_colision_map
    0000019B 19               [ 8]  376 	add	hl, de
    0000019C 7E               [ 8]  377 	ld	a, (hl)
    0000019D D6 05            [ 8]  378 	sub	a, #0x05
    0000019F 20 10            [12]  379 	jr	NZ, 00112$
                                    380 ;src/Graphic.c:80: tile_id_BR = (block_type - RIGHT) * 4 + UMBRAL_BLOCKS;
    000001A1 F8 00            [12]  381 	ldhl	sp,	#0
    000001A3 7E               [ 8]  382 	ld	a, (hl)
    000001A4 C6 FA            [ 8]  383 	add	a, #0xfa
    000001A6 87               [ 4]  384 	add	a, a
    000001A7 87               [ 4]  385 	add	a, a
    000001A8 C6 47            [ 8]  386 	add	a, #0x47
                                    387 ;src/Graphic.c:81: change_bkg_tile_16x16(i, tile_id_BR);
    000001AA C5               [16]  388 	push	bc
    000001AB 59               [ 4]  389 	ld	e, c
    000001AC 50               [ 4]  390 	ld	d, b
    000001AD CDr62r00         [24]  391 	call	_change_bkg_tile_16x16
    000001B0 C1               [12]  392 	pop	bc
    000001B1                        393 00112$:
                                    394 ;src/Graphic.c:73: for(uint16_t i = 0; i < NUMBER_OF_TILES_IN_GRID; i++){
    000001B1 03               [ 8]  395 	inc	bc
    000001B2 18 96            [12]  396 	jr	00111$
    000001B4                        397 00113$:
                                    398 ;src/Graphic.c:85: }
    000001B4 33               [ 8]  399 	inc	sp
    000001B5 C9               [16]  400 	ret
                                    401 ;src/Graphic.c:89: void change_win_tile_16x16(uint16_t tile_index, uint8_t tile_id_BR){
                                    402 ;	---------------------------------
                                    403 ; Function change_win_tile_16x16
                                    404 ; ---------------------------------
    000001B6                        405 _change_win_tile_16x16::
    000001B6 E8 FB            [16]  406 	add	sp, #-5
    000001B8 F8 04            [12]  407 	ldhl	sp,	#4
                                    408 ;src/Graphic.c:99: tile_id_BR = tile_id_BR + hud_selectorTileOffset;
    000001BA 77               [ 8]  409 	ld	(hl), a
    000001BB C6 60            [ 8]  410 	add	a, #0x60
    000001BD 77               [ 8]  411 	ld	(hl), a
                                    412 ;src/Graphic.c:101: uint8_t y = (tile_index / 20);
    000001BE D5               [16]  413 	push	de
    000001BF 01 14 00         [12]  414 	ld	bc, #0x0014
    000001C2 CDr00r00         [24]  415 	call	__divuint
    000001C5 D1               [12]  416 	pop	de
    000001C6 F8 03            [12]  417 	ldhl	sp,	#3
    000001C8 71               [ 8]  418 	ld	(hl), c
                                    419 ;src/Graphic.c:102: uint8_t x = (tile_index % 20);
    000001C9 01 14 00         [12]  420 	ld	bc, #0x0014
    000001CC CDr00r00         [24]  421 	call	__moduint
    000001CF 59               [ 4]  422 	ld	e, c
                                    423 ;src/Graphic.c:104: uint8_t tile_id_TR = tile_id_BR - 0x01;
    000001D0 F8 04            [12]  424 	ldhl	sp,	#4
    000001D2 4E               [ 8]  425 	ld	c, (hl)
    000001D3 79               [ 4]  426 	ld	a, c
    000001D4 3D               [ 4]  427 	dec	a
    000001D5 F8 00            [12]  428 	ldhl	sp,	#0
                                    429 ;src/Graphic.c:105: uint8_t tile_id_BL = tile_id_BR - 0x02;
    000001D7 22               [ 8]  430 	ld	(hl+), a
    000001D8 79               [ 4]  431 	ld	a, c
    000001D9 C6 FE            [ 8]  432 	add	a, #0xfe
                                    433 ;src/Graphic.c:106: uint8_t tile_id_TL = tile_id_BR - 0x03;
    000001DB 22               [ 8]  434 	ld	(hl+), a
    000001DC 79               [ 4]  435 	ld	a, c
    000001DD C6 FD            [ 8]  436 	add	a, #0xfd
    000001DF 77               [ 8]  437 	ld	(hl), a
                                    438 ;src/Graphic.c:108: set_win_tiles(x,y,1,1,&tile_id_BR);
    000001E0 21 04 00         [12]  439 	ld	hl, #4
    000001E3 39               [ 8]  440 	add	hl, sp
    000001E4 D5               [16]  441 	push	de
    000001E5 E5               [16]  442 	push	hl
    000001E6 21 01 01         [12]  443 	ld	hl, #0x101
    000001E9 E5               [16]  444 	push	hl
    000001EA F8 09            [12]  445 	ldhl	sp,	#9
    000001EC 56               [ 8]  446 	ld	d, (hl)
    000001ED D5               [16]  447 	push	de
    000001EE CDr00r00         [24]  448 	call	_set_win_tiles
    000001F1 E8 06            [16]  449 	add	sp, #6
    000001F3 D1               [12]  450 	pop	de
                                    451 ;src/Graphic.c:109: set_win_tiles(x-1,y,1,1,&tile_id_BL);
    000001F4 4B               [ 4]  452 	ld	c, e
    000001F5 0D               [ 4]  453 	dec	c
    000001F6 D5               [16]  454 	push	de
    000001F7 21 03 00         [12]  455 	ld	hl, #3
    000001FA 39               [ 8]  456 	add	hl, sp
    000001FB E5               [16]  457 	push	hl
    000001FC 21 01 01         [12]  458 	ld	hl, #0x101
    000001FF E5               [16]  459 	push	hl
    00000200 F8 09            [12]  460 	ldhl	sp,	#9
    00000202 46               [ 8]  461 	ld	b, (hl)
    00000203 C5               [16]  462 	push	bc
    00000204 CDr00r00         [24]  463 	call	_set_win_tiles
    00000207 E8 06            [16]  464 	add	sp, #6
    00000209 D1               [12]  465 	pop	de
                                    466 ;src/Graphic.c:110: set_win_tiles(x,y-1,1,1,&tile_id_TR);
    0000020A F8 03            [12]  467 	ldhl	sp,	#3
    0000020C 46               [ 8]  468 	ld	b, (hl)
    0000020D 05               [ 4]  469 	dec	b
    0000020E 21 00 00         [12]  470 	ld	hl, #0
    00000211 39               [ 8]  471 	add	hl, sp
    00000212 E5               [16]  472 	push	hl
    00000213 21 01 01         [12]  473 	ld	hl, #0x101
    00000216 E5               [16]  474 	push	hl
    00000217 C5               [16]  475 	push	bc
    00000218 33               [ 8]  476 	inc	sp
    00000219 7B               [ 4]  477 	ld	a, e
    0000021A F5               [16]  478 	push	af
    0000021B 33               [ 8]  479 	inc	sp
    0000021C CDr00r00         [24]  480 	call	_set_win_tiles
    0000021F E8 06            [16]  481 	add	sp, #6
                                    482 ;src/Graphic.c:111: set_win_tiles(x-1,y-1,1,1,&tile_id_TL);
    00000221 21 02 00         [12]  483 	ld	hl, #2
    00000224 39               [ 8]  484 	add	hl, sp
    00000225 E5               [16]  485 	push	hl
    00000226 21 01 01         [12]  486 	ld	hl, #0x101
    00000229 E5               [16]  487 	push	hl
    0000022A C5               [16]  488 	push	bc
    0000022B 33               [ 8]  489 	inc	sp
    0000022C 79               [ 4]  490 	ld	a, c
    0000022D F5               [16]  491 	push	af
    0000022E 33               [ 8]  492 	inc	sp
    0000022F CDr00r00         [24]  493 	call	_set_win_tiles
                                    494 ;src/Graphic.c:112: }
    00000232 E8 0B            [16]  495 	add	sp, #11
    00000234 C9               [16]  496 	ret
                                    497 ;src/Graphic.c:114: void move_sprite_block_pointer(uint8_t direction){
                                    498 ;	---------------------------------
                                    499 ; Function move_sprite_block_pointer
                                    500 ; ---------------------------------
    00000235                        501 _move_sprite_block_pointer::
                                    502 ;src/Graphic.c:122: if(direction<6){
    00000235 4F               [ 4]  503 	ld	c, a
    00000236 D6 06            [ 8]  504 	sub	a, #0x06
    00000238 30 19            [12]  505 	jr	NC, 00102$
                                    506 ;src/Graphic.c:123: move_sprite(16, 24 + direction * 16 , 144 - global_hud_selected * 4);
    0000023A FAr00r00         [16]  507 	ld	a, (_global_hud_selected)
    0000023D 87               [ 4]  508 	add	a, a
    0000023E 87               [ 4]  509 	add	a, a
    0000023F 47               [ 4]  510 	ld	b, a
    00000240 3E 90            [ 8]  511 	ld	a, #0x90
    00000242 90               [ 4]  512 	sub	a, b
    00000243 5F               [ 4]  513 	ld	e, a
    00000244 79               [ 4]  514 	ld	a, c
    00000245 CB 37            [ 8]  515 	swap	a
    00000247 E6 F0            [ 8]  516 	and	a, #0xf0
    00000249 C6 18            [ 8]  517 	add	a, #0x18
    0000024B 4F               [ 4]  518 	ld	c, a
                                    519 ;/home/josem/gbdk/include/gb/gb.h:1973: OAM_item_t * itm = &shadow_OAM[nb];
    0000024C 21r40r00         [12]  520 	ld	hl, #(_shadow_OAM + 64)
                                    521 ;/home/josem/gbdk/include/gb/gb.h:1974: itm->y=y, itm->x=x;
    0000024F 7B               [ 4]  522 	ld	a, e
    00000250 22               [ 8]  523 	ld	(hl+), a
    00000251 71               [ 8]  524 	ld	(hl), c
                                    525 ;src/Graphic.c:123: move_sprite(16, 24 + direction * 16 , 144 - global_hud_selected * 4);
    00000252 C9               [16]  526 	ret
    00000253                        527 00102$:
                                    528 ;/home/josem/gbdk/include/gb/gb.h:1973: OAM_item_t * itm = &shadow_OAM[nb];
    00000253 21r40r00         [12]  529 	ld	hl, #(_shadow_OAM + 64)
                                    530 ;/home/josem/gbdk/include/gb/gb.h:1974: itm->y=y, itm->x=x;
    00000256 3E A0            [ 8]  531 	ld	a, #0xa0
    00000258 22               [ 8]  532 	ld	(hl+), a
    00000259 36 00            [12]  533 	ld	(hl), #0x00
                                    534 ;src/Graphic.c:125: move_sprite(16, 0 , 160);
                                    535 ;src/Graphic.c:128: }
    0000025B C9               [16]  536 	ret
                                    537 ;src/Graphic.c:131: void print_counter(void){
                                    538 ;	---------------------------------
                                    539 ; Function print_counter
                                    540 ; ---------------------------------
    0000025C                        541 _print_counter::
                                    542 ;src/Graphic.c:132: uint8_t tile_id = global_selected_block + 115;
    0000025C FAr00r00         [16]  543 	ld	a, (#_global_selected_block)
    0000025F C6 73            [ 8]  544 	add	a, #0x73
                                    545 ;src/Graphic.c:133: set_win_tile_xy(0, 0, tile_id);
    00000261 F5               [16]  546 	push	af
    00000262 33               [ 8]  547 	inc	sp
    00000263 AF               [ 4]  548 	xor	a, a
    00000264 5F               [ 4]  549 	ld	e, a
    00000265 CDr00r00         [24]  550 	call	_set_win_tile_xy
                                    551 ;src/Graphic.c:134: }
    00000268 C9               [16]  552 	ret
                                    553 ;src/Graphic.c:136: void update_values_in_hud(uint8_t position, uint8_t new_value){
                                    554 ;	---------------------------------
                                    555 ; Function update_values_in_hud
                                    556 ; ---------------------------------
    00000269                        557 _update_values_in_hud::
                                    558 ;src/Graphic.c:143: uint8_t x = 0;
                                    559 ;src/Graphic.c:144: uint8_t y = 0;
    00000269 01 00 00         [12]  560 	ld	bc, #0x0
                                    561 ;src/Graphic.c:146: switch (position)
    0000026C FE 06            [ 8]  562 	cp	a, #0x06
    0000026E 38 3B            [12]  563 	jr	C, 00108$
    00000270 FE 0C            [ 8]  564 	cp	a, #0x0c
    00000272 30 37            [12]  565 	jr	NC, 00108$
    00000274 C6 FA            [ 8]  566 	add	a, #0xfa
    00000276 4F               [ 4]  567 	ld	c, a
    00000277 06 00            [ 8]  568 	ld	b, #0x00
    00000279 21r83r02         [12]  569 	ld	hl, #00125$
    0000027C 09               [ 8]  570 	add	hl, bc
    0000027D 09               [ 8]  571 	add	hl, bc
    0000027E 4E               [ 8]  572 	ld	c, (hl)
    0000027F 23               [ 8]  573 	inc	hl
    00000280 66               [ 8]  574 	ld	h, (hl)
    00000281 69               [ 4]  575 	ld	l, c
    00000282 E9               [ 4]  576 	jp	(hl)
    00000283                        577 00125$:
    00000283r8Fr02                  578 	.dw	00101$
    00000285r94r02                  579 	.dw	00102$
    00000287r99r02                  580 	.dw	00103$
    00000289r9Er02                  581 	.dw	00104$
    0000028BrA3r02                  582 	.dw	00105$
    0000028DrA8r02                  583 	.dw	00106$
                                    584 ;src/Graphic.c:148: case RIGHT:
    0000028F                        585 00101$:
                                    586 ;src/Graphic.c:149: x = 2;
                                    587 ;src/Graphic.c:150: y = 2;
    0000028F 01 02 02         [12]  588 	ld	bc, #0x202
                                    589 ;src/Graphic.c:151: break;
    00000292 18 17            [12]  590 	jr	00108$
                                    591 ;src/Graphic.c:152: case LEFT:
    00000294                        592 00102$:
                                    593 ;src/Graphic.c:153: x = 4;
                                    594 ;src/Graphic.c:154: y = 2;
    00000294 01 04 02         [12]  595 	ld	bc, #0x204
                                    596 ;src/Graphic.c:155: break;
    00000297 18 12            [12]  597 	jr	00108$
                                    598 ;src/Graphic.c:156: case UP:
    00000299                        599 00103$:
                                    600 ;src/Graphic.c:157: x = 6;
                                    601 ;src/Graphic.c:158: y = 2;
    00000299 01 06 02         [12]  602 	ld	bc, #0x206
                                    603 ;src/Graphic.c:159: break;
    0000029C 18 0D            [12]  604 	jr	00108$
                                    605 ;src/Graphic.c:160: case DOWN:
    0000029E                        606 00104$:
                                    607 ;src/Graphic.c:161: x = 8;
                                    608 ;src/Graphic.c:162: y = 2;
    0000029E 01 08 02         [12]  609 	ld	bc, #0x208
                                    610 ;src/Graphic.c:163: break;
    000002A1 18 08            [12]  611 	jr	00108$
                                    612 ;src/Graphic.c:164: case CLOCKWISE:
    000002A3                        613 00105$:
                                    614 ;src/Graphic.c:165: x = 10;
                                    615 ;src/Graphic.c:166: y = 2;
    000002A3 01 0A 02         [12]  616 	ld	bc, #0x20a
                                    617 ;src/Graphic.c:167: break;
    000002A6 18 03            [12]  618 	jr	00108$
                                    619 ;src/Graphic.c:168: case COUNTER_CLOCKWISE:
    000002A8                        620 00106$:
                                    621 ;src/Graphic.c:169: x = 12;
                                    622 ;src/Graphic.c:170: y = 2;
    000002A8 01 0C 02         [12]  623 	ld	bc, #0x20c
                                    624 ;src/Graphic.c:175: }
    000002AB                        625 00108$:
                                    626 ;src/Graphic.c:177: set_win_tile_xy(x,y, new_value + hud_selectorTileOffset + 1);
    000002AB 7B               [ 4]  627 	ld	a, e
    000002AC C6 61            [ 8]  628 	add	a, #0x61
    000002AE F5               [16]  629 	push	af
    000002AF 33               [ 8]  630 	inc	sp
    000002B0 58               [ 4]  631 	ld	e, b
    000002B1 79               [ 4]  632 	ld	a, c
    000002B2 CDr00r00         [24]  633 	call	_set_win_tile_xy
                                    634 ;src/Graphic.c:178: }
    000002B5 C9               [16]  635 	ret
                                    636 ;src/Graphic.c:180: void move_win_screen(int8_t pixeles){
                                    637 ;	---------------------------------
                                    638 ; Function move_win_screen
                                    639 ; ---------------------------------
    000002B6                        640 _move_win_screen::
    000002B6 4F               [ 4]  641 	ld	c, a
                                    642 ;src/Graphic.c:182: if(pixeles < 0){
    000002B7 CB 79            [ 8]  643 	bit	7, c
    000002B9 28 1A            [12]  644 	jr	Z, 00118$
                                    645 ;src/Graphic.c:183: pixeles = -pixeles;
    000002BB AF               [ 4]  646 	xor	a, a
    000002BC 91               [ 4]  647 	sub	a, c
    000002BD 4F               [ 4]  648 	ld	c, a
                                    649 ;src/Graphic.c:184: for(uint8_t i = 1;i<=pixeles;i++){
    000002BE 06 01            [ 8]  650 	ld	b, #0x01
    000002C0                        651 00107$:
    000002C0 58               [ 4]  652 	ld	e, b
    000002C1 51               [ 4]  653 	ld	d, c
    000002C2 7A               [ 4]  654 	ld	a, d
    000002C3 93               [ 4]  655 	sub	a, e
    000002C4 D8               [20]  656 	ret	C
                                    657 ;src/Graphic.c:185: WY_REG = WY_REG - 1;
    000002C5 F0r00            [12]  658 	ldh	a, (_WY_REG + 0)
    000002C7 3D               [ 4]  659 	dec	a
    000002C8 E0r00            [12]  660 	ldh	(_WY_REG + 0), a
                                    661 ;src/Graphic.c:186: delay(10);
    000002CA C5               [16]  662 	push	bc
    000002CB 11 0A 00         [12]  663 	ld	de, #0x000a
    000002CE CDr00r00         [24]  664 	call	_delay
    000002D1 C1               [12]  665 	pop	bc
                                    666 ;src/Graphic.c:184: for(uint8_t i = 1;i<=pixeles;i++){
    000002D2 04               [ 4]  667 	inc	b
    000002D3 18 EB            [12]  668 	jr	00107$
                                    669 ;src/Graphic.c:189: for(uint8_t i = 1;i<=pixeles;i++){
    000002D5                        670 00118$:
    000002D5 06 01            [ 8]  671 	ld	b, #0x01
    000002D7                        672 00110$:
    000002D7 58               [ 4]  673 	ld	e, b
    000002D8 51               [ 4]  674 	ld	d, c
    000002D9 7A               [ 4]  675 	ld	a, d
    000002DA 93               [ 4]  676 	sub	a, e
    000002DB D8               [20]  677 	ret	C
                                    678 ;src/Graphic.c:190: WY_REG = WY_REG + 1;
    000002DC F0r00            [12]  679 	ldh	a, (_WY_REG + 0)
    000002DE 3C               [ 4]  680 	inc	a
    000002DF E0r00            [12]  681 	ldh	(_WY_REG + 0), a
                                    682 ;src/Graphic.c:191: delay(10);
    000002E1 C5               [16]  683 	push	bc
    000002E2 11 0A 00         [12]  684 	ld	de, #0x000a
    000002E5 CDr00r00         [24]  685 	call	_delay
    000002E8 C1               [12]  686 	pop	bc
                                    687 ;src/Graphic.c:189: for(uint8_t i = 1;i<=pixeles;i++){
    000002E9 04               [ 4]  688 	inc	b
                                    689 ;src/Graphic.c:194: } 
    000002EA 18 EB            [12]  690 	jr	00110$
                                    691 	.area _CODE
                                    692 	.area _INITIALIZER
                                    693 	.area _CABS (ABS)
