                                      1 ;--------------------------------------------------------
                                      2 ; File Created by SDCC : free open source ISO C Compiler
                                      3 ; Version 4.5.1 #15267 (Linux)
                                      4 ;--------------------------------------------------------
                                      5 	.module hud_tiles
                                      6 	
                                      7 ;--------------------------------------------------------
                                      8 ; Public variables in this module
                                      9 ;--------------------------------------------------------
                                     10 	.globl _hud_tiles
                                     11 ;--------------------------------------------------------
                                     12 ; special function registers
                                     13 ;--------------------------------------------------------
                                     14 ;--------------------------------------------------------
                                     15 ; ram data
                                     16 ;--------------------------------------------------------
                                     17 	.area _DATA
                                     18 ;--------------------------------------------------------
                                     19 ; ram data
                                     20 ;--------------------------------------------------------
                                     21 	.area _INITIALIZED
                                     22 ;--------------------------------------------------------
                                     23 ; absolute external ram data
                                     24 ;--------------------------------------------------------
                                     25 	.area _DABS (ABS)
                                     26 ;--------------------------------------------------------
                                     27 ; global & static initialisations
                                     28 ;--------------------------------------------------------
                                     29 	.area _HOME
                                     30 	.area _GSINIT
                                     31 	.area _GSFINAL
                                     32 	.area _GSINIT
                                     33 ;--------------------------------------------------------
                                     34 ; Home
                                     35 ;--------------------------------------------------------
                                     36 	.area _HOME
                                     37 	.area _HOME
                                     38 ;--------------------------------------------------------
                                     39 ; code
                                     40 ;--------------------------------------------------------
                                     41 	.area _CODE
                                     42 	.area _CODE
    00000000                         43 _hud_tiles:
    00000000 00                      44 	.db #0x00	; 0
    00000001 00                      45 	.db #0x00	; 0
    00000002 00                      46 	.db #0x00	; 0
    00000003 00                      47 	.db #0x00	; 0
    00000004 00                      48 	.db #0x00	; 0
    00000005 00                      49 	.db #0x00	; 0
    00000006 00                      50 	.db #0x00	; 0
    00000007 00                      51 	.db #0x00	; 0
    00000008 00                      52 	.db #0x00	; 0
    00000009 00                      53 	.db #0x00	; 0
    0000000A 00                      54 	.db #0x00	; 0
    0000000B 00                      55 	.db #0x00	; 0
    0000000C 00                      56 	.db #0x00	; 0
    0000000D 00                      57 	.db #0x00	; 0
    0000000E 00                      58 	.db #0x00	; 0
    0000000F 00                      59 	.db #0x00	; 0
    00000010 00                      60 	.db #0x00	; 0
    00000011 00                      61 	.db #0x00	; 0
    00000012 18                      62 	.db #0x18	; 24
    00000013 18                      63 	.db #0x18	; 24
    00000014 24                      64 	.db #0x24	; 36
    00000015 24                      65 	.db #0x24	; 36
    00000016 2C                      66 	.db #0x2c	; 44
    00000017 2C                      67 	.db #0x2c	; 44
    00000018 34                      68 	.db #0x34	; 52	'4'
    00000019 34                      69 	.db #0x34	; 52	'4'
    0000001A 24                      70 	.db #0x24	; 36
    0000001B 24                      71 	.db #0x24	; 36
    0000001C 18                      72 	.db #0x18	; 24
    0000001D 18                      73 	.db #0x18	; 24
    0000001E 00                      74 	.db #0x00	; 0
    0000001F 00                      75 	.db #0x00	; 0
    00000020 00                      76 	.db #0x00	; 0
    00000021 00                      77 	.db #0x00	; 0
    00000022 08                      78 	.db #0x08	; 8
    00000023 08                      79 	.db #0x08	; 8
    00000024 18                      80 	.db #0x18	; 24
    00000025 18                      81 	.db #0x18	; 24
    00000026 08                      82 	.db #0x08	; 8
    00000027 08                      83 	.db #0x08	; 8
    00000028 08                      84 	.db #0x08	; 8
    00000029 08                      85 	.db #0x08	; 8
    0000002A 08                      86 	.db #0x08	; 8
    0000002B 08                      87 	.db #0x08	; 8
    0000002C 1C                      88 	.db #0x1c	; 28
    0000002D 1C                      89 	.db #0x1c	; 28
    0000002E 00                      90 	.db #0x00	; 0
    0000002F 00                      91 	.db #0x00	; 0
    00000030 00                      92 	.db #0x00	; 0
    00000031 00                      93 	.db #0x00	; 0
    00000032 3C                      94 	.db #0x3c	; 60
    00000033 3C                      95 	.db #0x3c	; 60
    00000034 24                      96 	.db #0x24	; 36
    00000035 24                      97 	.db #0x24	; 36
    00000036 04                      98 	.db #0x04	; 4
    00000037 04                      99 	.db #0x04	; 4
    00000038 08                     100 	.db #0x08	; 8
    00000039 08                     101 	.db #0x08	; 8
    0000003A 10                     102 	.db #0x10	; 16
    0000003B 10                     103 	.db #0x10	; 16
    0000003C 3C                     104 	.db #0x3c	; 60
    0000003D 3C                     105 	.db #0x3c	; 60
    0000003E 00                     106 	.db #0x00	; 0
    0000003F 00                     107 	.db #0x00	; 0
    00000040 00                     108 	.db #0x00	; 0
    00000041 00                     109 	.db #0x00	; 0
    00000042 3C                     110 	.db #0x3c	; 60
    00000043 3C                     111 	.db #0x3c	; 60
    00000044 04                     112 	.db #0x04	; 4
    00000045 04                     113 	.db #0x04	; 4
    00000046 08                     114 	.db #0x08	; 8
    00000047 08                     115 	.db #0x08	; 8
    00000048 1C                     116 	.db #0x1c	; 28
    00000049 1C                     117 	.db #0x1c	; 28
    0000004A 04                     118 	.db #0x04	; 4
    0000004B 04                     119 	.db #0x04	; 4
    0000004C 3C                     120 	.db #0x3c	; 60
    0000004D 3C                     121 	.db #0x3c	; 60
    0000004E 00                     122 	.db #0x00	; 0
    0000004F 00                     123 	.db #0x00	; 0
    00000050 00                     124 	.db #0x00	; 0
    00000051 00                     125 	.db #0x00	; 0
    00000052 0C                     126 	.db #0x0c	; 12
    00000053 0C                     127 	.db #0x0c	; 12
    00000054 14                     128 	.db #0x14	; 20
    00000055 14                     129 	.db #0x14	; 20
    00000056 24                     130 	.db #0x24	; 36
    00000057 24                     131 	.db #0x24	; 36
    00000058 3C                     132 	.db #0x3c	; 60
    00000059 3C                     133 	.db #0x3c	; 60
    0000005A 04                     134 	.db #0x04	; 4
    0000005B 04                     135 	.db #0x04	; 4
    0000005C 04                     136 	.db #0x04	; 4
    0000005D 04                     137 	.db #0x04	; 4
    0000005E 00                     138 	.db #0x00	; 0
    0000005F 00                     139 	.db #0x00	; 0
    00000060 00                     140 	.db #0x00	; 0
    00000061 00                     141 	.db #0x00	; 0
    00000062 3C                     142 	.db #0x3c	; 60
    00000063 3C                     143 	.db #0x3c	; 60
    00000064 20                     144 	.db #0x20	; 32
    00000065 20                     145 	.db #0x20	; 32
    00000066 38                     146 	.db #0x38	; 56	'8'
    00000067 38                     147 	.db #0x38	; 56	'8'
    00000068 04                     148 	.db #0x04	; 4
    00000069 04                     149 	.db #0x04	; 4
    0000006A 04                     150 	.db #0x04	; 4
    0000006B 04                     151 	.db #0x04	; 4
    0000006C 38                     152 	.db #0x38	; 56	'8'
    0000006D 38                     153 	.db #0x38	; 56	'8'
    0000006E 00                     154 	.db #0x00	; 0
    0000006F 00                     155 	.db #0x00	; 0
    00000070 00                     156 	.db #0x00	; 0
    00000071 00                     157 	.db #0x00	; 0
    00000072 18                     158 	.db #0x18	; 24
    00000073 18                     159 	.db #0x18	; 24
    00000074 20                     160 	.db #0x20	; 32
    00000075 20                     161 	.db #0x20	; 32
    00000076 38                     162 	.db #0x38	; 56	'8'
    00000077 38                     163 	.db #0x38	; 56	'8'
    00000078 24                     164 	.db #0x24	; 36
    00000079 24                     165 	.db #0x24	; 36
    0000007A 24                     166 	.db #0x24	; 36
    0000007B 24                     167 	.db #0x24	; 36
    0000007C 18                     168 	.db #0x18	; 24
    0000007D 18                     169 	.db #0x18	; 24
    0000007E 00                     170 	.db #0x00	; 0
    0000007F 00                     171 	.db #0x00	; 0
    00000080 00                     172 	.db #0x00	; 0
    00000081 00                     173 	.db #0x00	; 0
    00000082 3C                     174 	.db #0x3c	; 60
    00000083 3C                     175 	.db #0x3c	; 60
    00000084 04                     176 	.db #0x04	; 4
    00000085 04                     177 	.db #0x04	; 4
    00000086 3C                     178 	.db #0x3c	; 60
    00000087 3C                     179 	.db #0x3c	; 60
    00000088 08                     180 	.db #0x08	; 8
    00000089 08                     181 	.db #0x08	; 8
    0000008A 10                     182 	.db #0x10	; 16
    0000008B 10                     183 	.db #0x10	; 16
    0000008C 20                     184 	.db #0x20	; 32
    0000008D 20                     185 	.db #0x20	; 32
    0000008E 00                     186 	.db #0x00	; 0
    0000008F 00                     187 	.db #0x00	; 0
    00000090 00                     188 	.db #0x00	; 0
    00000091 00                     189 	.db #0x00	; 0
    00000092 18                     190 	.db #0x18	; 24
    00000093 18                     191 	.db #0x18	; 24
    00000094 24                     192 	.db #0x24	; 36
    00000095 24                     193 	.db #0x24	; 36
    00000096 18                     194 	.db #0x18	; 24
    00000097 18                     195 	.db #0x18	; 24
    00000098 24                     196 	.db #0x24	; 36
    00000099 24                     197 	.db #0x24	; 36
    0000009A 24                     198 	.db #0x24	; 36
    0000009B 24                     199 	.db #0x24	; 36
    0000009C 18                     200 	.db #0x18	; 24
    0000009D 18                     201 	.db #0x18	; 24
    0000009E 00                     202 	.db #0x00	; 0
    0000009F 00                     203 	.db #0x00	; 0
    000000A0 00                     204 	.db #0x00	; 0
    000000A1 00                     205 	.db #0x00	; 0
    000000A2 18                     206 	.db #0x18	; 24
    000000A3 18                     207 	.db #0x18	; 24
    000000A4 24                     208 	.db #0x24	; 36
    000000A5 24                     209 	.db #0x24	; 36
    000000A6 24                     210 	.db #0x24	; 36
    000000A7 24                     211 	.db #0x24	; 36
    000000A8 1C                     212 	.db #0x1c	; 28
    000000A9 1C                     213 	.db #0x1c	; 28
    000000AA 04                     214 	.db #0x04	; 4
    000000AB 04                     215 	.db #0x04	; 4
    000000AC 18                     216 	.db #0x18	; 24
    000000AD 18                     217 	.db #0x18	; 24
    000000AE 00                     218 	.db #0x00	; 0
    000000AF 00                     219 	.db #0x00	; 0
    000000B0 00                     220 	.db #0x00	; 0
    000000B1 00                     221 	.db #0x00	; 0
    000000B2 08                     222 	.db #0x08	; 8
    000000B3 08                     223 	.db #0x08	; 8
    000000B4 0C                     224 	.db #0x0c	; 12
    000000B5 0C                     225 	.db #0x0c	; 12
    000000B6 7E                     226 	.db #0x7e	; 126
    000000B7 7E                     227 	.db #0x7e	; 126
    000000B8 7E                     228 	.db #0x7e	; 126
    000000B9 7E                     229 	.db #0x7e	; 126
    000000BA 0C                     230 	.db #0x0c	; 12
    000000BB 0C                     231 	.db #0x0c	; 12
    000000BC 08                     232 	.db #0x08	; 8
    000000BD 08                     233 	.db #0x08	; 8
    000000BE 00                     234 	.db #0x00	; 0
    000000BF 00                     235 	.db #0x00	; 0
    000000C0 00                     236 	.db #0x00	; 0
    000000C1 00                     237 	.db #0x00	; 0
    000000C2 10                     238 	.db #0x10	; 16
    000000C3 10                     239 	.db #0x10	; 16
    000000C4 30                     240 	.db #0x30	; 48	'0'
    000000C5 30                     241 	.db #0x30	; 48	'0'
    000000C6 7E                     242 	.db #0x7e	; 126
    000000C7 7E                     243 	.db #0x7e	; 126
    000000C8 7E                     244 	.db #0x7e	; 126
    000000C9 7E                     245 	.db #0x7e	; 126
    000000CA 30                     246 	.db #0x30	; 48	'0'
    000000CB 30                     247 	.db #0x30	; 48	'0'
    000000CC 10                     248 	.db #0x10	; 16
    000000CD 10                     249 	.db #0x10	; 16
    000000CE 00                     250 	.db #0x00	; 0
    000000CF 00                     251 	.db #0x00	; 0
    000000D0 00                     252 	.db #0x00	; 0
    000000D1 00                     253 	.db #0x00	; 0
    000000D2 18                     254 	.db #0x18	; 24
    000000D3 18                     255 	.db #0x18	; 24
    000000D4 3C                     256 	.db #0x3c	; 60
    000000D5 3C                     257 	.db #0x3c	; 60
    000000D6 7E                     258 	.db #0x7e	; 126
    000000D7 7E                     259 	.db #0x7e	; 126
    000000D8 18                     260 	.db #0x18	; 24
    000000D9 18                     261 	.db #0x18	; 24
    000000DA 18                     262 	.db #0x18	; 24
    000000DB 18                     263 	.db #0x18	; 24
    000000DC 18                     264 	.db #0x18	; 24
    000000DD 18                     265 	.db #0x18	; 24
    000000DE 00                     266 	.db #0x00	; 0
    000000DF 00                     267 	.db #0x00	; 0
    000000E0 00                     268 	.db #0x00	; 0
    000000E1 00                     269 	.db #0x00	; 0
    000000E2 18                     270 	.db #0x18	; 24
    000000E3 18                     271 	.db #0x18	; 24
    000000E4 18                     272 	.db #0x18	; 24
    000000E5 18                     273 	.db #0x18	; 24
    000000E6 18                     274 	.db #0x18	; 24
    000000E7 18                     275 	.db #0x18	; 24
    000000E8 7E                     276 	.db #0x7e	; 126
    000000E9 7E                     277 	.db #0x7e	; 126
    000000EA 3C                     278 	.db #0x3c	; 60
    000000EB 3C                     279 	.db #0x3c	; 60
    000000EC 18                     280 	.db #0x18	; 24
    000000ED 18                     281 	.db #0x18	; 24
    000000EE 00                     282 	.db #0x00	; 0
    000000EF 00                     283 	.db #0x00	; 0
    000000F0 00                     284 	.db #0x00	; 0
    000000F1 00                     285 	.db #0x00	; 0
    000000F2 1C                     286 	.db #0x1c	; 28
    000000F3 1C                     287 	.db #0x1c	; 28
    000000F4 26                     288 	.db #0x26	; 38
    000000F5 26                     289 	.db #0x26	; 38
    000000F6 02                     290 	.db #0x02	; 2
    000000F7 02                     291 	.db #0x02	; 2
    000000F8 72                     292 	.db #0x72	; 114	'r'
    000000F9 72                     293 	.db #0x72	; 114	'r'
    000000FA 66                     294 	.db #0x66	; 102	'f'
    000000FB 66                     295 	.db #0x66	; 102	'f'
    000000FC 5C                     296 	.db #0x5c	; 92
    000000FD 5C                     297 	.db #0x5c	; 92
    000000FE 00                     298 	.db #0x00	; 0
    000000FF 00                     299 	.db #0x00	; 0
    00000100 00                     300 	.db #0x00	; 0
    00000101 00                     301 	.db #0x00	; 0
    00000102 38                     302 	.db #0x38	; 56	'8'
    00000103 38                     303 	.db #0x38	; 56	'8'
    00000104 64                     304 	.db #0x64	; 100	'd'
    00000105 64                     305 	.db #0x64	; 100	'd'
    00000106 40                     306 	.db #0x40	; 64
    00000107 40                     307 	.db #0x40	; 64
    00000108 4E                     308 	.db #0x4e	; 78	'N'
    00000109 4E                     309 	.db #0x4e	; 78	'N'
    0000010A 66                     310 	.db #0x66	; 102	'f'
    0000010B 66                     311 	.db #0x66	; 102	'f'
    0000010C 3A                     312 	.db #0x3a	; 58
    0000010D 3A                     313 	.db #0x3a	; 58
    0000010E 00                     314 	.db #0x00	; 0
    0000010F 00                     315 	.db #0x00	; 0
    00000110 00                     316 	.db #0x00	; 0
    00000111 00                     317 	.db #0x00	; 0
    00000112 04                     318 	.db #0x04	; 4
    00000113 04                     319 	.db #0x04	; 4
    00000114 3E                     320 	.db #0x3e	; 62
    00000115 3E                     321 	.db #0x3e	; 62
    00000116 24                     322 	.db #0x24	; 36
    00000117 24                     323 	.db #0x24	; 36
    00000118 20                     324 	.db #0x20	; 32
    00000119 20                     325 	.db #0x20	; 32
    0000011A 70                     326 	.db #0x70	; 112	'p'
    0000011B 70                     327 	.db #0x70	; 112	'p'
    0000011C 20                     328 	.db #0x20	; 32
    0000011D 20                     329 	.db #0x20	; 32
    0000011E 00                     330 	.db #0x00	; 0
    0000011F 00                     331 	.db #0x00	; 0
    00000120 00                     332 	.db #0x00	; 0
    00000121 00                     333 	.db #0x00	; 0
    00000122 20                     334 	.db #0x20	; 32
    00000123 20                     335 	.db #0x20	; 32
    00000124 7C                     336 	.db #0x7c	; 124
    00000125 7C                     337 	.db #0x7c	; 124
    00000126 24                     338 	.db #0x24	; 36
    00000127 24                     339 	.db #0x24	; 36
    00000128 04                     340 	.db #0x04	; 4
    00000129 04                     341 	.db #0x04	; 4
    0000012A 0E                     342 	.db #0x0e	; 14
    0000012B 0E                     343 	.db #0x0e	; 14
    0000012C 04                     344 	.db #0x04	; 4
    0000012D 04                     345 	.db #0x04	; 4
    0000012E 00                     346 	.db #0x00	; 0
    0000012F 00                     347 	.db #0x00	; 0
    00000130 00                     348 	.db #0x00	; 0
    00000131 00                     349 	.db #0x00	; 0
    00000132 18                     350 	.db #0x18	; 24
    00000133 18                     351 	.db #0x18	; 24
    00000134 24                     352 	.db #0x24	; 36
    00000135 24                     353 	.db #0x24	; 36
    00000136 18                     354 	.db #0x18	; 24
    00000137 18                     355 	.db #0x18	; 24
    00000138 10                     356 	.db #0x10	; 16
    00000139 10                     357 	.db #0x10	; 16
    0000013A 18                     358 	.db #0x18	; 24
    0000013B 18                     359 	.db #0x18	; 24
    0000013C 10                     360 	.db #0x10	; 16
    0000013D 10                     361 	.db #0x10	; 16
    0000013E 00                     362 	.db #0x00	; 0
    0000013F 00                     363 	.db #0x00	; 0
    00000140 00                     364 	.db #0x00	; 0
    00000141 00                     365 	.db #0x00	; 0
    00000142 18                     366 	.db #0x18	; 24
    00000143 18                     367 	.db #0x18	; 24
    00000144 18                     368 	.db #0x18	; 24
    00000145 18                     369 	.db #0x18	; 24
    00000146 00                     370 	.db #0x00	; 0
    00000147 00                     371 	.db #0x00	; 0
    00000148 00                     372 	.db #0x00	; 0
    00000149 00                     373 	.db #0x00	; 0
    0000014A 18                     374 	.db #0x18	; 24
    0000014B 18                     375 	.db #0x18	; 24
    0000014C 18                     376 	.db #0x18	; 24
    0000014D 18                     377 	.db #0x18	; 24
    0000014E 00                     378 	.db #0x00	; 0
    0000014F 00                     379 	.db #0x00	; 0
    00000150 FF                     380 	.db #0xff	; 255
    00000151 00                     381 	.db #0x00	; 0
    00000152 C0                     382 	.db #0xc0	; 192
    00000153 3F                     383 	.db #0x3f	; 63
    00000154 BF                     384 	.db #0xbf	; 191
    00000155 7F                     385 	.db #0x7f	; 127
    00000156 A0                     386 	.db #0xa0	; 160
    00000157 7F                     387 	.db #0x7f	; 127
    00000158 A7                     388 	.db #0xa7	; 167
    00000159 78                     389 	.db #0x78	; 120	'x'
    0000015A AC                     390 	.db #0xac	; 172
    0000015B 70                     391 	.db #0x70	; 112	'p'
    0000015C A8                     392 	.db #0xa8	; 168
    0000015D 70                     393 	.db #0x70	; 112	'p'
    0000015E A8                     394 	.db #0xa8	; 168
    0000015F 70                     395 	.db #0x70	; 112	'p'
    00000160 FF                     396 	.db #0xff	; 255
    00000161 00                     397 	.db #0x00	; 0
    00000162 03                     398 	.db #0x03	; 3
    00000163 FC                     399 	.db #0xfc	; 252
    00000164 FD                     400 	.db #0xfd	; 253
    00000165 FE                     401 	.db #0xfe	; 254
    00000166 05                     402 	.db #0x05	; 5
    00000167 FE                     403 	.db #0xfe	; 254
    00000168 E5                     404 	.db #0xe5	; 229
    00000169 1E                     405 	.db #0x1e	; 30
    0000016A 35                     406 	.db #0x35	; 53	'5'
    0000016B 0E                     407 	.db #0x0e	; 14
    0000016C 15                     408 	.db #0x15	; 21
    0000016D 0E                     409 	.db #0x0e	; 14
    0000016E 15                     410 	.db #0x15	; 21
    0000016F 0E                     411 	.db #0x0e	; 14
    00000170 FF                     412 	.db #0xff	; 255
    00000171 00                     413 	.db #0x00	; 0
    00000172 00                     414 	.db #0x00	; 0
    00000173 FF                     415 	.db #0xff	; 255
    00000174 FF                     416 	.db #0xff	; 255
    00000175 FF                     417 	.db #0xff	; 255
    00000176 00                     418 	.db #0x00	; 0
    00000177 FF                     419 	.db #0xff	; 255
    00000178 FF                     420 	.db #0xff	; 255
    00000179 00                     421 	.db #0x00	; 0
    0000017A 00                     422 	.db #0x00	; 0
    0000017B 00                     423 	.db #0x00	; 0
    0000017C 00                     424 	.db #0x00	; 0
    0000017D 00                     425 	.db #0x00	; 0
    0000017E 00                     426 	.db #0x00	; 0
    0000017F 00                     427 	.db #0x00	; 0
    00000180 15                     428 	.db #0x15	; 21
    00000181 0E                     429 	.db #0x0e	; 14
    00000182 15                     430 	.db #0x15	; 21
    00000183 0E                     431 	.db #0x0e	; 14
    00000184 15                     432 	.db #0x15	; 21
    00000185 0E                     433 	.db #0x0e	; 14
    00000186 15                     434 	.db #0x15	; 21
    00000187 0E                     435 	.db #0x0e	; 14
    00000188 15                     436 	.db #0x15	; 21
    00000189 0E                     437 	.db #0x0e	; 14
    0000018A 15                     438 	.db #0x15	; 21
    0000018B 0E                     439 	.db #0x0e	; 14
    0000018C 15                     440 	.db #0x15	; 21
    0000018D 0E                     441 	.db #0x0e	; 14
    0000018E 15                     442 	.db #0x15	; 21
    0000018F 0E                     443 	.db #0x0e	; 14
    00000190 A8                     444 	.db #0xa8	; 168
    00000191 70                     445 	.db #0x70	; 112	'p'
    00000192 A8                     446 	.db #0xa8	; 168
    00000193 70                     447 	.db #0x70	; 112	'p'
    00000194 A8                     448 	.db #0xa8	; 168
    00000195 70                     449 	.db #0x70	; 112	'p'
    00000196 A8                     450 	.db #0xa8	; 168
    00000197 70                     451 	.db #0x70	; 112	'p'
    00000198 A8                     452 	.db #0xa8	; 168
    00000199 70                     453 	.db #0x70	; 112	'p'
    0000019A A8                     454 	.db #0xa8	; 168
    0000019B 70                     455 	.db #0x70	; 112	'p'
    0000019C A8                     456 	.db #0xa8	; 168
    0000019D 70                     457 	.db #0x70	; 112	'p'
    0000019E A8                     458 	.db #0xa8	; 168
    0000019F 70                     459 	.db #0x70	; 112	'p'
    000001A0 A8                     460 	.db #0xa8	; 168
    000001A1 70                     461 	.db #0x70	; 112	'p'
    000001A2 4E                     462 	.db #0x4e	; 78	'N'
    000001A3 F0                     463 	.db #0xf0	; 240
    000001A4 53                     464 	.db #0x53	; 83	'S'
    000001A5 EC                     465 	.db #0xec	; 236
    000001A6 BD                     466 	.db #0xbd	; 189
    000001A7 DE                     467 	.db #0xde	; 222
    000001A8 BD                     468 	.db #0xbd	; 189
    000001A9 DE                     469 	.db #0xde	; 222
    000001AA BD                     470 	.db #0xbd	; 189
    000001AB DE                     471 	.db #0xde	; 222
    000001AC 53                     472 	.db #0x53	; 83	'S'
    000001AD EC                     473 	.db #0xec	; 236
    000001AE 4E                     474 	.db #0x4e	; 78	'N'
    000001AF F0                     475 	.db #0xf0	; 240
    000001B0 A8                     476 	.db #0xa8	; 168
    000001B1 70                     477 	.db #0x70	; 112	'p'
    000001B2 4E                     478 	.db #0x4e	; 78	'N'
    000001B3 F0                     479 	.db #0xf0	; 240
    000001B4 53                     480 	.db #0x53	; 83	'S'
    000001B5 EC                     481 	.db #0xec	; 236
    000001B6 A1                     482 	.db #0xa1	; 161
    000001B7 C2                     483 	.db #0xc2	; 194
    000001B8 A1                     484 	.db #0xa1	; 161
    000001B9 C2                     485 	.db #0xc2	; 194
    000001BA A1                     486 	.db #0xa1	; 161
    000001BB C2                     487 	.db #0xc2	; 194
    000001BC 53                     488 	.db #0x53	; 83	'S'
    000001BD EC                     489 	.db #0xec	; 236
    000001BE 4E                     490 	.db #0x4e	; 78	'N'
    000001BF F0                     491 	.db #0xf0	; 240
    000001C0 00                     492 	.db #0x00	; 0
    000001C1 00                     493 	.db #0x00	; 0
    000001C2 00                     494 	.db #0x00	; 0
    000001C3 00                     495 	.db #0x00	; 0
    000001C4 00                     496 	.db #0x00	; 0
    000001C5 1F                     497 	.db #0x1f	; 31
    000001C6 3F                     498 	.db #0x3f	; 63
    000001C7 20                     499 	.db #0x20	; 32
    000001C8 3F                     500 	.db #0x3f	; 63
    000001C9 21                     501 	.db #0x21	; 33
    000001CA 30                     502 	.db #0x30	; 48	'0'
    000001CB 2F                     503 	.db #0x2f	; 47
    000001CC 3F                     504 	.db #0x3f	; 63
    000001CD 27                     505 	.db #0x27	; 39
    000001CE 3D                     506 	.db #0x3d	; 61
    000001CF 27                     507 	.db #0x27	; 39
    000001D0 3D                     508 	.db #0x3d	; 61
    000001D1 27                     509 	.db #0x27	; 39
    000001D2 3D                     510 	.db #0x3d	; 61
    000001D3 27                     511 	.db #0x27	; 39
    000001D4 3D                     512 	.db #0x3d	; 61
    000001D5 27                     513 	.db #0x27	; 39
    000001D6 3D                     514 	.db #0x3d	; 61
    000001D7 27                     515 	.db #0x27	; 39
    000001D8 3F                     516 	.db #0x3f	; 63
    000001D9 20                     517 	.db #0x20	; 32
    000001DA 1F                     518 	.db #0x1f	; 31
    000001DB 1F                     519 	.db #0x1f	; 31
    000001DC 00                     520 	.db #0x00	; 0
    000001DD 00                     521 	.db #0x00	; 0
    000001DE 00                     522 	.db #0x00	; 0
    000001DF 00                     523 	.db #0x00	; 0
    000001E0 00                     524 	.db #0x00	; 0
    000001E1 00                     525 	.db #0x00	; 0
    000001E2 00                     526 	.db #0x00	; 0
    000001E3 00                     527 	.db #0x00	; 0
    000001E4 00                     528 	.db #0x00	; 0
    000001E5 F8                     529 	.db #0xf8	; 248
    000001E6 F8                     530 	.db #0xf8	; 248
    000001E7 04                     531 	.db #0x04	; 4
    000001E8 7C                     532 	.db #0x7c	; 124
    000001E9 84                     533 	.db #0x84	; 132
    000001EA 08                     534 	.db #0x08	; 8
    000001EB F4                     535 	.db #0xf4	; 244
    000001EC F8                     536 	.db #0xf8	; 248
    000001ED E4                     537 	.db #0xe4	; 228
    000001EE 58                     538 	.db #0x58	; 88	'X'
    000001EF E4                     539 	.db #0xe4	; 228
    000001F0 58                     540 	.db #0x58	; 88	'X'
    000001F1 E4                     541 	.db #0xe4	; 228
    000001F2 58                     542 	.db #0x58	; 88	'X'
    000001F3 E4                     543 	.db #0xe4	; 228
    000001F4 58                     544 	.db #0x58	; 88	'X'
    000001F5 E4                     545 	.db #0xe4	; 228
    000001F6 58                     546 	.db #0x58	; 88	'X'
    000001F7 E4                     547 	.db #0xe4	; 228
    000001F8 F8                     548 	.db #0xf8	; 248
    000001F9 04                     549 	.db #0x04	; 4
    000001FA F8                     550 	.db #0xf8	; 248
    000001FB F8                     551 	.db #0xf8	; 248
    000001FC 00                     552 	.db #0x00	; 0
    000001FD 00                     553 	.db #0x00	; 0
    000001FE 00                     554 	.db #0x00	; 0
    000001FF 00                     555 	.db #0x00	; 0
    00000200 00                     556 	.db #0x00	; 0
    00000201 00                     557 	.db #0x00	; 0
    00000202 00                     558 	.db #0x00	; 0
    00000203 00                     559 	.db #0x00	; 0
    00000204 1F                     560 	.db #0x1f	; 31
    00000205 1F                     561 	.db #0x1f	; 31
    00000206 20                     562 	.db #0x20	; 32
    00000207 1F                     563 	.db #0x1f	; 31
    00000208 21                     564 	.db #0x21	; 33
    00000209 1E                     565 	.db #0x1e	; 30
    0000020A 2F                     566 	.db #0x2f	; 47
    0000020B 1F                     567 	.db #0x1f	; 31
    0000020C 27                     568 	.db #0x27	; 39
    0000020D 18                     569 	.db #0x18	; 24
    0000020E 27                     570 	.db #0x27	; 39
    0000020F 1A                     571 	.db #0x1a	; 26
    00000210 27                     572 	.db #0x27	; 39
    00000211 1A                     573 	.db #0x1a	; 26
    00000212 27                     574 	.db #0x27	; 39
    00000213 1A                     575 	.db #0x1a	; 26
    00000214 27                     576 	.db #0x27	; 39
    00000215 1A                     577 	.db #0x1a	; 26
    00000216 27                     578 	.db #0x27	; 39
    00000217 1A                     579 	.db #0x1a	; 26
    00000218 20                     580 	.db #0x20	; 32
    00000219 1F                     581 	.db #0x1f	; 31
    0000021A 1F                     582 	.db #0x1f	; 31
    0000021B 00                     583 	.db #0x00	; 0
    0000021C 00                     584 	.db #0x00	; 0
    0000021D 00                     585 	.db #0x00	; 0
    0000021E 00                     586 	.db #0x00	; 0
    0000021F 00                     587 	.db #0x00	; 0
    00000220 00                     588 	.db #0x00	; 0
    00000221 00                     589 	.db #0x00	; 0
    00000222 00                     590 	.db #0x00	; 0
    00000223 00                     591 	.db #0x00	; 0
    00000224 F8                     592 	.db #0xf8	; 248
    00000225 F8                     593 	.db #0xf8	; 248
    00000226 04                     594 	.db #0x04	; 4
    00000227 FC                     595 	.db #0xfc	; 252
    00000228 84                     596 	.db #0x84	; 132
    00000229 FC                     597 	.db #0xfc	; 252
    0000022A F4                     598 	.db #0xf4	; 244
    0000022B FC                     599 	.db #0xfc	; 252
    0000022C E4                     600 	.db #0xe4	; 228
    0000022D 1C                     601 	.db #0x1c	; 28
    0000022E E4                     602 	.db #0xe4	; 228
    0000022F BC                     603 	.db #0xbc	; 188
    00000230 E4                     604 	.db #0xe4	; 228
    00000231 BC                     605 	.db #0xbc	; 188
    00000232 E4                     606 	.db #0xe4	; 228
    00000233 BC                     607 	.db #0xbc	; 188
    00000234 E4                     608 	.db #0xe4	; 228
    00000235 BC                     609 	.db #0xbc	; 188
    00000236 E4                     610 	.db #0xe4	; 228
    00000237 BC                     611 	.db #0xbc	; 188
    00000238 04                     612 	.db #0x04	; 4
    00000239 FC                     613 	.db #0xfc	; 252
    0000023A F8                     614 	.db #0xf8	; 248
    0000023B 00                     615 	.db #0x00	; 0
    0000023C 00                     616 	.db #0x00	; 0
    0000023D 00                     617 	.db #0x00	; 0
    0000023E 00                     618 	.db #0x00	; 0
    0000023F 00                     619 	.db #0x00	; 0
    00000240 00                     620 	.db #0x00	; 0
    00000241 00                     621 	.db #0x00	; 0
    00000242 00                     622 	.db #0x00	; 0
    00000243 00                     623 	.db #0x00	; 0
    00000244 00                     624 	.db #0x00	; 0
    00000245 1F                     625 	.db #0x1f	; 31
    00000246 3F                     626 	.db #0x3f	; 63
    00000247 20                     627 	.db #0x20	; 32
    00000248 3F                     628 	.db #0x3f	; 63
    00000249 20                     629 	.db #0x20	; 32
    0000024A 3F                     630 	.db #0x3f	; 63
    0000024B 2E                     631 	.db #0x2e	; 46
    0000024C 3F                     632 	.db #0x3f	; 63
    0000024D 28                     633 	.db #0x28	; 40
    0000024E 3F                     634 	.db #0x3f	; 63
    0000024F 2B                     635 	.db #0x2b	; 43
    00000250 3F                     636 	.db #0x3f	; 63
    00000251 2A                     637 	.db #0x2a	; 42
    00000252 3F                     638 	.db #0x3f	; 63
    00000253 2E                     639 	.db #0x2e	; 46
    00000254 3F                     640 	.db #0x3f	; 63
    00000255 20                     641 	.db #0x20	; 32
    00000256 3F                     642 	.db #0x3f	; 63
    00000257 20                     643 	.db #0x20	; 32
    00000258 3F                     644 	.db #0x3f	; 63
    00000259 20                     645 	.db #0x20	; 32
    0000025A 1F                     646 	.db #0x1f	; 31
    0000025B 1F                     647 	.db #0x1f	; 31
    0000025C 00                     648 	.db #0x00	; 0
    0000025D 00                     649 	.db #0x00	; 0
    0000025E 00                     650 	.db #0x00	; 0
    0000025F 00                     651 	.db #0x00	; 0
    00000260 00                     652 	.db #0x00	; 0
    00000261 00                     653 	.db #0x00	; 0
    00000262 00                     654 	.db #0x00	; 0
    00000263 00                     655 	.db #0x00	; 0
    00000264 00                     656 	.db #0x00	; 0
    00000265 F8                     657 	.db #0xf8	; 248
    00000266 F8                     658 	.db #0xf8	; 248
    00000267 04                     659 	.db #0x04	; 4
    00000268 F8                     660 	.db #0xf8	; 248
    00000269 04                     661 	.db #0x04	; 4
    0000026A F8                     662 	.db #0xf8	; 248
    0000026B 74                     663 	.db #0x74	; 116	't'
    0000026C F8                     664 	.db #0xf8	; 248
    0000026D 54                     665 	.db #0x54	; 84	'T'
    0000026E F8                     666 	.db #0xf8	; 248
    0000026F 54                     667 	.db #0x54	; 84	'T'
    00000270 F8                     668 	.db #0xf8	; 248
    00000271 54                     669 	.db #0x54	; 84	'T'
    00000272 F8                     670 	.db #0xf8	; 248
    00000273 74                     671 	.db #0x74	; 116	't'
    00000274 F8                     672 	.db #0xf8	; 248
    00000275 04                     673 	.db #0x04	; 4
    00000276 F8                     674 	.db #0xf8	; 248
    00000277 04                     675 	.db #0x04	; 4
    00000278 F8                     676 	.db #0xf8	; 248
    00000279 04                     677 	.db #0x04	; 4
    0000027A F8                     678 	.db #0xf8	; 248
    0000027B F8                     679 	.db #0xf8	; 248
    0000027C 00                     680 	.db #0x00	; 0
    0000027D 00                     681 	.db #0x00	; 0
    0000027E 00                     682 	.db #0x00	; 0
    0000027F 00                     683 	.db #0x00	; 0
    00000280 00                     684 	.db #0x00	; 0
    00000281 00                     685 	.db #0x00	; 0
    00000282 00                     686 	.db #0x00	; 0
    00000283 00                     687 	.db #0x00	; 0
    00000284 1F                     688 	.db #0x1f	; 31
    00000285 1F                     689 	.db #0x1f	; 31
    00000286 20                     690 	.db #0x20	; 32
    00000287 1F                     691 	.db #0x1f	; 31
    00000288 20                     692 	.db #0x20	; 32
    00000289 1F                     693 	.db #0x1f	; 31
    0000028A 20                     694 	.db #0x20	; 32
    0000028B 1F                     695 	.db #0x1f	; 31
    0000028C 2E                     696 	.db #0x2e	; 46
    0000028D 11                     697 	.db #0x11	; 17
    0000028E 28                     698 	.db #0x28	; 40
    0000028F 17                     699 	.db #0x17	; 23
    00000290 2B                     700 	.db #0x2b	; 43
    00000291 14                     701 	.db #0x14	; 20
    00000292 2A                     702 	.db #0x2a	; 42
    00000293 15                     703 	.db #0x15	; 21
    00000294 2E                     704 	.db #0x2e	; 46
    00000295 11                     705 	.db #0x11	; 17
    00000296 20                     706 	.db #0x20	; 32
    00000297 1F                     707 	.db #0x1f	; 31
    00000298 20                     708 	.db #0x20	; 32
    00000299 1F                     709 	.db #0x1f	; 31
    0000029A 1F                     710 	.db #0x1f	; 31
    0000029B 00                     711 	.db #0x00	; 0
    0000029C 00                     712 	.db #0x00	; 0
    0000029D 00                     713 	.db #0x00	; 0
    0000029E 00                     714 	.db #0x00	; 0
    0000029F 00                     715 	.db #0x00	; 0
    000002A0 00                     716 	.db #0x00	; 0
    000002A1 00                     717 	.db #0x00	; 0
    000002A2 00                     718 	.db #0x00	; 0
    000002A3 00                     719 	.db #0x00	; 0
    000002A4 F8                     720 	.db #0xf8	; 248
    000002A5 F8                     721 	.db #0xf8	; 248
    000002A6 04                     722 	.db #0x04	; 4
    000002A7 FC                     723 	.db #0xfc	; 252
    000002A8 04                     724 	.db #0x04	; 4
    000002A9 FC                     725 	.db #0xfc	; 252
    000002AA 04                     726 	.db #0x04	; 4
    000002AB FC                     727 	.db #0xfc	; 252
    000002AC 74                     728 	.db #0x74	; 116	't'
    000002AD 8C                     729 	.db #0x8c	; 140
    000002AE 54                     730 	.db #0x54	; 84	'T'
    000002AF AC                     731 	.db #0xac	; 172
    000002B0 54                     732 	.db #0x54	; 84	'T'
    000002B1 AC                     733 	.db #0xac	; 172
    000002B2 54                     734 	.db #0x54	; 84	'T'
    000002B3 AC                     735 	.db #0xac	; 172
    000002B4 74                     736 	.db #0x74	; 116	't'
    000002B5 8C                     737 	.db #0x8c	; 140
    000002B6 04                     738 	.db #0x04	; 4
    000002B7 FC                     739 	.db #0xfc	; 252
    000002B8 04                     740 	.db #0x04	; 4
    000002B9 FC                     741 	.db #0xfc	; 252
    000002BA F8                     742 	.db #0xf8	; 248
    000002BB 00                     743 	.db #0x00	; 0
    000002BC 00                     744 	.db #0x00	; 0
    000002BD 00                     745 	.db #0x00	; 0
    000002BE 00                     746 	.db #0x00	; 0
    000002BF 00                     747 	.db #0x00	; 0
    000002C0 00                     748 	.db #0x00	; 0
    000002C1 00                     749 	.db #0x00	; 0
    000002C2 64                     750 	.db #0x64	; 100	'd'
    000002C3 64                     751 	.db #0x64	; 100	'd'
    000002C4 64                     752 	.db #0x64	; 100	'd'
    000002C5 64                     753 	.db #0x64	; 100	'd'
    000002C6 7C                     754 	.db #0x7c	; 124
    000002C7 7C                     755 	.db #0x7c	; 124
    000002C8 64                     756 	.db #0x64	; 100	'd'
    000002C9 64                     757 	.db #0x64	; 100	'd'
    000002CA 64                     758 	.db #0x64	; 100	'd'
    000002CB 64                     759 	.db #0x64	; 100	'd'
    000002CC 64                     760 	.db #0x64	; 100	'd'
    000002CD 64                     761 	.db #0x64	; 100	'd'
    000002CE 00                     762 	.db #0x00	; 0
    000002CF 00                     763 	.db #0x00	; 0
    000002D0 00                     764 	.db #0x00	; 0
    000002D1 00                     765 	.db #0x00	; 0
    000002D2 78                     766 	.db #0x78	; 120	'x'
    000002D3 78                     767 	.db #0x78	; 120	'x'
    000002D4 6C                     768 	.db #0x6c	; 108	'l'
    000002D5 6C                     769 	.db #0x6c	; 108	'l'
    000002D6 0C                     770 	.db #0x0c	; 12
    000002D7 0C                     771 	.db #0x0c	; 12
    000002D8 3C                     772 	.db #0x3c	; 60
    000002D9 3C                     773 	.db #0x3c	; 60
    000002DA 6C                     774 	.db #0x6c	; 108	'l'
    000002DB 6C                     775 	.db #0x6c	; 108	'l'
    000002DC 3A                     776 	.db #0x3a	; 58
    000002DD 3A                     777 	.db #0x3a	; 58
    000002DE 00                     778 	.db #0x00	; 0
    000002DF 00                     779 	.db #0x00	; 0
    000002E0 00                     780 	.db #0x00	; 0
    000002E1 00                     781 	.db #0x00	; 0
    000002E2 7C                     782 	.db #0x7c	; 124
    000002E3 7C                     783 	.db #0x7c	; 124
    000002E4 6C                     784 	.db #0x6c	; 108	'l'
    000002E5 6C                     785 	.db #0x6c	; 108	'l'
    000002E6 60                     786 	.db #0x60	; 96
    000002E7 60                     787 	.db #0x60	; 96
    000002E8 1C                     788 	.db #0x1c	; 28
    000002E9 1C                     789 	.db #0x1c	; 28
    000002EA 4C                     790 	.db #0x4c	; 76	'L'
    000002EB 4C                     791 	.db #0x4c	; 76	'L'
    000002EC 7C                     792 	.db #0x7c	; 124
    000002ED 7C                     793 	.db #0x7c	; 124
    000002EE 00                     794 	.db #0x00	; 0
    000002EF 00                     795 	.db #0x00	; 0
    000002F0 00                     796 	.db #0x00	; 0
    000002F1 00                     797 	.db #0x00	; 0
    000002F2 7C                     798 	.db #0x7c	; 124
    000002F3 7C                     799 	.db #0x7c	; 124
    000002F4 66                     800 	.db #0x66	; 102	'f'
    000002F5 66                     801 	.db #0x66	; 102	'f'
    000002F6 66                     802 	.db #0x66	; 102	'f'
    000002F7 66                     803 	.db #0x66	; 102	'f'
    000002F8 7C                     804 	.db #0x7c	; 124
    000002F9 7C                     805 	.db #0x7c	; 124
    000002FA 60                     806 	.db #0x60	; 96
    000002FB 60                     807 	.db #0x60	; 96
    000002FC 60                     808 	.db #0x60	; 96
    000002FD 60                     809 	.db #0x60	; 96
    000002FE 00                     810 	.db #0x00	; 0
    000002FF 00                     811 	.db #0x00	; 0
    00000300 00                     812 	.db #0x00	; 0
    00000301 00                     813 	.db #0x00	; 0
    00000302 7E                     814 	.db #0x7e	; 126
    00000303 7E                     815 	.db #0x7e	; 126
    00000304 60                     816 	.db #0x60	; 96
    00000305 60                     817 	.db #0x60	; 96
    00000306 60                     818 	.db #0x60	; 96
    00000307 60                     819 	.db #0x60	; 96
    00000308 78                     820 	.db #0x78	; 120	'x'
    00000309 78                     821 	.db #0x78	; 120	'x'
    0000030A 60                     822 	.db #0x60	; 96
    0000030B 60                     823 	.db #0x60	; 96
    0000030C 7E                     824 	.db #0x7e	; 126
    0000030D 7E                     825 	.db #0x7e	; 126
    0000030E 00                     826 	.db #0x00	; 0
    0000030F 00                     827 	.db #0x00	; 0
    00000310 00                     828 	.db #0x00	; 0
    00000311 00                     829 	.db #0x00	; 0
    00000312 7C                     830 	.db #0x7c	; 124
    00000313 7C                     831 	.db #0x7c	; 124
    00000314 66                     832 	.db #0x66	; 102	'f'
    00000315 66                     833 	.db #0x66	; 102	'f'
    00000316 66                     834 	.db #0x66	; 102	'f'
    00000317 66                     835 	.db #0x66	; 102	'f'
    00000318 7C                     836 	.db #0x7c	; 124
    00000319 7C                     837 	.db #0x7c	; 124
    0000031A 68                     838 	.db #0x68	; 104	'h'
    0000031B 68                     839 	.db #0x68	; 104	'h'
    0000031C 66                     840 	.db #0x66	; 102	'f'
    0000031D 66                     841 	.db #0x66	; 102	'f'
    0000031E 00                     842 	.db #0x00	; 0
    0000031F 00                     843 	.db #0x00	; 0
    00000320 00                     844 	.db #0x00	; 0
    00000321 00                     845 	.db #0x00	; 0
    00000322 78                     846 	.db #0x78	; 120	'x'
    00000323 78                     847 	.db #0x78	; 120	'x'
    00000324 6C                     848 	.db #0x6c	; 108	'l'
    00000325 6C                     849 	.db #0x6c	; 108	'l'
    00000326 66                     850 	.db #0x66	; 102	'f'
    00000327 66                     851 	.db #0x66	; 102	'f'
    00000328 66                     852 	.db #0x66	; 102	'f'
    00000329 66                     853 	.db #0x66	; 102	'f'
    0000032A 66                     854 	.db #0x66	; 102	'f'
    0000032B 66                     855 	.db #0x66	; 102	'f'
    0000032C 7C                     856 	.db #0x7c	; 124
    0000032D 7C                     857 	.db #0x7c	; 124
    0000032E 00                     858 	.db #0x00	; 0
    0000032F 00                     859 	.db #0x00	; 0
    00000330 00                     860 	.db #0x00	; 0
    00000331 00                     861 	.db #0x00	; 0
    00000332 7E                     862 	.db #0x7e	; 126
    00000333 7E                     863 	.db #0x7e	; 126
    00000334 18                     864 	.db #0x18	; 24
    00000335 18                     865 	.db #0x18	; 24
    00000336 18                     866 	.db #0x18	; 24
    00000337 18                     867 	.db #0x18	; 24
    00000338 18                     868 	.db #0x18	; 24
    00000339 18                     869 	.db #0x18	; 24
    0000033A 18                     870 	.db #0x18	; 24
    0000033B 18                     871 	.db #0x18	; 24
    0000033C 7E                     872 	.db #0x7e	; 126
    0000033D 7E                     873 	.db #0x7e	; 126
    0000033E 00                     874 	.db #0x00	; 0
    0000033F 00                     875 	.db #0x00	; 0
    00000340 00                     876 	.db #0x00	; 0
    00000341 00                     877 	.db #0x00	; 0
    00000342 3C                     878 	.db #0x3c	; 60
    00000343 3C                     879 	.db #0x3c	; 60
    00000344 66                     880 	.db #0x66	; 102	'f'
    00000345 66                     881 	.db #0x66	; 102	'f'
    00000346 66                     882 	.db #0x66	; 102	'f'
    00000347 66                     883 	.db #0x66	; 102	'f'
    00000348 66                     884 	.db #0x66	; 102	'f'
    00000349 66                     885 	.db #0x66	; 102	'f'
    0000034A 66                     886 	.db #0x66	; 102	'f'
    0000034B 66                     887 	.db #0x66	; 102	'f'
    0000034C 3C                     888 	.db #0x3c	; 60
    0000034D 3C                     889 	.db #0x3c	; 60
    0000034E 00                     890 	.db #0x00	; 0
    0000034F 00                     891 	.db #0x00	; 0
    00000350 00                     892 	.db #0x00	; 0
    00000351 00                     893 	.db #0x00	; 0
    00000352 3E                     894 	.db #0x3e	; 62
    00000353 3E                     895 	.db #0x3e	; 62
    00000354 66                     896 	.db #0x66	; 102	'f'
    00000355 66                     897 	.db #0x66	; 102	'f'
    00000356 60                     898 	.db #0x60	; 96
    00000357 60                     899 	.db #0x60	; 96
    00000358 6E                     900 	.db #0x6e	; 110	'n'
    00000359 6E                     901 	.db #0x6e	; 110	'n'
    0000035A 66                     902 	.db #0x66	; 102	'f'
    0000035B 66                     903 	.db #0x66	; 102	'f'
    0000035C 3C                     904 	.db #0x3c	; 60
    0000035D 3C                     905 	.db #0x3c	; 60
    0000035E 00                     906 	.db #0x00	; 0
    0000035F 00                     907 	.db #0x00	; 0
    00000360 00                     908 	.db #0x00	; 0
    00000361 00                     909 	.db #0x00	; 0
    00000362 62                     910 	.db #0x62	; 98	'b'
    00000363 62                     911 	.db #0x62	; 98	'b'
    00000364 62                     912 	.db #0x62	; 98	'b'
    00000365 62                     913 	.db #0x62	; 98	'b'
    00000366 72                     914 	.db #0x72	; 114	'r'
    00000367 72                     915 	.db #0x72	; 114	'r'
    00000368 7A                     916 	.db #0x7a	; 122	'z'
    00000369 7A                     917 	.db #0x7a	; 122	'z'
    0000036A 6E                     918 	.db #0x6e	; 110	'n'
    0000036B 6E                     919 	.db #0x6e	; 110	'n'
    0000036C 66                     920 	.db #0x66	; 102	'f'
    0000036D 66                     921 	.db #0x66	; 102	'f'
    0000036E 00                     922 	.db #0x00	; 0
    0000036F 00                     923 	.db #0x00	; 0
    00000370 00                     924 	.db #0x00	; 0
    00000371 00                     925 	.db #0x00	; 0
    00000372 7E                     926 	.db #0x7e	; 126
    00000373 7E                     927 	.db #0x7e	; 126
    00000374 18                     928 	.db #0x18	; 24
    00000375 18                     929 	.db #0x18	; 24
    00000376 18                     930 	.db #0x18	; 24
    00000377 18                     931 	.db #0x18	; 24
    00000378 18                     932 	.db #0x18	; 24
    00000379 18                     933 	.db #0x18	; 24
    0000037A 18                     934 	.db #0x18	; 24
    0000037B 18                     935 	.db #0x18	; 24
    0000037C 18                     936 	.db #0x18	; 24
    0000037D 18                     937 	.db #0x18	; 24
    0000037E 00                     938 	.db #0x00	; 0
    0000037F 00                     939 	.db #0x00	; 0
    00000380 00                     940 	.db #0x00	; 0
    00000381 00                     941 	.db #0x00	; 0
    00000382 66                     942 	.db #0x66	; 102	'f'
    00000383 66                     943 	.db #0x66	; 102	'f'
    00000384 66                     944 	.db #0x66	; 102	'f'
    00000385 66                     945 	.db #0x66	; 102	'f'
    00000386 66                     946 	.db #0x66	; 102	'f'
    00000387 66                     947 	.db #0x66	; 102	'f'
    00000388 66                     948 	.db #0x66	; 102	'f'
    00000389 66                     949 	.db #0x66	; 102	'f'
    0000038A 66                     950 	.db #0x66	; 102	'f'
    0000038B 66                     951 	.db #0x66	; 102	'f'
    0000038C 3C                     952 	.db #0x3c	; 60
    0000038D 3C                     953 	.db #0x3c	; 60
    0000038E 00                     954 	.db #0x00	; 0
    0000038F 00                     955 	.db #0x00	; 0
    00000390 00                     956 	.db #0x00	; 0
    00000391 00                     957 	.db #0x00	; 0
    00000392 3C                     958 	.db #0x3c	; 60
    00000393 3C                     959 	.db #0x3c	; 60
    00000394 76                     960 	.db #0x76	; 118	'v'
    00000395 76                     961 	.db #0x76	; 118	'v'
    00000396 60                     962 	.db #0x60	; 96
    00000397 60                     963 	.db #0x60	; 96
    00000398 60                     964 	.db #0x60	; 96
    00000399 60                     965 	.db #0x60	; 96
    0000039A 76                     966 	.db #0x76	; 118	'v'
    0000039B 76                     967 	.db #0x76	; 118	'v'
    0000039C 3C                     968 	.db #0x3c	; 60
    0000039D 3C                     969 	.db #0x3c	; 60
    0000039E 00                     970 	.db #0x00	; 0
    0000039F 00                     971 	.db #0x00	; 0
    000003A0 00                     972 	.db #0x00	; 0
    000003A1 00                     973 	.db #0x00	; 0
    000003A2 62                     974 	.db #0x62	; 98	'b'
    000003A3 62                     975 	.db #0x62	; 98	'b'
    000003A4 62                     976 	.db #0x62	; 98	'b'
    000003A5 62                     977 	.db #0x62	; 98	'b'
    000003A6 34                     978 	.db #0x34	; 52	'4'
    000003A7 34                     979 	.db #0x34	; 52	'4'
    000003A8 34                     980 	.db #0x34	; 52	'4'
    000003A9 34                     981 	.db #0x34	; 52	'4'
    000003AA 18                     982 	.db #0x18	; 24
    000003AB 18                     983 	.db #0x18	; 24
    000003AC 18                     984 	.db #0x18	; 24
    000003AD 18                     985 	.db #0x18	; 24
    000003AE 00                     986 	.db #0x00	; 0
    000003AF 00                     987 	.db #0x00	; 0
    000003B0 00                     988 	.db #0x00	; 0
    000003B1 00                     989 	.db #0x00	; 0
    000003B2 60                     990 	.db #0x60	; 96
    000003B3 60                     991 	.db #0x60	; 96
    000003B4 60                     992 	.db #0x60	; 96
    000003B5 60                     993 	.db #0x60	; 96
    000003B6 60                     994 	.db #0x60	; 96
    000003B7 60                     995 	.db #0x60	; 96
    000003B8 60                     996 	.db #0x60	; 96
    000003B9 60                     997 	.db #0x60	; 96
    000003BA 62                     998 	.db #0x62	; 98	'b'
    000003BB 62                     999 	.db #0x62	; 98	'b'
    000003BC 7E                    1000 	.db #0x7e	; 126
    000003BD 7E                    1001 	.db #0x7e	; 126
    000003BE 00                    1002 	.db #0x00	; 0
    000003BF 00                    1003 	.db #0x00	; 0
    000003C0 00                    1004 	.db #0x00	; 0
    000003C1 00                    1005 	.db #0x00	; 0
    000003C2 78                    1006 	.db #0x78	; 120	'x'
    000003C3 78                    1007 	.db #0x78	; 120	'x'
    000003C4 64                    1008 	.db #0x64	; 100	'd'
    000003C5 64                    1009 	.db #0x64	; 100	'd'
    000003C6 7C                    1010 	.db #0x7c	; 124
    000003C7 7C                    1011 	.db #0x7c	; 124
    000003C8 66                    1012 	.db #0x66	; 102	'f'
    000003C9 66                    1013 	.db #0x66	; 102	'f'
    000003CA 66                    1014 	.db #0x66	; 102	'f'
    000003CB 66                    1015 	.db #0x66	; 102	'f'
    000003CC 7C                    1016 	.db #0x7c	; 124
    000003CD 7C                    1017 	.db #0x7c	; 124
    000003CE 00                    1018 	.db #0x00	; 0
    000003CF 00                    1019 	.db #0x00	; 0
    000003D0 00                    1020 	.db #0x00	; 0
    000003D1 00                    1021 	.db #0x00	; 0
    000003D2 76                    1022 	.db #0x76	; 118	'v'
    000003D3 76                    1023 	.db #0x76	; 118	'v'
    000003D4 7E                    1024 	.db #0x7e	; 126
    000003D5 7E                    1025 	.db #0x7e	; 126
    000003D6 6A                    1026 	.db #0x6a	; 106	'j'
    000003D7 6A                    1027 	.db #0x6a	; 106	'j'
    000003D8 62                    1028 	.db #0x62	; 98	'b'
    000003D9 62                    1029 	.db #0x62	; 98	'b'
    000003DA 62                    1030 	.db #0x62	; 98	'b'
    000003DB 62                    1031 	.db #0x62	; 98	'b'
    000003DC 62                    1032 	.db #0x62	; 98	'b'
    000003DD 62                    1033 	.db #0x62	; 98	'b'
    000003DE 00                    1034 	.db #0x00	; 0
    000003DF 00                    1035 	.db #0x00	; 0
    000003E0 00                    1036 	.db #0x00	; 0
    000003E1 00                    1037 	.db #0x00	; 0
    000003E2 7E                    1038 	.db #0x7e	; 126
    000003E3 7E                    1039 	.db #0x7e	; 126
    000003E4 0C                    1040 	.db #0x0c	; 12
    000003E5 0C                    1041 	.db #0x0c	; 12
    000003E6 0C                    1042 	.db #0x0c	; 12
    000003E7 0C                    1043 	.db #0x0c	; 12
    000003E8 6C                    1044 	.db #0x6c	; 108	'l'
    000003E9 6C                    1045 	.db #0x6c	; 108	'l'
    000003EA 6C                    1046 	.db #0x6c	; 108	'l'
    000003EB 6C                    1047 	.db #0x6c	; 108	'l'
    000003EC 38                    1048 	.db #0x38	; 56	'8'
    000003ED 38                    1049 	.db #0x38	; 56	'8'
    000003EE 00                    1050 	.db #0x00	; 0
    000003EF 00                    1051 	.db #0x00	; 0
    000003F0 00                    1052 	.db #0x00	; 0
    000003F1 00                    1053 	.db #0x00	; 0
    000003F2 7E                    1054 	.db #0x7e	; 126
    000003F3 7E                    1055 	.db #0x7e	; 126
    000003F4 4E                    1056 	.db #0x4e	; 78	'N'
    000003F5 4E                    1057 	.db #0x4e	; 78	'N'
    000003F6 1C                    1058 	.db #0x1c	; 28
    000003F7 1C                    1059 	.db #0x1c	; 28
    000003F8 38                    1060 	.db #0x38	; 56	'8'
    000003F9 38                    1061 	.db #0x38	; 56	'8'
    000003FA 72                    1062 	.db #0x72	; 114	'r'
    000003FB 72                    1063 	.db #0x72	; 114	'r'
    000003FC 7E                    1064 	.db #0x7e	; 126
    000003FD 7E                    1065 	.db #0x7e	; 126
    000003FE 00                    1066 	.db #0x00	; 0
    000003FF 00                    1067 	.db #0x00	; 0
    00000400 00                    1068 	.db #0x00	; 0
    00000401 00                    1069 	.db #0x00	; 0
    00000402 00                    1070 	.db #0x00	; 0
    00000403 00                    1071 	.db #0x00	; 0
    00000404 00                    1072 	.db #0x00	; 0
    00000405 00                    1073 	.db #0x00	; 0
    00000406 00                    1074 	.db #0x00	; 0
    00000407 00                    1075 	.db #0x00	; 0
    00000408 00                    1076 	.db #0x00	; 0
    00000409 00                    1077 	.db #0x00	; 0
    0000040A 00                    1078 	.db #0x00	; 0
    0000040B 00                    1079 	.db #0x00	; 0
    0000040C 00                    1080 	.db #0x00	; 0
    0000040D 00                    1081 	.db #0x00	; 0
    0000040E 00                    1082 	.db #0x00	; 0
    0000040F 00                    1083 	.db #0x00	; 0
    00000410 00                    1084 	.db #0x00	; 0
    00000411 00                    1085 	.db #0x00	; 0
    00000412 00                    1086 	.db #0x00	; 0
    00000413 00                    1087 	.db #0x00	; 0
    00000414 00                    1088 	.db #0x00	; 0
    00000415 00                    1089 	.db #0x00	; 0
    00000416 00                    1090 	.db #0x00	; 0
    00000417 00                    1091 	.db #0x00	; 0
    00000418 00                    1092 	.db #0x00	; 0
    00000419 00                    1093 	.db #0x00	; 0
    0000041A 00                    1094 	.db #0x00	; 0
    0000041B 00                    1095 	.db #0x00	; 0
    0000041C 00                    1096 	.db #0x00	; 0
    0000041D 00                    1097 	.db #0x00	; 0
    0000041E 00                    1098 	.db #0x00	; 0
    0000041F 00                    1099 	.db #0x00	; 0
    00000420 00                    1100 	.db #0x00	; 0
    00000421 00                    1101 	.db #0x00	; 0
    00000422 00                    1102 	.db #0x00	; 0
    00000423 00                    1103 	.db #0x00	; 0
    00000424 00                    1104 	.db #0x00	; 0
    00000425 00                    1105 	.db #0x00	; 0
    00000426 00                    1106 	.db #0x00	; 0
    00000427 00                    1107 	.db #0x00	; 0
    00000428 00                    1108 	.db #0x00	; 0
    00000429 00                    1109 	.db #0x00	; 0
    0000042A 00                    1110 	.db #0x00	; 0
    0000042B 00                    1111 	.db #0x00	; 0
    0000042C 00                    1112 	.db #0x00	; 0
    0000042D 00                    1113 	.db #0x00	; 0
    0000042E 00                    1114 	.db #0x00	; 0
    0000042F 00                    1115 	.db #0x00	; 0
    00000430 00                    1116 	.db #0x00	; 0
    00000431 00                    1117 	.db #0x00	; 0
    00000432 00                    1118 	.db #0x00	; 0
    00000433 00                    1119 	.db #0x00	; 0
    00000434 00                    1120 	.db #0x00	; 0
    00000435 00                    1121 	.db #0x00	; 0
    00000436 00                    1122 	.db #0x00	; 0
    00000437 00                    1123 	.db #0x00	; 0
    00000438 00                    1124 	.db #0x00	; 0
    00000439 00                    1125 	.db #0x00	; 0
    0000043A 00                    1126 	.db #0x00	; 0
    0000043B 00                    1127 	.db #0x00	; 0
    0000043C 00                    1128 	.db #0x00	; 0
    0000043D 00                    1129 	.db #0x00	; 0
    0000043E 00                    1130 	.db #0x00	; 0
    0000043F 00                    1131 	.db #0x00	; 0
    00000440 00                    1132 	.db #0x00	; 0
    00000441 00                    1133 	.db #0x00	; 0
    00000442 00                    1134 	.db #0x00	; 0
    00000443 00                    1135 	.db #0x00	; 0
    00000444 00                    1136 	.db #0x00	; 0
    00000445 00                    1137 	.db #0x00	; 0
    00000446 00                    1138 	.db #0x00	; 0
    00000447 00                    1139 	.db #0x00	; 0
    00000448 00                    1140 	.db #0x00	; 0
    00000449 00                    1141 	.db #0x00	; 0
    0000044A 00                    1142 	.db #0x00	; 0
    0000044B 00                    1143 	.db #0x00	; 0
    0000044C 00                    1144 	.db #0x00	; 0
    0000044D 00                    1145 	.db #0x00	; 0
    0000044E 00                    1146 	.db #0x00	; 0
    0000044F 00                    1147 	.db #0x00	; 0
                                   1148 	.area _INITIALIZER
                                   1149 	.area _CABS (ABS)
