                                      1 ;--------------------------------------------------------
                                      2 ; File Created by SDCC : free open source ISO C Compiler
                                      3 ; Version 4.5.1 #15267 (Linux)
                                      4 ;--------------------------------------------------------
                                      5 	.module HUD_button
                                      6 	
                                      7 ;--------------------------------------------------------
                                      8 ; Public variables in this module
                                      9 ;--------------------------------------------------------
                                     10 	.globl _hide_pointer
                                     11 	.globl _change_win_tile_16x16
                                     12 	.globl _init_level
                                     13 	.globl _get_colision_from_map
                                     14 	.globl _update_game_state
                                     15 	.globl _global_game_hud_buttons
                                     16 	.globl _draw_hud_button
                                     17 	.globl _draw_game_hud_buttons
                                     18 	.globl _update_game_hud_button_selection
                                     19 	.globl _press_game_hud_button
                                     20 ;--------------------------------------------------------
                                     21 ; special function registers
                                     22 ;--------------------------------------------------------
                                     23 ;--------------------------------------------------------
                                     24 ; ram data
                                     25 ;--------------------------------------------------------
                                     26 	.area _DATA
                                     27 ;--------------------------------------------------------
                                     28 ; ram data
                                     29 ;--------------------------------------------------------
                                     30 	.area _INITIALIZED
                                     31 ;--------------------------------------------------------
                                     32 ; absolute external ram data
                                     33 ;--------------------------------------------------------
                                     34 	.area _DABS (ABS)
                                     35 ;--------------------------------------------------------
                                     36 ; global & static initialisations
                                     37 ;--------------------------------------------------------
                                     38 	.area _HOME
                                     39 	.area _GSINIT
                                     40 	.area _GSFINAL
                                     41 	.area _GSINIT
                                     42 ;--------------------------------------------------------
                                     43 ; Home
                                     44 ;--------------------------------------------------------
                                     45 	.area _HOME
                                     46 	.area _HOME
                                     47 ;--------------------------------------------------------
                                     48 ; code
                                     49 ;--------------------------------------------------------
                                     50 	.area _CODE
                                     51 ;src/HUD_button.c:12: void draw_hud_button(const HUD_button* button, uint8_t selected) {
                                     52 ;	---------------------------------
                                     53 ; Function draw_hud_button
                                     54 ; ---------------------------------
    00000000                         55 _draw_hud_button::
    00000000 3B               [ 8]   56 	dec	sp
    00000001 4B               [ 4]   57 	ld	c, e
    00000002 42               [ 4]   58 	ld	b, d
    00000003 F8 00            [12]   59 	ldhl	sp,	#0
    00000005 77               [ 8]   60 	ld	(hl), a
                                     61 ;src/HUD_button.c:13: uint16_t tileindexBR = (button->y * 20) + button->x;
    00000006 69               [ 4]   62 	ld	l, c
    00000007 60               [ 4]   63 	ld	h, b
    00000008 23               [ 8]   64 	inc	hl
    00000009 6E               [ 8]   65 	ld	l, (hl)
    0000000A 26 00            [ 8]   66 	ld	h, #0x00
    0000000C 5D               [ 4]   67 	ld	e, l
    0000000D 54               [ 4]   68 	ld	d, h
    0000000E 29               [ 8]   69 	add	hl, hl
    0000000F 29               [ 8]   70 	add	hl, hl
    00000010 19               [ 8]   71 	add	hl, de
    00000011 29               [ 8]   72 	add	hl, hl
    00000012 29               [ 8]   73 	add	hl, hl
    00000013 0A               [ 8]   74 	ld	a, (bc)
    00000014 5F               [ 4]   75 	ld	e, a
    00000015 16 00            [ 8]   76 	ld	d, #0x00
    00000017 19               [ 8]   77 	add	hl, de
    00000018 5D               [ 4]   78 	ld	e, l
    00000019 54               [ 4]   79 	ld	d, h
                                     80 ;src/HUD_button.c:14: uint8_t tile_id_BR = selected ? button->selected_tile_BR : button->normal_tile_BR;
    0000001A F8 00            [12]   81 	ldhl	sp,	#0
    0000001C 7E               [ 8]   82 	ld	a, (hl)
    0000001D B7               [ 4]   83 	or	a, a
    0000001E 28 07            [12]   84 	jr	Z, 00103$
    00000020 21 04 00         [12]   85 	ld	hl, #0x0004
    00000023 09               [ 8]   86 	add	hl, bc
    00000024 7E               [ 8]   87 	ld	a, (hl)
    00000025 18 04            [12]   88 	jr	00104$
    00000027                         89 00103$:
    00000027 03               [ 8]   90 	inc	bc
    00000028 03               [ 8]   91 	inc	bc
    00000029 03               [ 8]   92 	inc	bc
    0000002A 0A               [ 8]   93 	ld	a, (bc)
    0000002B                         94 00104$:
                                     95 ;src/HUD_button.c:16: change_win_tile_16x16(tileindexBR, tile_id_BR);
    0000002B 33               [ 8]   96 	inc	sp
    0000002C C3r00r00         [16]   97 	jp	_change_win_tile_16x16
                                     98 ;src/HUD_button.c:17: }
    0000002F 33               [ 8]   99 	inc	sp
    00000030 C9               [16]  100 	ret
    00000031                        101 _global_game_hud_buttons:
    00000031 10                     102 	.db #0x10	; 16
    00000032 02                     103 	.db #0x02	; 2
    00000033 00                     104 	.db #0x00	; 0
    00000034 1F                     105 	.db #0x1f	; 31
    00000035 23                     106 	.db #0x23	; 35
    00000036 12                     107 	.db #0x12	; 18
    00000037 02                     108 	.db #0x02	; 2
    00000038 01                     109 	.db #0x01	; 1
    00000039 27                     110 	.db #0x27	; 39
    0000003A 2B                     111 	.db #0x2b	; 43
                                    112 ;src/HUD_button.c:19: void draw_game_hud_buttons(void) {
                                    113 ;	---------------------------------
                                    114 ; Function draw_game_hud_buttons
                                    115 ; ---------------------------------
    0000003B                        116 _draw_game_hud_buttons::
                                    117 ;src/HUD_button.c:20: draw_hud_button(&global_game_hud_buttons[0], 0);
    0000003B AF               [ 4]  118 	xor	a, a
    0000003C 11r31r00         [12]  119 	ld	de, #_global_game_hud_buttons
    0000003F CDr00r00         [24]  120 	call	_draw_hud_button
                                    121 ;src/HUD_button.c:21: draw_hud_button(&global_game_hud_buttons[1], 0);
    00000042 AF               [ 4]  122 	xor	a, a
    00000043 11r36r00         [12]  123 	ld	de, #(_global_game_hud_buttons + 5)
                                    124 ;src/HUD_button.c:22: }
    00000046 C3r00r00         [16]  125 	jp	_draw_hud_button
                                    126 ;src/HUD_button.c:24: void update_game_hud_button_selection(uint8_t previous, uint8_t current) {
                                    127 ;	---------------------------------
                                    128 ; Function update_game_hud_button_selection
                                    129 ; ---------------------------------
    00000049                        130 _update_game_hud_button_selection::
    00000049 43               [ 4]  131 	ld	b, e
                                    132 ;src/HUD_button.c:25: if(previous == HUD_ITEM_RESET) {
    0000004A FE 06            [ 8]  133 	cp	a, #0x06
    0000004C 20 0B            [12]  134 	jr	NZ, 00104$
                                    135 ;src/HUD_button.c:26: draw_hud_button(&global_game_hud_buttons[0], 0);
    0000004E C5               [16]  136 	push	bc
    0000004F AF               [ 4]  137 	xor	a, a
    00000050 11r31r00         [12]  138 	ld	de, #_global_game_hud_buttons
    00000053 CDr00r00         [24]  139 	call	_draw_hud_button
    00000056 C1               [12]  140 	pop	bc
    00000057 18 0D            [12]  141 	jr	00105$
    00000059                        142 00104$:
                                    143 ;src/HUD_button.c:27: } else if(previous == HUD_ITEM_GO) {
    00000059 D6 07            [ 8]  144 	sub	a, #0x07
    0000005B 20 09            [12]  145 	jr	NZ, 00105$
                                    146 ;src/HUD_button.c:28: draw_hud_button(&global_game_hud_buttons[1], 0);
    0000005D 11r36r00         [12]  147 	ld	de, #(_global_game_hud_buttons + 5)
    00000060 C5               [16]  148 	push	bc
    00000061 AF               [ 4]  149 	xor	a, a
    00000062 CDr00r00         [24]  150 	call	_draw_hud_button
    00000065 C1               [12]  151 	pop	bc
    00000066                        152 00105$:
                                    153 ;src/HUD_button.c:31: if(current == HUD_ITEM_RESET) {
    00000066 78               [ 4]  154 	ld	a, b
    00000067 D6 06            [ 8]  155 	sub	a, #0x06
    00000069 20 08            [12]  156 	jr	NZ, 00109$
                                    157 ;src/HUD_button.c:32: draw_hud_button(&global_game_hud_buttons[0], 1);
    0000006B 3E 01            [ 8]  158 	ld	a, #0x01
    0000006D 11r31r00         [12]  159 	ld	de, #_global_game_hud_buttons
    00000070 C3r00r00         [16]  160 	jp	_draw_hud_button
    00000073                        161 00109$:
                                    162 ;src/HUD_button.c:33: } else if(current == HUD_ITEM_GO) {
    00000073 78               [ 4]  163 	ld	a, b
    00000074 D6 07            [ 8]  164 	sub	a, #0x07
    00000076 C0               [20]  165 	ret	NZ
                                    166 ;src/HUD_button.c:34: draw_hud_button(&global_game_hud_buttons[1], 1);
    00000077 3E 01            [ 8]  167 	ld	a, #0x01
    00000079 11r36r00         [12]  168 	ld	de, #(_global_game_hud_buttons + 5)
                                    169 ;src/HUD_button.c:36: }
    0000007C C3r00r00         [16]  170 	jp	_draw_hud_button
                                    171 ;src/HUD_button.c:38: void press_game_hud_button(uint8_t selected_item) {
                                    172 ;	---------------------------------
                                    173 ; Function press_game_hud_button
                                    174 ; ---------------------------------
    0000007F                        175 _press_game_hud_button::
                                    176 ;src/HUD_button.c:39: switch(selected_item) {
    0000007F FE 06            [ 8]  177 	cp	a, #0x06
    00000081 28 05            [12]  178 	jr	Z, 00101$
    00000083 D6 07            [ 8]  179 	sub	a, #0x07
    00000085 28 29            [12]  180 	jr	Z, 00102$
    00000087 C9               [16]  181 	ret
                                    182 ;src/HUD_button.c:40: case HUD_ITEM_RESET:
    00000088                        183 00101$:
                                    184 ;src/HUD_button.c:41: init_gfx();
    00000088 CDr00r00         [24]  185 	call	_init_gfx
                                    186 ;src/HUD_button.c:42: global_hud_selected = 0;
                                    187 ;src/HUD_button.c:43: global_selected_block = 0;
    0000008B AF               [ 4]  188 	xor	a, a
    0000008C EAr00r00         [16]  189 	ld	(#_global_hud_selected), a
    0000008F EAr00r00         [16]  190 	ld	(#_global_selected_block),a
                                    191 ;src/HUD_button.c:44: init_level(global_actual_level);
    00000092 FAr00r00         [16]  192 	ld	a, (_global_actual_level)
    00000095 CDr00r00         [24]  193 	call	_init_level
                                    194 ;src/HUD_button.c:45: get_colision_from_map(global_levels_array[global_actual_level], global_colision_map);
    00000098 01r00r00         [12]  195 	ld	bc, #_global_colision_map+0
    0000009B 11r00r00         [12]  196 	ld	de, #_global_levels_array+0
    0000009E FAr00r00         [16]  197 	ld	a, (_global_actual_level)
    000000A1 6F               [ 4]  198 	ld	l, a
    000000A2 26 00            [ 8]  199 	ld	h, #0x00
    000000A4 29               [ 8]  200 	add	hl, hl
    000000A5 19               [ 8]  201 	add	hl, de
    000000A6 2A               [ 8]  202 	ld	a, (hl+)
    000000A7 6E               [ 8]  203 	ld	l, (hl)
    000000A8 5F               [ 4]  204 	ld	e, a
    000000A9 55               [ 4]  205 	ld	d, l
    000000AA CDr00r00         [24]  206 	call	_get_colision_from_map
                                    207 ;src/HUD_button.c:47: print_objects_in_screen();
                                    208 ;src/HUD_button.c:48: break;
    000000AD C3r00r00         [16]  209 	jp	_print_objects_in_screen
                                    210 ;src/HUD_button.c:50: case HUD_ITEM_GO:
    000000B0                        211 00102$:
                                    212 ;src/HUD_button.c:51: hide_pointer();
    000000B0 CDr00r00         [24]  213 	call	_hide_pointer
                                    214 ;src/HUD_button.c:52: update_game_state(STATE_GAME_RUNNING);
    000000B3 3E 03            [ 8]  215 	ld	a, #0x03
                                    216 ;src/HUD_button.c:57: }
                                    217 ;src/HUD_button.c:58: }
    000000B5 C3r00r00         [16]  218 	jp	_update_game_state
                                    219 	.area _CODE
                                    220 	.area _INITIALIZER
                                    221 	.area _CABS (ABS)
