                                      1 ;--------------------------------------------------------
                                      2 ; File Created by SDCC : free open source ISO C Compiler
                                      3 ; Version 4.5.1 #15267 (Linux)
                                      4 ;--------------------------------------------------------
                                      5 	.module hud_options_sprites
                                      6 	
                                      7 ;--------------------------------------------------------
                                      8 ; Public variables in this module
                                      9 ;--------------------------------------------------------
                                     10 	.globl _hud_options_sprites
                                     11 ;--------------------------------------------------------
                                     12 ; special function registers
                                     13 ;--------------------------------------------------------
                                     14 ;--------------------------------------------------------
                                     15 ; ram data
                                     16 ;--------------------------------------------------------
                                     17 	.area _DATA
                                     18 ;--------------------------------------------------------
                                     19 ; ram data
                                     20 ;--------------------------------------------------------
                                     21 	.area _INITIALIZED
                                     22 ;--------------------------------------------------------
                                     23 ; absolute external ram data
                                     24 ;--------------------------------------------------------
                                     25 	.area _DABS (ABS)
                                     26 ;--------------------------------------------------------
                                     27 ; global & static initialisations
                                     28 ;--------------------------------------------------------
                                     29 	.area _HOME
                                     30 	.area _GSINIT
                                     31 	.area _GSFINAL
                                     32 	.area _GSINIT
                                     33 ;--------------------------------------------------------
                                     34 ; Home
                                     35 ;--------------------------------------------------------
                                     36 	.area _HOME
                                     37 	.area _HOME
                                     38 ;--------------------------------------------------------
                                     39 ; code
                                     40 ;--------------------------------------------------------
                                     41 	.area _CODE
                                     42 	.area _CODE
    00000000                         43 _hud_options_sprites:
    00000000 00                      44 	.db #0x00	; 0
    00000001 00                      45 	.db #0x00	; 0
    00000002 00                      46 	.db #0x00	; 0
    00000003 00                      47 	.db #0x00	; 0
    00000004 00                      48 	.db #0x00	; 0
    00000005 1F                      49 	.db #0x1f	; 31
    00000006 3F                      50 	.db #0x3f	; 63
    00000007 20                      51 	.db #0x20	; 32
    00000008 3F                      52 	.db #0x3f	; 63
    00000009 21                      53 	.db #0x21	; 33
    0000000A 30                      54 	.db #0x30	; 48	'0'
    0000000B 2F                      55 	.db #0x2f	; 47
    0000000C 3F                      56 	.db #0x3f	; 63
    0000000D 27                      57 	.db #0x27	; 39
    0000000E 3D                      58 	.db #0x3d	; 61
    0000000F 27                      59 	.db #0x27	; 39
    00000010 3D                      60 	.db #0x3d	; 61
    00000011 27                      61 	.db #0x27	; 39
    00000012 3D                      62 	.db #0x3d	; 61
    00000013 27                      63 	.db #0x27	; 39
    00000014 3D                      64 	.db #0x3d	; 61
    00000015 27                      65 	.db #0x27	; 39
    00000016 3D                      66 	.db #0x3d	; 61
    00000017 27                      67 	.db #0x27	; 39
    00000018 3F                      68 	.db #0x3f	; 63
    00000019 20                      69 	.db #0x20	; 32
    0000001A 1F                      70 	.db #0x1f	; 31
    0000001B 1F                      71 	.db #0x1f	; 31
    0000001C 00                      72 	.db #0x00	; 0
    0000001D 00                      73 	.db #0x00	; 0
    0000001E 00                      74 	.db #0x00	; 0
    0000001F 00                      75 	.db #0x00	; 0
    00000020 00                      76 	.db #0x00	; 0
    00000021 00                      77 	.db #0x00	; 0
    00000022 00                      78 	.db #0x00	; 0
    00000023 00                      79 	.db #0x00	; 0
    00000024 00                      80 	.db #0x00	; 0
    00000025 F8                      81 	.db #0xf8	; 248
    00000026 F8                      82 	.db #0xf8	; 248
    00000027 04                      83 	.db #0x04	; 4
    00000028 78                      84 	.db #0x78	; 120	'x'
    00000029 84                      85 	.db #0x84	; 132
    0000002A 08                      86 	.db #0x08	; 8
    0000002B F4                      87 	.db #0xf4	; 244
    0000002C F8                      88 	.db #0xf8	; 248
    0000002D E4                      89 	.db #0xe4	; 228
    0000002E 58                      90 	.db #0x58	; 88	'X'
    0000002F E4                      91 	.db #0xe4	; 228
    00000030 58                      92 	.db #0x58	; 88	'X'
    00000031 E4                      93 	.db #0xe4	; 228
    00000032 58                      94 	.db #0x58	; 88	'X'
    00000033 E4                      95 	.db #0xe4	; 228
    00000034 58                      96 	.db #0x58	; 88	'X'
    00000035 E4                      97 	.db #0xe4	; 228
    00000036 58                      98 	.db #0x58	; 88	'X'
    00000037 E4                      99 	.db #0xe4	; 228
    00000038 F8                     100 	.db #0xf8	; 248
    00000039 04                     101 	.db #0x04	; 4
    0000003A F8                     102 	.db #0xf8	; 248
    0000003B F8                     103 	.db #0xf8	; 248
    0000003C 00                     104 	.db #0x00	; 0
    0000003D 00                     105 	.db #0x00	; 0
    0000003E 00                     106 	.db #0x00	; 0
    0000003F 00                     107 	.db #0x00	; 0
    00000040 00                     108 	.db #0x00	; 0
    00000041 00                     109 	.db #0x00	; 0
    00000042 00                     110 	.db #0x00	; 0
    00000043 00                     111 	.db #0x00	; 0
    00000044 1F                     112 	.db #0x1f	; 31
    00000045 1F                     113 	.db #0x1f	; 31
    00000046 20                     114 	.db #0x20	; 32
    00000047 1F                     115 	.db #0x1f	; 31
    00000048 21                     116 	.db #0x21	; 33
    00000049 1E                     117 	.db #0x1e	; 30
    0000004A 2F                     118 	.db #0x2f	; 47
    0000004B 1F                     119 	.db #0x1f	; 31
    0000004C 27                     120 	.db #0x27	; 39
    0000004D 18                     121 	.db #0x18	; 24
    0000004E 27                     122 	.db #0x27	; 39
    0000004F 1A                     123 	.db #0x1a	; 26
    00000050 27                     124 	.db #0x27	; 39
    00000051 1A                     125 	.db #0x1a	; 26
    00000052 27                     126 	.db #0x27	; 39
    00000053 1A                     127 	.db #0x1a	; 26
    00000054 27                     128 	.db #0x27	; 39
    00000055 1A                     129 	.db #0x1a	; 26
    00000056 27                     130 	.db #0x27	; 39
    00000057 1A                     131 	.db #0x1a	; 26
    00000058 20                     132 	.db #0x20	; 32
    00000059 1F                     133 	.db #0x1f	; 31
    0000005A 1F                     134 	.db #0x1f	; 31
    0000005B 00                     135 	.db #0x00	; 0
    0000005C 00                     136 	.db #0x00	; 0
    0000005D 00                     137 	.db #0x00	; 0
    0000005E 00                     138 	.db #0x00	; 0
    0000005F 00                     139 	.db #0x00	; 0
    00000060 00                     140 	.db #0x00	; 0
    00000061 00                     141 	.db #0x00	; 0
    00000062 00                     142 	.db #0x00	; 0
    00000063 00                     143 	.db #0x00	; 0
    00000064 F8                     144 	.db #0xf8	; 248
    00000065 F8                     145 	.db #0xf8	; 248
    00000066 04                     146 	.db #0x04	; 4
    00000067 FC                     147 	.db #0xfc	; 252
    00000068 84                     148 	.db #0x84	; 132
    00000069 FC                     149 	.db #0xfc	; 252
    0000006A F4                     150 	.db #0xf4	; 244
    0000006B FC                     151 	.db #0xfc	; 252
    0000006C E4                     152 	.db #0xe4	; 228
    0000006D 1C                     153 	.db #0x1c	; 28
    0000006E E4                     154 	.db #0xe4	; 228
    0000006F BC                     155 	.db #0xbc	; 188
    00000070 E4                     156 	.db #0xe4	; 228
    00000071 BC                     157 	.db #0xbc	; 188
    00000072 E4                     158 	.db #0xe4	; 228
    00000073 BC                     159 	.db #0xbc	; 188
    00000074 E4                     160 	.db #0xe4	; 228
    00000075 BC                     161 	.db #0xbc	; 188
    00000076 E4                     162 	.db #0xe4	; 228
    00000077 BC                     163 	.db #0xbc	; 188
    00000078 04                     164 	.db #0x04	; 4
    00000079 FC                     165 	.db #0xfc	; 252
    0000007A F8                     166 	.db #0xf8	; 248
    0000007B 00                     167 	.db #0x00	; 0
    0000007C 00                     168 	.db #0x00	; 0
    0000007D 00                     169 	.db #0x00	; 0
    0000007E 00                     170 	.db #0x00	; 0
    0000007F 00                     171 	.db #0x00	; 0
    00000080 00                     172 	.db #0x00	; 0
    00000081 00                     173 	.db #0x00	; 0
    00000082 00                     174 	.db #0x00	; 0
    00000083 00                     175 	.db #0x00	; 0
    00000084 00                     176 	.db #0x00	; 0
    00000085 1F                     177 	.db #0x1f	; 31
    00000086 3F                     178 	.db #0x3f	; 63
    00000087 20                     179 	.db #0x20	; 32
    00000088 3F                     180 	.db #0x3f	; 63
    00000089 20                     181 	.db #0x20	; 32
    0000008A 3F                     182 	.db #0x3f	; 63
    0000008B 2E                     183 	.db #0x2e	; 46
    0000008C 39                     184 	.db #0x39	; 57	'9'
    0000008D 2E                     185 	.db #0x2e	; 46
    0000008E 3F                     186 	.db #0x3f	; 63
    0000008F 2B                     187 	.db #0x2b	; 43
    00000090 3E                     188 	.db #0x3e	; 62
    00000091 2B                     189 	.db #0x2b	; 43
    00000092 3F                     190 	.db #0x3f	; 63
    00000093 2E                     191 	.db #0x2e	; 46
    00000094 31                     192 	.db #0x31	; 49	'1'
    00000095 2E                     193 	.db #0x2e	; 46
    00000096 3F                     194 	.db #0x3f	; 63
    00000097 20                     195 	.db #0x20	; 32
    00000098 3F                     196 	.db #0x3f	; 63
    00000099 20                     197 	.db #0x20	; 32
    0000009A 1F                     198 	.db #0x1f	; 31
    0000009B 1F                     199 	.db #0x1f	; 31
    0000009C 00                     200 	.db #0x00	; 0
    0000009D 00                     201 	.db #0x00	; 0
    0000009E 00                     202 	.db #0x00	; 0
    0000009F 00                     203 	.db #0x00	; 0
    000000A0 00                     204 	.db #0x00	; 0
    000000A1 00                     205 	.db #0x00	; 0
    000000A2 00                     206 	.db #0x00	; 0
    000000A3 00                     207 	.db #0x00	; 0
    000000A4 00                     208 	.db #0x00	; 0
    000000A5 F8                     209 	.db #0xf8	; 248
    000000A6 F8                     210 	.db #0xf8	; 248
    000000A7 04                     211 	.db #0x04	; 4
    000000A8 F8                     212 	.db #0xf8	; 248
    000000A9 04                     213 	.db #0x04	; 4
    000000AA F8                     214 	.db #0xf8	; 248
    000000AB 74                     215 	.db #0x74	; 116	't'
    000000AC D8                     216 	.db #0xd8	; 216
    000000AD 74                     217 	.db #0x74	; 116	't'
    000000AE F8                     218 	.db #0xf8	; 248
    000000AF 54                     219 	.db #0x54	; 84	'T'
    000000B0 F8                     220 	.db #0xf8	; 248
    000000B1 54                     221 	.db #0x54	; 84	'T'
    000000B2 F8                     222 	.db #0xf8	; 248
    000000B3 74                     223 	.db #0x74	; 116	't'
    000000B4 88                     224 	.db #0x88	; 136
    000000B5 74                     225 	.db #0x74	; 116	't'
    000000B6 F8                     226 	.db #0xf8	; 248
    000000B7 04                     227 	.db #0x04	; 4
    000000B8 F8                     228 	.db #0xf8	; 248
    000000B9 04                     229 	.db #0x04	; 4
    000000BA F8                     230 	.db #0xf8	; 248
    000000BB F8                     231 	.db #0xf8	; 248
    000000BC 00                     232 	.db #0x00	; 0
    000000BD 00                     233 	.db #0x00	; 0
    000000BE 00                     234 	.db #0x00	; 0
    000000BF 00                     235 	.db #0x00	; 0
    000000C0 00                     236 	.db #0x00	; 0
    000000C1 00                     237 	.db #0x00	; 0
    000000C2 00                     238 	.db #0x00	; 0
    000000C3 00                     239 	.db #0x00	; 0
    000000C4 1F                     240 	.db #0x1f	; 31
    000000C5 1F                     241 	.db #0x1f	; 31
    000000C6 20                     242 	.db #0x20	; 32
    000000C7 1F                     243 	.db #0x1f	; 31
    000000C8 20                     244 	.db #0x20	; 32
    000000C9 1F                     245 	.db #0x1f	; 31
    000000CA 20                     246 	.db #0x20	; 32
    000000CB 1F                     247 	.db #0x1f	; 31
    000000CC 2E                     248 	.db #0x2e	; 46
    000000CD 11                     249 	.db #0x11	; 17
    000000CE 28                     250 	.db #0x28	; 40
    000000CF 17                     251 	.db #0x17	; 23
    000000D0 2B                     252 	.db #0x2b	; 43
    000000D1 14                     253 	.db #0x14	; 20
    000000D2 2A                     254 	.db #0x2a	; 42
    000000D3 15                     255 	.db #0x15	; 21
    000000D4 2E                     256 	.db #0x2e	; 46
    000000D5 11                     257 	.db #0x11	; 17
    000000D6 20                     258 	.db #0x20	; 32
    000000D7 1F                     259 	.db #0x1f	; 31
    000000D8 20                     260 	.db #0x20	; 32
    000000D9 1F                     261 	.db #0x1f	; 31
    000000DA 1F                     262 	.db #0x1f	; 31
    000000DB 00                     263 	.db #0x00	; 0
    000000DC 00                     264 	.db #0x00	; 0
    000000DD 00                     265 	.db #0x00	; 0
    000000DE 00                     266 	.db #0x00	; 0
    000000DF 00                     267 	.db #0x00	; 0
    000000E0 00                     268 	.db #0x00	; 0
    000000E1 00                     269 	.db #0x00	; 0
    000000E2 00                     270 	.db #0x00	; 0
    000000E3 00                     271 	.db #0x00	; 0
    000000E4 F8                     272 	.db #0xf8	; 248
    000000E5 F8                     273 	.db #0xf8	; 248
    000000E6 04                     274 	.db #0x04	; 4
    000000E7 FC                     275 	.db #0xfc	; 252
    000000E8 04                     276 	.db #0x04	; 4
    000000E9 FC                     277 	.db #0xfc	; 252
    000000EA 04                     278 	.db #0x04	; 4
    000000EB FC                     279 	.db #0xfc	; 252
    000000EC 74                     280 	.db #0x74	; 116	't'
    000000ED 8C                     281 	.db #0x8c	; 140
    000000EE 54                     282 	.db #0x54	; 84	'T'
    000000EF AC                     283 	.db #0xac	; 172
    000000F0 54                     284 	.db #0x54	; 84	'T'
    000000F1 AC                     285 	.db #0xac	; 172
    000000F2 54                     286 	.db #0x54	; 84	'T'
    000000F3 AC                     287 	.db #0xac	; 172
    000000F4 74                     288 	.db #0x74	; 116	't'
    000000F5 8C                     289 	.db #0x8c	; 140
    000000F6 04                     290 	.db #0x04	; 4
    000000F7 FC                     291 	.db #0xfc	; 252
    000000F8 04                     292 	.db #0x04	; 4
    000000F9 FC                     293 	.db #0xfc	; 252
    000000FA F8                     294 	.db #0xf8	; 248
    000000FB 00                     295 	.db #0x00	; 0
    000000FC 00                     296 	.db #0x00	; 0
    000000FD 00                     297 	.db #0x00	; 0
    000000FE 00                     298 	.db #0x00	; 0
    000000FF 00                     299 	.db #0x00	; 0
    00000100 00                     300 	.db #0x00	; 0
    00000101 00                     301 	.db #0x00	; 0
    00000102 00                     302 	.db #0x00	; 0
    00000103 00                     303 	.db #0x00	; 0
    00000104 00                     304 	.db #0x00	; 0
    00000105 00                     305 	.db #0x00	; 0
    00000106 00                     306 	.db #0x00	; 0
    00000107 00                     307 	.db #0x00	; 0
    00000108 00                     308 	.db #0x00	; 0
    00000109 00                     309 	.db #0x00	; 0
    0000010A 00                     310 	.db #0x00	; 0
    0000010B 00                     311 	.db #0x00	; 0
    0000010C 00                     312 	.db #0x00	; 0
    0000010D 00                     313 	.db #0x00	; 0
    0000010E 00                     314 	.db #0x00	; 0
    0000010F 00                     315 	.db #0x00	; 0
                                    316 	.area _INITIALIZER
                                    317 	.area _CABS (ABS)
