                                      1 ;--------------------------------------------------------
                                      2 ; File Created by SDCC : free open source ISO C Compiler
                                      3 ; Version 4.5.1 #15267 (Linux)
                                      4 ;--------------------------------------------------------
                                      5 	.module LevelLogic
                                      6 	
                                      7 ;--------------------------------------------------------
                                      8 ; Public variables in this module
                                      9 ;--------------------------------------------------------
                                     10 	.globl _init_game_title
                                     11 	.globl _set_win_tiles
                                     12 	.globl _set_bkg_tiles
                                     13 	.globl _set_bkg_data
                                     14 	.globl _joypad
                                     15 	.globl _move_win_screen
                                     16 	.globl _update_values_in_hud
                                     17 	.globl _global_actual_level
                                     18 	.globl _global_level_blocks_array
                                     19 	.globl _global_level_objects_array
                                     20 	.globl _global_levels_array
                                     21 	.globl _global_first_y
                                     22 	.globl _global_first_x
                                     23 	.globl _global_selected_block
                                     24 	.globl _global_blocks_available
                                     25 	.globl _global_colision_map
                                     26 	.globl _global_keyset
                                     27 	.globl _global_init_point
                                     28 	.globl _global_events
                                     29 	.globl _global_game_state
                                     30 	.globl _init_level
                                     31 	.globl _update_game_state
                                     32 	.globl _get_colision_from_map
                                     33 	.globl _read_global_object_info_from_map
                                     34 	.globl _read_global_block_info_from_map
                                     35 	.globl _change_colision_map_at
                                     36 	.globl _change_colision_map_BR
                                     37 	.globl _check_colision_of_sprites
                                     38 	.globl _get_init_point_from_map
                                     39 	.globl _move_foward_block_id
                                     40 	.globl _init_start_selection_menu
                                     41 	.globl _update_start_selection_menu
                                     42 	.globl _init_victory_screen
                                     43 	.globl _update_victory_screen
                                     44 	.globl _init_game_over_screen
                                     45 	.globl _update_game_over_screen
                                     46 ;--------------------------------------------------------
                                     47 ; special function registers
                                     48 ;--------------------------------------------------------
                                     49 ;--------------------------------------------------------
                                     50 ; ram data
                                     51 ;--------------------------------------------------------
                                     52 	.area _DATA
    00000000                         53 _global_game_state::
    00000000                         54 	.ds 1
    00000001                         55 _global_events::
    00000001                         56 	.ds 40
    00000029                         57 _global_init_point::
    00000029                         58 	.ds 2
    0000002B                         59 _global_keyset::
    0000002B                         60 	.ds 1
                                     61 ;--------------------------------------------------------
                                     62 ; ram data
                                     63 ;--------------------------------------------------------
                                     64 	.area _INITIALIZED
    00000000                         65 _global_colision_map::
    00000000                         66 	.ds 300
    0000012C                         67 _global_blocks_available::
    0000012C                         68 	.ds 6
    00000132                         69 _global_selected_block::
    00000132                         70 	.ds 1
    00000133                         71 _global_first_x::
    00000133                         72 	.ds 1
    00000134                         73 _global_first_y::
    00000134                         74 	.ds 1
    00000135                         75 _global_levels_array::
    00000135                         76 	.ds 6
    0000013B                         77 _global_level_objects_array::
    0000013B                         78 	.ds 6
    00000141                         79 _global_level_blocks_array::
    00000141                         80 	.ds 6
    00000147                         81 _global_actual_level::
    00000147                         82 	.ds 1
                                     83 ;--------------------------------------------------------
                                     84 ; absolute external ram data
                                     85 ;--------------------------------------------------------
                                     86 	.area _DABS (ABS)
                                     87 ;--------------------------------------------------------
                                     88 ; global & static initialisations
                                     89 ;--------------------------------------------------------
                                     90 	.area _HOME
                                     91 	.area _GSINIT
                                     92 	.area _GSFINAL
                                     93 	.area _GSINIT
                                     94 ;--------------------------------------------------------
                                     95 ; Home
                                     96 ;--------------------------------------------------------
                                     97 	.area _HOME
                                     98 	.area _HOME
                                     99 ;--------------------------------------------------------
                                    100 ; code
                                    101 ;--------------------------------------------------------
                                    102 	.area _CODE
                                    103 ;src/LevelLogic.c:42: void init_game_title(void){
                                    104 ;	---------------------------------
                                    105 ; Function init_game_title
                                    106 ; ---------------------------------
    00000000                        107 _init_game_title::
                                    108 ;src/LevelLogic.c:44: HIDE_WIN;
    00000000 F0r00            [12]  109 	ldh	a, (_LCDC_REG + 0)
    00000002 E6 DF            [ 8]  110 	and	a, #0xdf
    00000004 E0r00            [12]  111 	ldh	(_LCDC_REG + 0), a
                                    112 ;src/LevelLogic.c:45: HIDE_SPRITES;
    00000006 F0r00            [12]  113 	ldh	a, (_LCDC_REG + 0)
    00000008 E6 FD            [ 8]  114 	and	a, #0xfd
    0000000A E0r00            [12]  115 	ldh	(_LCDC_REG + 0), a
                                    116 ;src/LevelLogic.c:46: set_bkg_data(0,232,png_prueba_tiles);
    0000000C 11r00r00         [12]  117 	ld	de, #_png_prueba_tiles
    0000000F D5               [16]  118 	push	de
    00000010 21 00 E8         [12]  119 	ld	hl, #0xe800
    00000013 E5               [16]  120 	push	hl
    00000014 CDr00r00         [24]  121 	call	_set_bkg_data
    00000017 E8 04            [16]  122 	add	sp, #4
                                    123 ;src/LevelLogic.c:47: set_bkg_tiles(0,0,20,18,png_prueba_map);
    00000019 11r00r00         [12]  124 	ld	de, #_png_prueba_map
    0000001C D5               [16]  125 	push	de
    0000001D 21 14 12         [12]  126 	ld	hl, #0x1214
    00000020 E5               [16]  127 	push	hl
    00000021 AF               [ 4]  128 	xor	a, a
    00000022 0F               [ 4]  129 	rrca
    00000023 F5               [16]  130 	push	af
    00000024 CDr00r00         [24]  131 	call	_set_bkg_tiles
    00000027 E8 06            [16]  132 	add	sp, #6
                                    133 ;src/LevelLogic.c:48: SHOW_BKG;
    00000029 F0r00            [12]  134 	ldh	a, (_LCDC_REG + 0)
    0000002B F6 01            [ 8]  135 	or	a, #0x01
    0000002D E0r00            [12]  136 	ldh	(_LCDC_REG + 0), a
                                    137 ;src/LevelLogic.c:49: }
    0000002F C9               [16]  138 	ret
                                    139 ;src/LevelLogic.c:51: void init_level(uint8_t level_number){
                                    140 ;	---------------------------------
                                    141 ; Function init_level
                                    142 ; ---------------------------------
    00000030                        143 _init_level::
    00000030 3B               [ 8]  144 	dec	sp
    00000031 3B               [ 8]  145 	dec	sp
    00000032 4F               [ 4]  146 	ld	c, a
                                    147 ;src/LevelLogic.c:53: global_keyset = 0;
                                    148 ;src/LevelLogic.c:54: global_hud_selected = 0;
    00000033 AF               [ 4]  149 	xor	a, a
    00000034 EAr2Br00         [16]  150 	ld	(#_global_keyset), a
    00000037 EAr00r00         [16]  151 	ld	(#_global_hud_selected),a
                                    152 ;src/LevelLogic.c:55: if(level_number >= LEVEL_COUNT){
    0000003A 79               [ 4]  153 	ld	a, c
    0000003B D6 03            [ 8]  154 	sub	a, #0x03
    0000003D 38 06            [12]  155 	jr	C, 00115$
                                    156 ;src/LevelLogic.c:56: level_number = level_number % LEVEL_COUNT;
    0000003F 1E 03            [ 8]  157 	ld	e, #0x03
    00000041 79               [ 4]  158 	ld	a, c
    00000042 CDr00r00         [24]  159 	call	__moduchar
                                    160 ;src/LevelLogic.c:59: for(uint16_t i = 0; i<NUMBER_OF_TILES_IN_GRID; i++){
    00000045                        161 00115$:
    00000045 11 00 00         [12]  162 	ld	de, #0x0000
    00000048                        163 00106$:
    00000048 7B               [ 4]  164 	ld	a, e
    00000049 6A               [ 4]  165 	ld	l, d
    0000004A D6 2C            [ 8]  166 	sub	a, #0x2c
    0000004C 7D               [ 4]  167 	ld	a, l
    0000004D DE 01            [ 8]  168 	sbc	a, #0x01
    0000004F 30 09            [12]  169 	jr	NC, 00103$
                                    170 ;src/LevelLogic.c:60: global_colision_map[i] = EMPTY;
    00000051 21r00r00         [12]  171 	ld	hl, #_global_colision_map
    00000054 19               [ 8]  172 	add	hl, de
    00000055 36 00            [12]  173 	ld	(hl), #0x00
                                    174 ;src/LevelLogic.c:59: for(uint16_t i = 0; i<NUMBER_OF_TILES_IN_GRID; i++){
    00000057 13               [ 8]  175 	inc	de
    00000058 18 EE            [12]  176 	jr	00106$
    0000005A                        177 00103$:
                                    178 ;src/LevelLogic.c:63: get_colision_from_map(global_levels_array[level_number], global_colision_map);
    0000005A 11r35r01         [12]  179 	ld	de, #_global_levels_array+0
    0000005D 06 00            [ 8]  180 	ld	b, #0x00
    0000005F CB 21            [ 8]  181 	sla	c
    00000061 CB 10            [ 8]  182 	rl	b
    00000063 33               [ 8]  183 	inc	sp
    00000064 33               [ 8]  184 	inc	sp
    00000065 69               [ 4]  185 	ld	l, c
    00000066 60               [ 4]  186 	ld	h, b
    00000067 E5               [16]  187 	push	hl
    00000068 19               [ 8]  188 	add	hl, de
    00000069 2A               [ 8]  189 	ld	a,	(hl+)
    0000006A 66               [ 8]  190 	ld	h, (hl)
    0000006B 5F               [ 4]  191 	ld	e, a
    0000006C 01r00r00         [12]  192 	ld	bc, #_global_colision_map
    0000006F 54               [ 4]  193 	ld	d, h
    00000070 CDrB7r00         [24]  194 	call	_get_colision_from_map
                                    195 ;src/LevelLogic.c:64: read_global_object_info_from_map(global_level_objects_array[level_number]);
    00000073 01r3Br01         [12]  196 	ld	bc, #_global_level_objects_array+0
    00000076 E1               [12]  197 	pop	hl
    00000077 E5               [16]  198 	push	hl
    00000078 09               [ 8]  199 	add	hl, bc
    00000079 2A               [ 8]  200 	ld	a, (hl+)
    0000007A 4F               [ 4]  201 	ld	c, a
    0000007B 7E               [ 8]  202 	ld	a, (hl)
    0000007C 59               [ 4]  203 	ld	e, c
    0000007D 57               [ 4]  204 	ld	d, a
    0000007E CDr5Cr01         [24]  205 	call	_read_global_object_info_from_map
                                    206 ;src/LevelLogic.c:65: read_global_block_info_from_map(global_level_blocks_array[level_number]);
    00000081 01r41r01         [12]  207 	ld	bc, #_global_level_blocks_array+0
    00000084 E1               [12]  208 	pop	hl
    00000085 E5               [16]  209 	push	hl
    00000086 09               [ 8]  210 	add	hl, bc
    00000087 2A               [ 8]  211 	ld	a, (hl+)
    00000088 4F               [ 4]  212 	ld	c, a
    00000089 7E               [ 8]  213 	ld	a, (hl)
    0000008A 59               [ 4]  214 	ld	e, c
    0000008B 57               [ 4]  215 	ld	d, a
    0000008C CDrDFr01         [24]  216 	call	_read_global_block_info_from_map
                                    217 ;src/LevelLogic.c:67: for(uint8_t e = 0; e < NUMBER_OF_BLOCKS; e++){
    0000008F 0E 00            [ 8]  218 	ld	c, #0x00
    00000091                        219 00109$:
    00000091 79               [ 4]  220 	ld	a, c
    00000092 D6 06            [ 8]  221 	sub	a, #0x06
    00000094 30 12            [12]  222 	jr	NC, 00104$
                                    223 ;src/LevelLogic.c:68: update_values_in_hud(RIGHT+e, global_blocks_available[e]);
    00000096 21r2Cr01         [12]  224 	ld	hl, #_global_blocks_available
    00000099 06 00            [ 8]  225 	ld	b, #0x00
    0000009B 09               [ 8]  226 	add	hl, bc
    0000009C 5E               [ 8]  227 	ld	e, (hl)
    0000009D 79               [ 4]  228 	ld	a, c
    0000009E C6 06            [ 8]  229 	add	a, #0x06
    000000A0 C5               [16]  230 	push	bc
    000000A1 CDr00r00         [24]  231 	call	_update_values_in_hud
    000000A4 C1               [12]  232 	pop	bc
                                    233 ;src/LevelLogic.c:67: for(uint8_t e = 0; e < NUMBER_OF_BLOCKS; e++){
    000000A5 0C               [ 4]  234 	inc	c
    000000A6 18 E9            [12]  235 	jr	00109$
    000000A8                        236 00104$:
                                    237 ;src/LevelLogic.c:71: get_init_point_from_map(global_colision_map);
    000000A8 11r00r00         [12]  238 	ld	de, #_global_colision_map
    000000AB 33               [ 8]  239 	inc	sp
    000000AC 33               [ 8]  240 	inc	sp
    000000AD C3rEAr02         [16]  241 	jp	_get_init_point_from_map
                                    242 ;src/LevelLogic.c:73: }
    000000B0 33               [ 8]  243 	inc	sp
    000000B1 33               [ 8]  244 	inc	sp
    000000B2 C9               [16]  245 	ret
                                    246 ;src/LevelLogic.c:75: void update_game_state(GameState new_value){
                                    247 ;	---------------------------------
                                    248 ; Function update_game_state
                                    249 ; ---------------------------------
    000000B3                        250 _update_game_state::
    000000B3 EAr00r00         [16]  251 	ld	(#_global_game_state),a
                                    252 ;src/LevelLogic.c:76: global_game_state = new_value;
                                    253 ;src/LevelLogic.c:77: }
    000000B6 C9               [16]  254 	ret
                                    255 ;src/LevelLogic.c:80: void get_colision_from_map(const unsigned char in[], uint8_t out[]){
                                    256 ;	---------------------------------
                                    257 ; Function get_colision_from_map
                                    258 ; ---------------------------------
    000000B7                        259 _get_colision_from_map::
    000000B7 E8 FB            [16]  260 	add	sp, #-5
    000000B9 F8 03            [12]  261 	ldhl	sp,	#3
    000000BB 7B               [ 4]  262 	ld	a, e
    000000BC 22               [ 8]  263 	ld	(hl+), a
    000000BD 72               [ 8]  264 	ld	(hl), d
    000000BE F8 01            [12]  265 	ldhl	sp,	#1
    000000C0 79               [ 4]  266 	ld	a, c
    000000C1 22               [ 8]  267 	ld	(hl+), a
    000000C2 70               [ 8]  268 	ld	(hl), b
                                    269 ;src/LevelLogic.c:82: for(uint16_t i = 0; i<NUMBER_OF_TILES_IN_GRID; i++){
    000000C3 01 00 00         [12]  270 	ld	bc, #0x0000
    000000C6                        271 00130$:
    000000C6 59               [ 4]  272 	ld	e, c
    000000C7 50               [ 4]  273 	ld	d, b
    000000C8 7B               [ 4]  274 	ld	a, e
    000000C9 D6 2C            [ 8]  275 	sub	a, #0x2c
    000000CB 7A               [ 4]  276 	ld	a, d
    000000CC DE 01            [ 8]  277 	sbc	a, #0x01
    000000CE D2r59r01         [16]  278 	jp	NC, 00132$
                                    279 ;src/LevelLogic.c:83: if(in[i] == 51){
    000000D1 F8 03            [12]  280 	ldhl	sp,	#3
    000000D3 2A               [ 8]  281 	ld	a,	(hl+)
    000000D4 66               [ 8]  282 	ld	h, (hl)
    000000D5 6F               [ 4]  283 	ld	l, a
    000000D6 09               [ 8]  284 	add	hl, bc
    000000D7 5D               [ 4]  285 	ld	e, l
    000000D8 54               [ 4]  286 	ld	d, h
                                    287 ;src/LevelLogic.c:93: } else if(in[i] >= 21 && in[i] <= 29){
    000000D9 1A               [ 8]  288 	ld	a, (de)
    000000DA F8 00            [12]  289 	ldhl	sp,	#0
                                    290 ;src/LevelLogic.c:84: out[i] = SOURCE_R;
    000000DC 22               [ 8]  291 	ld	(hl+), a
    000000DD 2A               [ 8]  292 	ld	a,	(hl+)
    000000DE 66               [ 8]  293 	ld	h, (hl)
    000000DF 6F               [ 4]  294 	ld	l, a
    000000E0 09               [ 8]  295 	add	hl, bc
    000000E1 5D               [ 4]  296 	ld	e, l
    000000E2 54               [ 4]  297 	ld	d, h
                                    298 ;src/LevelLogic.c:83: if(in[i] == 51){
    000000E3 F8 00            [12]  299 	ldhl	sp,	#0
    000000E5 7E               [ 8]  300 	ld	a, (hl)
    000000E6 D6 33            [ 8]  301 	sub	a, #0x33
    000000E8 20 05            [12]  302 	jr	NZ, 00126$
                                    303 ;src/LevelLogic.c:84: out[i] = SOURCE_R;
    000000EA 3E 03            [ 8]  304 	ld	a, #0x03
    000000EC 12               [ 8]  305 	ld	(de), a
    000000ED 18 66            [12]  306 	jr	00131$
    000000EF                        307 00126$:
                                    308 ;src/LevelLogic.c:85: } else if(in[i] == 55){
    000000EF F8 00            [12]  309 	ldhl	sp,	#0
    000000F1 7E               [ 8]  310 	ld	a, (hl)
    000000F2 D6 37            [ 8]  311 	sub	a, #0x37
    000000F4 20 05            [12]  312 	jr	NZ, 00123$
                                    313 ;src/LevelLogic.c:86: out[i] = SOURCE_L;
    000000F6 3E 0E            [ 8]  314 	ld	a, #0x0e
    000000F8 12               [ 8]  315 	ld	(de), a
    000000F9 18 5A            [12]  316 	jr	00131$
    000000FB                        317 00123$:
                                    318 ;src/LevelLogic.c:87: } else if(in[i] == 59){
    000000FB F8 00            [12]  319 	ldhl	sp,	#0
    000000FD 7E               [ 8]  320 	ld	a, (hl)
    000000FE D6 3B            [ 8]  321 	sub	a, #0x3b
    00000100 20 05            [12]  322 	jr	NZ, 00120$
                                    323 ;src/LevelLogic.c:88: out[i] = SOURCE_U;
    00000102 3E 0F            [ 8]  324 	ld	a, #0x0f
    00000104 12               [ 8]  325 	ld	(de), a
    00000105 18 4E            [12]  326 	jr	00131$
    00000107                        327 00120$:
                                    328 ;src/LevelLogic.c:89: } else if(in[i] == 63){
    00000107 F8 00            [12]  329 	ldhl	sp,	#0
    00000109 7E               [ 8]  330 	ld	a, (hl)
    0000010A D6 3F            [ 8]  331 	sub	a, #0x3f
    0000010C 20 05            [12]  332 	jr	NZ, 00117$
                                    333 ;src/LevelLogic.c:90: out[i] = SOURCE_D;
    0000010E 3E 10            [ 8]  334 	ld	a, #0x10
    00000110 12               [ 8]  335 	ld	(de), a
    00000111 18 42            [12]  336 	jr	00131$
    00000113                        337 00117$:
                                    338 ;src/LevelLogic.c:91: } else if(in[i] >= 64 && in[i] <= 67){
    00000113 F8 00            [12]  339 	ldhl	sp,	#0
    00000115 7E               [ 8]  340 	ld	a, (hl)
    00000116 D6 40            [ 8]  341 	sub	a, #0x40
    00000118 38 0A            [12]  342 	jr	C, 00113$
    0000011A 3E 43            [ 8]  343 	ld	a, #0x43
    0000011C 96               [ 8]  344 	sub	a, (hl)
    0000011D 38 05            [12]  345 	jr	C, 00113$
                                    346 ;src/LevelLogic.c:92: out[i] = DESTINATION;
    0000011F 3E 04            [ 8]  347 	ld	a, #0x04
    00000121 12               [ 8]  348 	ld	(de), a
    00000122 18 31            [12]  349 	jr	00131$
    00000124                        350 00113$:
                                    351 ;src/LevelLogic.c:93: } else if(in[i] >= 21 && in[i] <= 29){
    00000124 F8 00            [12]  352 	ldhl	sp,	#0
    00000126 7E               [ 8]  353 	ld	a, (hl)
    00000127 D6 15            [ 8]  354 	sub	a, #0x15
    00000129 38 0A            [12]  355 	jr	C, 00109$
    0000012B 3E 1D            [ 8]  356 	ld	a, #0x1d
    0000012D 96               [ 8]  357 	sub	a, (hl)
    0000012E 38 05            [12]  358 	jr	C, 00109$
                                    359 ;src/LevelLogic.c:94: out[i] = FALL;
    00000130 3E 0C            [ 8]  360 	ld	a, #0x0c
    00000132 12               [ 8]  361 	ld	(de), a
    00000133 18 20            [12]  362 	jr	00131$
    00000135                        363 00109$:
                                    364 ;src/LevelLogic.c:95: } else if(in[i] >= UMBRAL_COLISION_UP && in[i] <= UMBRAL_COLISION_DOWN){
    00000135 F8 00            [12]  365 	ldhl	sp,	#0
    00000137 7E               [ 8]  366 	ld	a, (hl)
    00000138 D6 05            [ 8]  367 	sub	a, #0x05
    0000013A 38 0A            [12]  368 	jr	C, 00105$
    0000013C 3E 14            [ 8]  369 	ld	a, #0x14
    0000013E 96               [ 8]  370 	sub	a, (hl)
    0000013F 38 05            [12]  371 	jr	C, 00105$
                                    372 ;src/LevelLogic.c:96: out[i] = SOLID;
    00000141 3E 01            [ 8]  373 	ld	a, #0x01
    00000143 12               [ 8]  374 	ld	(de), a
    00000144 18 0F            [12]  375 	jr	00131$
    00000146                        376 00105$:
                                    377 ;src/LevelLogic.c:97: } else if(in[i] >= 32 && in[i] <= 39){
    00000146 F8 00            [12]  378 	ldhl	sp,	#0
    00000148 7E               [ 8]  379 	ld	a, (hl)
    00000149 D6 20            [ 8]  380 	sub	a, #0x20
    0000014B 38 08            [12]  381 	jr	C, 00131$
    0000014D 3E 27            [ 8]  382 	ld	a, #0x27
    0000014F 96               [ 8]  383 	sub	a, (hl)
    00000150 38 03            [12]  384 	jr	C, 00131$
                                    385 ;src/LevelLogic.c:98: out[i] = DOOR;
    00000152 3E 0D            [ 8]  386 	ld	a, #0x0d
    00000154 12               [ 8]  387 	ld	(de), a
    00000155                        388 00131$:
                                    389 ;src/LevelLogic.c:82: for(uint16_t i = 0; i<NUMBER_OF_TILES_IN_GRID; i++){
    00000155 03               [ 8]  390 	inc	bc
    00000156 C3rC6r00         [16]  391 	jp	00130$
    00000159                        392 00132$:
                                    393 ;src/LevelLogic.c:101: }
    00000159 E8 05            [16]  394 	add	sp, #5
    0000015B C9               [16]  395 	ret
                                    396 ;src/LevelLogic.c:103: void read_global_object_info_from_map(unsigned char* objects_map){
                                    397 ;	---------------------------------
                                    398 ; Function read_global_object_info_from_map
                                    399 ; ---------------------------------
    0000015C                        400 _read_global_object_info_from_map::
    0000015C E8 FA            [16]  401 	add	sp, #-6
    0000015E F8 03            [12]  402 	ldhl	sp,	#3
    00000160 7B               [ 4]  403 	ld	a, e
    00000161 22               [ 8]  404 	ld	(hl+), a
                                    405 ;src/LevelLogic.c:104: for(uint8_t e=0; e<NUMBER_OF_OBJECTS; e++){
    00000162 7A               [ 4]  406 	ld	a, d
    00000163 22               [ 8]  407 	ld	(hl+), a
    00000164 36 00            [12]  408 	ld	(hl), #0x00
    00000166                        409 00103$:
    00000166 F8 05            [12]  410 	ldhl	sp,	#5
    00000168 7E               [ 8]  411 	ld	a, (hl)
    00000169 D6 08            [ 8]  412 	sub	a, #0x08
    0000016B 30 6F            [12]  413 	jr	NC, 00105$
                                    414 ;src/LevelLogic.c:105: global_object_information[e*3] = objects_map[e*3];
    0000016D 4E               [ 8]  415 	ld	c, (hl)
    0000016E 06 00            [ 8]  416 	ld	b, #0x00
    00000170 69               [ 4]  417 	ld	l, c
    00000171 60               [ 4]  418 	ld	h, b
    00000172 29               [ 8]  419 	add	hl, hl
    00000173 09               [ 8]  420 	add	hl, bc
    00000174 4D               [ 4]  421 	ld	c, l
    00000175 44               [ 4]  422 	ld	b, h
    00000176 21r00r00         [12]  423 	ld	hl, #_global_object_information
    00000179 09               [ 8]  424 	add	hl, bc
    0000017A E5               [16]  425 	push	hl
    0000017B 7D               [ 4]  426 	ld	a, l
    0000017C F8 03            [12]  427 	ldhl	sp,	#3
    0000017E 77               [ 8]  428 	ld	(hl), a
    0000017F E1               [12]  429 	pop	hl
    00000180 7C               [ 4]  430 	ld	a, h
    00000181 F8 02            [12]  431 	ldhl	sp,	#2
    00000183 22               [ 8]  432 	ld	(hl+), a
    00000184 2A               [ 8]  433 	ld	a,	(hl+)
    00000185 66               [ 8]  434 	ld	h, (hl)
    00000186 6F               [ 4]  435 	ld	l, a
    00000187 09               [ 8]  436 	add	hl, bc
    00000188 5D               [ 4]  437 	ld	e, l
    00000189 54               [ 4]  438 	ld	d, h
    0000018A 1A               [ 8]  439 	ld	a, (de)
    0000018B F8 01            [12]  440 	ldhl	sp,	#1
    0000018D 5E               [ 8]  441 	ld	e, (hl)
    0000018E 23               [ 8]  442 	inc	hl
    0000018F 66               [ 8]  443 	ld	h, (hl)
    00000190 6B               [ 4]  444 	ld	l, e
    00000191 77               [ 8]  445 	ld	(hl), a
                                    446 ;src/LevelLogic.c:106: global_object_information[e*3+1] = objects_map[e*3+1];
    00000192 F8 05            [12]  447 	ldhl	sp,	#5
    00000194 7E               [ 8]  448 	ld	a, (hl)
    00000195 5F               [ 4]  449 	ld	e, a
    00000196 87               [ 4]  450 	add	a, a
    00000197 83               [ 4]  451 	add	a, e
    00000198 F8 00            [12]  452 	ldhl	sp,	#0
    0000019A 77               [ 8]  453 	ld	(hl), a
    0000019B 5E               [ 8]  454 	ld	e, (hl)
    0000019C 1C               [ 4]  455 	inc	e
    0000019D 16 00            [ 8]  456 	ld	d, #0x00
    0000019F 21r00r00         [12]  457 	ld	hl, #_global_object_information
    000001A2 19               [ 8]  458 	add	hl, de
    000001A3 E5               [16]  459 	push	hl
    000001A4 7D               [ 4]  460 	ld	a, l
    000001A5 F8 03            [12]  461 	ldhl	sp,	#3
    000001A7 77               [ 8]  462 	ld	(hl), a
    000001A8 E1               [12]  463 	pop	hl
    000001A9 7C               [ 4]  464 	ld	a, h
    000001AA F8 02            [12]  465 	ldhl	sp,	#2
    000001AC 22               [ 8]  466 	ld	(hl+), a
    000001AD 59               [ 4]  467 	ld	e, c
    000001AE 50               [ 4]  468 	ld	d, b
    000001AF 13               [ 8]  469 	inc	de
    000001B0 2A               [ 8]  470 	ld	a,	(hl+)
    000001B1 66               [ 8]  471 	ld	h, (hl)
    000001B2 6F               [ 4]  472 	ld	l, a
    000001B3 19               [ 8]  473 	add	hl, de
    000001B4 5D               [ 4]  474 	ld	e, l
    000001B5 54               [ 4]  475 	ld	d, h
    000001B6 1A               [ 8]  476 	ld	a, (de)
    000001B7 F8 01            [12]  477 	ldhl	sp,	#1
    000001B9 5E               [ 8]  478 	ld	e, (hl)
    000001BA 23               [ 8]  479 	inc	hl
    000001BB 66               [ 8]  480 	ld	h, (hl)
    000001BC 6B               [ 4]  481 	ld	l, e
    000001BD 77               [ 8]  482 	ld	(hl), a
                                    483 ;src/LevelLogic.c:107: global_object_information[e*3+2] = objects_map[e*3+2];
    000001BE F8 00            [12]  484 	ldhl	sp,	#0
    000001C0 7E               [ 8]  485 	ld	a, (hl)
    000001C1 3C               [ 4]  486 	inc	a
    000001C2 3C               [ 4]  487 	inc	a
    000001C3 C6r00            [ 8]  488 	add	a, #<(_global_object_information)
    000001C5 5F               [ 4]  489 	ld	e, a
    000001C6 3E 00            [ 8]  490 	ld	a, #0x00
    000001C8 CEs00            [ 8]  491 	adc	a, #>(_global_object_information)
    000001CA 57               [ 4]  492 	ld	d, a
    000001CB 03               [ 8]  493 	inc	bc
    000001CC 03               [ 8]  494 	inc	bc
    000001CD F8 03            [12]  495 	ldhl	sp,	#3
    000001CF 2A               [ 8]  496 	ld	a,	(hl+)
    000001D0 66               [ 8]  497 	ld	h, (hl)
    000001D1 6F               [ 4]  498 	ld	l, a
    000001D2 09               [ 8]  499 	add	hl, bc
    000001D3 4D               [ 4]  500 	ld	c, l
    000001D4 44               [ 4]  501 	ld	b, h
    000001D5 0A               [ 8]  502 	ld	a, (bc)
    000001D6 12               [ 8]  503 	ld	(de), a
                                    504 ;src/LevelLogic.c:104: for(uint8_t e=0; e<NUMBER_OF_OBJECTS; e++){
    000001D7 F8 05            [12]  505 	ldhl	sp,	#5
    000001D9 34               [12]  506 	inc	(hl)
    000001DA 18 8A            [12]  507 	jr	00103$
    000001DC                        508 00105$:
                                    509 ;src/LevelLogic.c:109: }
    000001DC E8 06            [16]  510 	add	sp, #6
    000001DE C9               [16]  511 	ret
                                    512 ;src/LevelLogic.c:111: void read_global_block_info_from_map(unsigned char* blocks_map){
                                    513 ;	---------------------------------
                                    514 ; Function read_global_block_info_from_map
                                    515 ; ---------------------------------
    000001DF                        516 _read_global_block_info_from_map::
    000001DF E8 FF            [16]  517 	add	sp, #-1
    000001E1 D5               [16]  518 	push	de
                                    519 ;src/LevelLogic.c:112: for(uint8_t e=0; e<NUMBER_OF_BLOCKS; e++){
    000001E2 F8 02            [12]  520 	ldhl	sp,	#2
    000001E4 36 00            [12]  521 	ld	(hl), #0x00
    000001E6                        522 00103$:
    000001E6 F8 02            [12]  523 	ldhl	sp,	#2
    000001E8 7E               [ 8]  524 	ld	a, (hl)
    000001E9 D6 06            [ 8]  525 	sub	a, #0x06
    000001EB 30 1A            [12]  526 	jr	NC, 00105$
                                    527 ;src/LevelLogic.c:113: global_blocks_available[e] = blocks_map[e];
    000001ED 11r2Cr01         [12]  528 	ld	de, #_global_blocks_available
    000001F0 6E               [ 8]  529 	ld	l, (hl)
    000001F1 26 00            [ 8]  530 	ld	h, #0x00
    000001F3 19               [ 8]  531 	add	hl, de
    000001F4 4D               [ 4]  532 	ld	c, l
    000001F5 44               [ 4]  533 	ld	b, h
    000001F6 D1               [12]  534 	pop	de
    000001F7 D5               [16]  535 	push	de
    000001F8 F8 02            [12]  536 	ldhl	sp,	#2
    000001FA 6E               [ 8]  537 	ld	l, (hl)
    000001FB 26 00            [ 8]  538 	ld	h, #0x00
    000001FD 19               [ 8]  539 	add	hl, de
    000001FE 5D               [ 4]  540 	ld	e, l
    000001FF 54               [ 4]  541 	ld	d, h
    00000200 1A               [ 8]  542 	ld	a, (de)
    00000201 02               [ 8]  543 	ld	(bc), a
                                    544 ;src/LevelLogic.c:112: for(uint8_t e=0; e<NUMBER_OF_BLOCKS; e++){
    00000202 F8 02            [12]  545 	ldhl	sp,	#2
    00000204 34               [12]  546 	inc	(hl)
    00000205 18 DF            [12]  547 	jr	00103$
    00000207                        548 00105$:
                                    549 ;src/LevelLogic.c:115: }
    00000207 E8 03            [16]  550 	add	sp, #3
    00000209 C9               [16]  551 	ret
                                    552 ;src/LevelLogic.c:117: void change_colision_map_at(uint16_t tileindexBR, uint8_t new_value){
                                    553 ;	---------------------------------
                                    554 ; Function change_colision_map_at
                                    555 ; ---------------------------------
    0000020A                        556 _change_colision_map_at::
    0000020A 3B               [ 8]  557 	dec	sp
    0000020B F8 00            [12]  558 	ldhl	sp,	#0
    0000020D 77               [ 8]  559 	ld	(hl), a
                                    560 ;src/LevelLogic.c:118: if(tileindexBR < NUMBER_OF_TILES_IN_GRID){
    0000020E 4B               [ 4]  561 	ld	c, e
    0000020F 42               [ 4]  562 	ld	b, d
    00000210 79               [ 4]  563 	ld	a, c
    00000211 D6 2C            [ 8]  564 	sub	a, #0x2c
    00000213 78               [ 4]  565 	ld	a, b
    00000214 DE 01            [ 8]  566 	sbc	a, #0x01
    00000216 30 3B            [12]  567 	jr	NC, 00103$
                                    568 ;src/LevelLogic.c:119: global_colision_map[tileindexBR] = new_value;
    00000218 21r00r00         [12]  569 	ld	hl, #_global_colision_map
    0000021B 19               [ 8]  570 	add	hl, de
    0000021C 5D               [ 4]  571 	ld	e, l
    0000021D 54               [ 4]  572 	ld	d, h
    0000021E F8 00            [12]  573 	ldhl	sp,	#0
    00000220 7E               [ 8]  574 	ld	a, (hl)
    00000221 12               [ 8]  575 	ld	(de), a
                                    576 ;src/LevelLogic.c:120: global_colision_map[tileindexBR-1] = new_value;
    00000222 59               [ 4]  577 	ld	e, c
    00000223 50               [ 4]  578 	ld	d, b
    00000224 1B               [ 8]  579 	dec	de
    00000225 21r00r00         [12]  580 	ld	hl, #_global_colision_map
    00000228 19               [ 8]  581 	add	hl, de
    00000229 5D               [ 4]  582 	ld	e, l
    0000022A 54               [ 4]  583 	ld	d, h
    0000022B F8 00            [12]  584 	ldhl	sp,	#0
    0000022D 7E               [ 8]  585 	ld	a, (hl)
    0000022E 12               [ 8]  586 	ld	(de), a
                                    587 ;src/LevelLogic.c:121: global_colision_map[tileindexBR-20] = new_value;
    0000022F 79               [ 4]  588 	ld	a, c
    00000230 C6 EC            [ 8]  589 	add	a, #0xec
    00000232 5F               [ 4]  590 	ld	e, a
    00000233 78               [ 4]  591 	ld	a, b
    00000234 CE FF            [ 8]  592 	adc	a, #0xff
    00000236 57               [ 4]  593 	ld	d, a
    00000237 21r00r00         [12]  594 	ld	hl, #_global_colision_map
    0000023A 19               [ 8]  595 	add	hl, de
    0000023B 5D               [ 4]  596 	ld	e, l
    0000023C 54               [ 4]  597 	ld	d, h
    0000023D F8 00            [12]  598 	ldhl	sp,	#0
    0000023F 7E               [ 8]  599 	ld	a, (hl)
    00000240 12               [ 8]  600 	ld	(de), a
                                    601 ;src/LevelLogic.c:122: global_colision_map[tileindexBR-21] = new_value;
    00000241 79               [ 4]  602 	ld	a, c
    00000242 C6 EB            [ 8]  603 	add	a, #0xeb
    00000244 4F               [ 4]  604 	ld	c, a
    00000245 78               [ 4]  605 	ld	a, b
    00000246 CE FF            [ 8]  606 	adc	a, #0xff
    00000248 47               [ 4]  607 	ld	b, a
    00000249 21r00r00         [12]  608 	ld	hl, #_global_colision_map
    0000024C 09               [ 8]  609 	add	hl, bc
    0000024D 4D               [ 4]  610 	ld	c, l
    0000024E 44               [ 4]  611 	ld	b, h
    0000024F F8 00            [12]  612 	ldhl	sp,	#0
    00000251 7E               [ 8]  613 	ld	a, (hl)
    00000252 02               [ 8]  614 	ld	(bc), a
    00000253                        615 00103$:
                                    616 ;src/LevelLogic.c:124: }
    00000253 33               [ 8]  617 	inc	sp
    00000254 C9               [16]  618 	ret
                                    619 ;src/LevelLogic.c:126: void change_colision_map_BR(uint16_t tileindexBR, uint8_t new_value){
                                    620 ;	---------------------------------
                                    621 ; Function change_colision_map_BR
                                    622 ; ---------------------------------
    00000255                        623 _change_colision_map_BR::
    00000255 4F               [ 4]  624 	ld	c, a
                                    625 ;src/LevelLogic.c:127: if(tileindexBR < NUMBER_OF_TILES_IN_GRID){
    00000256 7B               [ 4]  626 	ld	a, e
    00000257 6A               [ 4]  627 	ld	l, d
    00000258 D6 2C            [ 8]  628 	sub	a, #0x2c
    0000025A 7D               [ 4]  629 	ld	a, l
    0000025B DE 01            [ 8]  630 	sbc	a, #0x01
    0000025D D0               [20]  631 	ret	NC
                                    632 ;src/LevelLogic.c:128: global_colision_map[tileindexBR] = new_value;
    0000025E 21r00r00         [12]  633 	ld	hl, #_global_colision_map
    00000261 19               [ 8]  634 	add	hl, de
    00000262 71               [ 8]  635 	ld	(hl), c
                                    636 ;src/LevelLogic.c:130: }
    00000263 C9               [16]  637 	ret
                                    638 ;src/LevelLogic.c:132: uint8_t check_colision_of_sprites(uint8_t ax, uint8_t ay, uint8_t aw, uint8_t ah, uint8_t bx, uint8_t by, uint8_t bw, uint8_t bh){
                                    639 ;	---------------------------------
                                    640 ; Function check_colision_of_sprites
                                    641 ; ---------------------------------
    00000264                        642 _check_colision_of_sprites::
    00000264 E8 FA            [16]  643 	add	sp, #-6
    00000266 4F               [ 4]  644 	ld	c, a
    00000267 F8 05            [12]  645 	ldhl	sp,	#5
    00000269 73               [ 8]  646 	ld	(hl), e
                                    647 ;src/LevelLogic.c:133: uint8_t res = 0; //no colision of sprites
    0000026A F8 00            [12]  648 	ldhl	sp,	#0
    0000026C 36 00            [12]  649 	ld	(hl), #0x00
                                    650 ;src/LevelLogic.c:135: if(ax < bx + bw &&
    0000026E F8 0A            [12]  651 	ldhl	sp,	#10
    00000270 7E               [ 8]  652 	ld	a, (hl)
    00000271 F8 01            [12]  653 	ldhl	sp,	#1
    00000273 22               [ 8]  654 	ld	(hl+), a
    00000274 36 00            [12]  655 	ld	(hl), #0x00
    00000276 F8 0C            [12]  656 	ldhl	sp,	#12
    00000278 5E               [ 8]  657 	ld	e, (hl)
    00000279 16 00            [ 8]  658 	ld	d, #0x00
    0000027B F8 01            [12]  659 	ldhl	sp,	#1
    0000027D 2A               [ 8]  660 	ld	a,	(hl+)
    0000027E 66               [ 8]  661 	ld	h, (hl)
    0000027F 6F               [ 4]  662 	ld	l, a
    00000280 19               [ 8]  663 	add	hl, de
    00000281 E5               [16]  664 	push	hl
    00000282 7D               [ 4]  665 	ld	a, l
    00000283 F8 05            [12]  666 	ldhl	sp,	#5
    00000285 77               [ 8]  667 	ld	(hl), a
    00000286 E1               [12]  668 	pop	hl
    00000287 7C               [ 4]  669 	ld	a, h
    00000288 F8 04            [12]  670 	ldhl	sp,	#4
    0000028A 32               [ 8]  671 	ld	(hl-), a
    0000028B 06 00            [ 8]  672 	ld	b, #0x00
    0000028D 79               [ 4]  673 	ld	a, c
    0000028E 96               [ 8]  674 	sub	a, (hl)
    0000028F 23               [ 8]  675 	inc	hl
    00000290 78               [ 4]  676 	ld	a, b
    00000291 9E               [ 8]  677 	sbc	a, (hl)
    00000292 30 4D            [12]  678 	jr	NC, 00102$
                                    679 ;src/LevelLogic.c:136: ax + aw > bx &&
    00000294 F8 08            [12]  680 	ldhl	sp,	#8
    00000296 7E               [ 8]  681 	ld	a, (hl)
    00000297 1E 00            [ 8]  682 	ld	e, #0x00
    00000299 81               [ 4]  683 	add	a, c
    0000029A 4F               [ 4]  684 	ld	c, a
    0000029B 7B               [ 4]  685 	ld	a, e
    0000029C 88               [ 4]  686 	adc	a, b
    0000029D 47               [ 4]  687 	ld	b, a
    0000029E F8 01            [12]  688 	ldhl	sp,	#1
    000002A0 2A               [ 8]  689 	ld	a, (hl+)
    000002A1 91               [ 4]  690 	sub	a, c
    000002A2 7E               [ 8]  691 	ld	a, (hl)
    000002A3 98               [ 4]  692 	sbc	a, b
    000002A4 30 3B            [12]  693 	jr	NC, 00102$
                                    694 ;src/LevelLogic.c:137: ay < by + bh &&
    000002A6 F8 0B            [12]  695 	ldhl	sp,	#11
    000002A8 7E               [ 8]  696 	ld	a, (hl)
    000002A9 F8 01            [12]  697 	ldhl	sp,	#1
    000002AB 22               [ 8]  698 	ld	(hl+), a
    000002AC 36 00            [12]  699 	ld	(hl), #0x00
    000002AE F8 0D            [12]  700 	ldhl	sp,	#13
    000002B0 4E               [ 8]  701 	ld	c, (hl)
    000002B1 06 00            [ 8]  702 	ld	b, #0x00
    000002B3 F8 01            [12]  703 	ldhl	sp,	#1
    000002B5 2A               [ 8]  704 	ld	a,	(hl+)
    000002B6 66               [ 8]  705 	ld	h, (hl)
    000002B7 6F               [ 4]  706 	ld	l, a
    000002B8 09               [ 8]  707 	add	hl, bc
    000002B9 4D               [ 4]  708 	ld	c, l
    000002BA 44               [ 4]  709 	ld	b, h
    000002BB F8 05            [12]  710 	ldhl	sp,	#5
    000002BD 3A               [ 8]  711 	ld	a, (hl-)
    000002BE 2B               [ 8]  712 	dec	hl
    000002BF 22               [ 8]  713 	ld	(hl+), a
    000002C0 AF               [ 4]  714 	xor	a, a
    000002C1 32               [ 8]  715 	ld	(hl-), a
    000002C2 2A               [ 8]  716 	ld	a, (hl+)
    000002C3 91               [ 4]  717 	sub	a, c
    000002C4 7E               [ 8]  718 	ld	a, (hl)
    000002C5 98               [ 4]  719 	sbc	a, b
    000002C6 30 19            [12]  720 	jr	NC, 00102$
                                    721 ;src/LevelLogic.c:138: ay + ah > by){
    000002C8 F8 09            [12]  722 	ldhl	sp,	#9
    000002CA 4E               [ 8]  723 	ld	c, (hl)
    000002CB 06 00            [ 8]  724 	ld	b, #0x00
    000002CD F8 03            [12]  725 	ldhl	sp,	#3
    000002CF 2A               [ 8]  726 	ld	a,	(hl+)
    000002D0 66               [ 8]  727 	ld	h, (hl)
    000002D1 6F               [ 4]  728 	ld	l, a
    000002D2 09               [ 8]  729 	add	hl, bc
    000002D3 4D               [ 4]  730 	ld	c, l
    000002D4 44               [ 4]  731 	ld	b, h
    000002D5 F8 01            [12]  732 	ldhl	sp,	#1
    000002D7 2A               [ 8]  733 	ld	a, (hl+)
    000002D8 91               [ 4]  734 	sub	a, c
    000002D9 7E               [ 8]  735 	ld	a, (hl)
    000002DA 98               [ 4]  736 	sbc	a, b
    000002DB 30 04            [12]  737 	jr	NC, 00102$
                                    738 ;src/LevelLogic.c:139: res = 1;
    000002DD 2B               [ 8]  739 	dec	hl
    000002DE 2B               [ 8]  740 	dec	hl
    000002DF 36 01            [12]  741 	ld	(hl), #0x01
    000002E1                        742 00102$:
                                    743 ;src/LevelLogic.c:141: return res;
    000002E1 F8 00            [12]  744 	ldhl	sp,	#0
    000002E3 7E               [ 8]  745 	ld	a, (hl)
                                    746 ;src/LevelLogic.c:142: }
    000002E4 E8 06            [16]  747 	add	sp, #6
    000002E6 E1               [12]  748 	pop	hl
    000002E7 E8 06            [16]  749 	add	sp, #6
    000002E9 E9               [ 4]  750 	jp	(hl)
                                    751 ;src/LevelLogic.c:145: void get_init_point_from_map(uint8_t colision_map[NUMBER_OF_TILES_IN_GRID]){
                                    752 ;	---------------------------------
                                    753 ; Function get_init_point_from_map
                                    754 ; ---------------------------------
    000002EA                        755 _get_init_point_from_map::
                                    756 ;src/LevelLogic.c:146: for(uint16_t i = 0; i<NUMBER_OF_TILES_IN_GRID; i++){
    000002EA 01 00 00         [12]  757 	ld	bc, #0x0000
    000002ED                        758 00119$:
    000002ED 69               [ 4]  759 	ld	l, c
    000002EE 60               [ 4]  760 	ld	h, b
    000002EF 7D               [ 4]  761 	ld	a, l
    000002F0 D6 2C            [ 8]  762 	sub	a, #0x2c
    000002F2 7C               [ 4]  763 	ld	a, h
    000002F3 DE 01            [ 8]  764 	sbc	a, #0x01
    000002F5 D0               [20]  765 	ret	NC
                                    766 ;src/LevelLogic.c:147: if(colision_map[i] == SOURCE_L || colision_map[i] == SOURCE_R || colision_map[i] == SOURCE_U || colision_map[i] == SOURCE_D){
    000002F6 69               [ 4]  767 	ld	l, c
    000002F7 60               [ 4]  768 	ld	h, b
    000002F8 19               [ 8]  769 	add	hl, de
    000002F9 7E               [ 8]  770 	ld	a, (hl)
    000002FA FE 0E            [ 8]  771 	cp	a, #0x0e
    000002FC 28 0C            [12]  772 	jr	Z, 00112$
    000002FE FE 03            [ 8]  773 	cp	a, #0x03
    00000300 28 08            [12]  774 	jr	Z, 00112$
    00000302 FE 0F            [ 8]  775 	cp	a, #0x0f
    00000304 28 04            [12]  776 	jr	Z, 00112$
    00000306 D6 10            [ 8]  777 	sub	a, #0x10
    00000308 20 33            [12]  778 	jr	NZ, 00120$
    0000030A                        779 00112$:
                                    780 ;src/LevelLogic.c:148: global_init_point = i;
    0000030A 79               [ 4]  781 	ld	a, c
    0000030B EAr29r00         [16]  782 	ld	(_global_init_point), a
    0000030E 78               [ 4]  783 	ld	a, b
    0000030F EAr2Ar00         [16]  784 	ld	(_global_init_point + 1), a
                                    785 ;src/LevelLogic.c:149: if(colision_map[i]==SOURCE_L){
    00000312 7E               [ 8]  786 	ld	a, (hl)
    00000313 FE 0E            [ 8]  787 	cp	a, #0x0e
    00000315 20 07            [12]  788 	jr	NZ, 00110$
                                    789 ;src/LevelLogic.c:150: global_first_x = -1;
    00000317 21r33r01         [12]  790 	ld	hl, #_global_first_x
    0000031A 36 FF            [12]  791 	ld	(hl), #0xff
    0000031C 18 1F            [12]  792 	jr	00120$
    0000031E                        793 00110$:
                                    794 ;src/LevelLogic.c:151: } else if(colision_map[i]==SOURCE_R){
    0000031E FE 03            [ 8]  795 	cp	a, #0x03
    00000320 20 07            [12]  796 	jr	NZ, 00107$
                                    797 ;src/LevelLogic.c:152: global_first_x = 1;
    00000322 21r33r01         [12]  798 	ld	hl, #_global_first_x
    00000325 36 01            [12]  799 	ld	(hl), #0x01
    00000327 18 14            [12]  800 	jr	00120$
    00000329                        801 00107$:
                                    802 ;src/LevelLogic.c:153: }else if(colision_map[i]==SOURCE_U){
    00000329 FE 0F            [ 8]  803 	cp	a, #0x0f
    0000032B 20 07            [12]  804 	jr	NZ, 00104$
                                    805 ;src/LevelLogic.c:154: global_first_y = -1;
    0000032D 21r34r01         [12]  806 	ld	hl, #_global_first_y
    00000330 36 FF            [12]  807 	ld	(hl), #0xff
    00000332 18 09            [12]  808 	jr	00120$
    00000334                        809 00104$:
                                    810 ;src/LevelLogic.c:155: }else if(colision_map[i]==SOURCE_D){
    00000334 D6 10            [ 8]  811 	sub	a, #0x10
    00000336 20 05            [12]  812 	jr	NZ, 00120$
                                    813 ;src/LevelLogic.c:156: global_first_y = 1;
    00000338 21r34r01         [12]  814 	ld	hl, #_global_first_y
    0000033B 36 01            [12]  815 	ld	(hl), #0x01
    0000033D                        816 00120$:
                                    817 ;src/LevelLogic.c:146: for(uint16_t i = 0; i<NUMBER_OF_TILES_IN_GRID; i++){
    0000033D 03               [ 8]  818 	inc	bc
                                    819 ;src/LevelLogic.c:160: }
    0000033E 18 AD            [12]  820 	jr	00119$
                                    821 ;src/LevelLogic.c:162: void move_foward_block_id(uint8_t button_pressed){
                                    822 ;	---------------------------------
                                    823 ; Function move_foward_block_id
                                    824 ; ---------------------------------
    00000340                        825 _move_foward_block_id::
                                    826 ;src/LevelLogic.c:166: switch (button_pressed)
    00000340 B7               [ 4]  827 	or	a, a
    00000341 28 05            [12]  828 	jr	Z, 00101$
    00000343 3D               [ 4]  829 	dec	a
    00000344 28 08            [12]  830 	jr	Z, 00102$
    00000346 18 0A            [12]  831 	jr	00104$
                                    832 ;src/LevelLogic.c:168: case 0:
    00000348                        833 00101$:
                                    834 ;src/LevelLogic.c:169: global_selected_block ++;
    00000348 21r32r01         [12]  835 	ld	hl, #_global_selected_block
    0000034B 34               [12]  836 	inc	(hl)
                                    837 ;src/LevelLogic.c:170: break;
    0000034C 18 04            [12]  838 	jr	00104$
                                    839 ;src/LevelLogic.c:172: case 1:
    0000034E                        840 00102$:
                                    841 ;src/LevelLogic.c:173: global_selected_block --;
    0000034E 21r32r01         [12]  842 	ld	hl, #_global_selected_block
    00000351 35               [12]  843 	dec	(hl)
                                    844 ;src/LevelLogic.c:178: }
    00000352                        845 00104$:
                                    846 ;src/LevelLogic.c:181: if(global_selected_block >= HUD_ITEM_COUNT) {
    00000352 21r32r01         [12]  847 	ld	hl, #_global_selected_block
    00000355 7E               [ 8]  848 	ld	a, (hl)
    00000356 EE 80            [ 8]  849 	xor	a, #0x80
    00000358 D6 88            [ 8]  850 	sub	a, #0x88
    0000035A 38 05            [12]  851 	jr	C, 00108$
                                    852 ;src/LevelLogic.c:182: global_selected_block -= HUD_ITEM_COUNT;
    0000035C 7E               [ 8]  853 	ld	a, (hl)
    0000035D C6 F8            [ 8]  854 	add	a, #0xf8
    0000035F 77               [ 8]  855 	ld	(hl), a
    00000360 C9               [16]  856 	ret
    00000361                        857 00108$:
                                    858 ;src/LevelLogic.c:183: } else if(global_selected_block < 0) {
    00000361 21r32r01         [12]  859 	ld	hl, #_global_selected_block
    00000364 CB 7E            [12]  860 	bit	7, (hl)
    00000366 C8               [20]  861 	ret	Z
                                    862 ;src/LevelLogic.c:184: global_selected_block += HUD_ITEM_COUNT;
    00000367 7E               [ 8]  863 	ld	a, (hl)
    00000368 C6 08            [ 8]  864 	add	a, #0x08
    0000036A 77               [ 8]  865 	ld	(hl), a
                                    866 ;src/LevelLogic.c:186: }
    0000036B C9               [16]  867 	ret
                                    868 ;src/LevelLogic.c:188: void init_start_selection_menu(void){
                                    869 ;	---------------------------------
                                    870 ; Function init_start_selection_menu
                                    871 ; ---------------------------------
    0000036C                        872 _init_start_selection_menu::
                                    873 ;src/LevelLogic.c:189: HIDE_WIN;
    0000036C F0r00            [12]  874 	ldh	a, (_LCDC_REG + 0)
    0000036E E6 DF            [ 8]  875 	and	a, #0xdf
    00000370 E0r00            [12]  876 	ldh	(_LCDC_REG + 0), a
                                    877 ;src/LevelLogic.c:190: HIDE_SPRITES;
    00000372 F0r00            [12]  878 	ldh	a, (_LCDC_REG + 0)
    00000374 E6 FD            [ 8]  879 	and	a, #0xfd
    00000376 E0r00            [12]  880 	ldh	(_LCDC_REG + 0), a
                                    881 ;src/LevelLogic.c:191: set_bkg_data(0,232,map_tiles_alt);
    00000378 11r00r00         [12]  882 	ld	de, #_map_tiles_alt
    0000037B D5               [16]  883 	push	de
    0000037C 21 00 E8         [12]  884 	ld	hl, #0xe800
    0000037F E5               [16]  885 	push	hl
    00000380 CDr00r00         [24]  886 	call	_set_bkg_data
    00000383 E8 04            [16]  887 	add	sp, #4
                                    888 ;src/LevelLogic.c:192: set_bkg_tiles(0,0,20,18,selection_menu);
    00000385 11r00r00         [12]  889 	ld	de, #_selection_menu
    00000388 D5               [16]  890 	push	de
    00000389 21 14 12         [12]  891 	ld	hl, #0x1214
    0000038C E5               [16]  892 	push	hl
    0000038D AF               [ 4]  893 	xor	a, a
    0000038E 0F               [ 4]  894 	rrca
    0000038F F5               [16]  895 	push	af
    00000390 CDr00r00         [24]  896 	call	_set_bkg_tiles
    00000393 E8 06            [16]  897 	add	sp, #6
                                    898 ;src/LevelLogic.c:193: SHOW_BKG;
    00000395 F0r00            [12]  899 	ldh	a, (_LCDC_REG + 0)
    00000397 F6 01            [ 8]  900 	or	a, #0x01
    00000399 E0r00            [12]  901 	ldh	(_LCDC_REG + 0), a
                                    902 ;src/LevelLogic.c:194: }
    0000039B C9               [16]  903 	ret
                                    904 ;src/LevelLogic.c:196: void update_start_selection_menu(void){
                                    905 ;	---------------------------------
                                    906 ; Function update_start_selection_menu
                                    907 ; ---------------------------------
    0000039C                        908 _update_start_selection_menu::
                                    909 ;src/LevelLogic.c:197: if(joypad() & J_START){
    0000039C CDr00r00         [24]  910 	call	_joypad
    0000039F 07               [ 4]  911 	rlca
    000003A0 D0               [20]  912 	ret	NC
                                    913 ;src/LevelLogic.c:198: update_game_state(STATE_GAME_SETTING);
    000003A1 3E 02            [ 8]  914 	ld	a, #0x02
                                    915 ;src/LevelLogic.c:200: }
    000003A3 C3rB3r00         [16]  916 	jp	_update_game_state
                                    917 ;src/LevelLogic.c:202: void init_victory_screen(void){
                                    918 ;	---------------------------------
                                    919 ; Function init_victory_screen
                                    920 ; ---------------------------------
    000003A6                        921 _init_victory_screen::
                                    922 ;src/LevelLogic.c:203: HIDE_SPRITES;
    000003A6 F0r00            [12]  923 	ldh	a, (_LCDC_REG + 0)
    000003A8 E6 FD            [ 8]  924 	and	a, #0xfd
    000003AA E0r00            [12]  925 	ldh	(_LCDC_REG + 0), a
                                    926 ;src/LevelLogic.c:204: hide_character();
    000003AC CDr00r00         [24]  927 	call	_hide_character
                                    928 ;src/LevelLogic.c:205: set_win_tiles(0,0,20,12,victory_screen);
    000003AF 11r00r00         [12]  929 	ld	de, #_victory_screen
    000003B2 D5               [16]  930 	push	de
    000003B3 21 14 0C         [12]  931 	ld	hl, #0xc14
    000003B6 E5               [16]  932 	push	hl
    000003B7 AF               [ 4]  933 	xor	a, a
    000003B8 0F               [ 4]  934 	rrca
    000003B9 F5               [16]  935 	push	af
    000003BA CDr00r00         [24]  936 	call	_set_win_tiles
    000003BD E8 06            [16]  937 	add	sp, #6
                                    938 ;src/LevelLogic.c:206: move_win_screen(-64);
    000003BF 3E C0            [ 8]  939 	ld	a, #0xc0
    000003C1 CDr00r00         [24]  940 	call	_move_win_screen
                                    941 ;src/LevelLogic.c:207: SHOW_WIN;
    000003C4 F0r00            [12]  942 	ldh	a, (_LCDC_REG + 0)
    000003C6 F6 20            [ 8]  943 	or	a, #0x20
    000003C8 E0r00            [12]  944 	ldh	(_LCDC_REG + 0), a
                                    945 ;src/LevelLogic.c:208: }
    000003CA C9               [16]  946 	ret
                                    947 ;src/LevelLogic.c:210: void update_victory_screen(void){
                                    948 ;	---------------------------------
                                    949 ; Function update_victory_screen
                                    950 ; ---------------------------------
    000003CB                        951 _update_victory_screen::
                                    952 ;src/LevelLogic.c:211: if(joypad() & J_START){
    000003CB CDr00r00         [24]  953 	call	_joypad
    000003CE 07               [ 4]  954 	rlca
    000003CF D0               [20]  955 	ret	NC
                                    956 ;src/LevelLogic.c:212: update_game_state(STATE_SELECTION);
    000003D0 3E 01            [ 8]  957 	ld	a, #0x01
                                    958 ;src/LevelLogic.c:214: }
    000003D2 C3rB3r00         [16]  959 	jp	_update_game_state
                                    960 ;src/LevelLogic.c:216: void init_game_over_screen(void){
                                    961 ;	---------------------------------
                                    962 ; Function init_game_over_screen
                                    963 ; ---------------------------------
    000003D5                        964 _init_game_over_screen::
                                    965 ;src/LevelLogic.c:217: HIDE_SPRITES;
    000003D5 F0r00            [12]  966 	ldh	a, (_LCDC_REG + 0)
    000003D7 E6 FD            [ 8]  967 	and	a, #0xfd
    000003D9 E0r00            [12]  968 	ldh	(_LCDC_REG + 0), a
                                    969 ;src/LevelLogic.c:218: hide_character();
    000003DB CDr00r00         [24]  970 	call	_hide_character
                                    971 ;src/LevelLogic.c:219: set_win_tiles(0,0,20,12,game_over_screen);
    000003DE 11r00r00         [12]  972 	ld	de, #_game_over_screen
    000003E1 D5               [16]  973 	push	de
    000003E2 21 14 0C         [12]  974 	ld	hl, #0xc14
    000003E5 E5               [16]  975 	push	hl
    000003E6 AF               [ 4]  976 	xor	a, a
    000003E7 0F               [ 4]  977 	rrca
    000003E8 F5               [16]  978 	push	af
    000003E9 CDr00r00         [24]  979 	call	_set_win_tiles
    000003EC E8 06            [16]  980 	add	sp, #6
                                    981 ;src/LevelLogic.c:220: move_win_screen(-64);
    000003EE 3E C0            [ 8]  982 	ld	a, #0xc0
    000003F0 CDr00r00         [24]  983 	call	_move_win_screen
                                    984 ;src/LevelLogic.c:221: SHOW_WIN;
    000003F3 F0r00            [12]  985 	ldh	a, (_LCDC_REG + 0)
    000003F5 F6 20            [ 8]  986 	or	a, #0x20
    000003F7 E0r00            [12]  987 	ldh	(_LCDC_REG + 0), a
                                    988 ;src/LevelLogic.c:222: }
    000003F9 C9               [16]  989 	ret
                                    990 ;src/LevelLogic.c:224: void update_game_over_screen(void){
                                    991 ;	---------------------------------
                                    992 ; Function update_game_over_screen
                                    993 ; ---------------------------------
    000003FA                        994 _update_game_over_screen::
                                    995 ;src/LevelLogic.c:225: if(joypad() & J_START){
    000003FA CDr00r00         [24]  996 	call	_joypad
    000003FD 07               [ 4]  997 	rlca
    000003FE D0               [20]  998 	ret	NC
                                    999 ;src/LevelLogic.c:226: update_game_state(STATE_GAME_SETTING);
    000003FF 3E 02            [ 8] 1000 	ld	a, #0x02
                                   1001 ;src/LevelLogic.c:228: }
    00000401 C3rB3r00         [16] 1002 	jp	_update_game_state
                                   1003 	.area _CODE
                                   1004 	.area _INITIALIZER
    00000000                       1005 __xinit__global_colision_map:
    00000000 00                    1006 	.db #0x00	; 0
    00000001 00                    1007 	.db 0x00
    00000002 00                    1008 	.db 0x00
    00000003 00                    1009 	.db 0x00
    00000004 00                    1010 	.db 0x00
    00000005 00                    1011 	.db 0x00
    00000006 00                    1012 	.db 0x00
    00000007 00                    1013 	.db 0x00
    00000008 00                    1014 	.db 0x00
    00000009 00                    1015 	.db 0x00
    0000000A 00                    1016 	.db 0x00
    0000000B 00                    1017 	.db 0x00
    0000000C 00                    1018 	.db 0x00
    0000000D 00                    1019 	.db 0x00
    0000000E 00                    1020 	.db 0x00
    0000000F 00                    1021 	.db 0x00
    00000010 00                    1022 	.db 0x00
    00000011 00                    1023 	.db 0x00
    00000012 00                    1024 	.db 0x00
    00000013 00                    1025 	.db 0x00
    00000014 00                    1026 	.db 0x00
    00000015 00                    1027 	.db 0x00
    00000016 00                    1028 	.db 0x00
    00000017 00                    1029 	.db 0x00
    00000018 00                    1030 	.db 0x00
    00000019 00                    1031 	.db 0x00
    0000001A 00                    1032 	.db 0x00
    0000001B 00                    1033 	.db 0x00
    0000001C 00                    1034 	.db 0x00
    0000001D 00                    1035 	.db 0x00
    0000001E 00                    1036 	.db 0x00
    0000001F 00                    1037 	.db 0x00
    00000020 00                    1038 	.db 0x00
    00000021 00                    1039 	.db 0x00
    00000022 00                    1040 	.db 0x00
    00000023 00                    1041 	.db 0x00
    00000024 00                    1042 	.db 0x00
    00000025 00                    1043 	.db 0x00
    00000026 00                    1044 	.db 0x00
    00000027 00                    1045 	.db 0x00
    00000028 00                    1046 	.db 0x00
    00000029 00                    1047 	.db 0x00
    0000002A 00                    1048 	.db 0x00
    0000002B 00                    1049 	.db 0x00
    0000002C 00                    1050 	.db 0x00
    0000002D 00                    1051 	.db 0x00
    0000002E 00                    1052 	.db 0x00
    0000002F 00                    1053 	.db 0x00
    00000030 00                    1054 	.db 0x00
    00000031 00                    1055 	.db 0x00
    00000032 00                    1056 	.db 0x00
    00000033 00                    1057 	.db 0x00
    00000034 00                    1058 	.db 0x00
    00000035 00                    1059 	.db 0x00
    00000036 00                    1060 	.db 0x00
    00000037 00                    1061 	.db 0x00
    00000038 00                    1062 	.db 0x00
    00000039 00                    1063 	.db 0x00
    0000003A 00                    1064 	.db 0x00
    0000003B 00                    1065 	.db 0x00
    0000003C 00                    1066 	.db 0x00
    0000003D 00                    1067 	.db 0x00
    0000003E 00                    1068 	.db 0x00
    0000003F 00                    1069 	.db 0x00
    00000040 00                    1070 	.db 0x00
    00000041 00                    1071 	.db 0x00
    00000042 00                    1072 	.db 0x00
    00000043 00                    1073 	.db 0x00
    00000044 00                    1074 	.db 0x00
    00000045 00                    1075 	.db 0x00
    00000046 00                    1076 	.db 0x00
    00000047 00                    1077 	.db 0x00
    00000048 00                    1078 	.db 0x00
    00000049 00                    1079 	.db 0x00
    0000004A 00                    1080 	.db 0x00
    0000004B 00                    1081 	.db 0x00
    0000004C 00                    1082 	.db 0x00
    0000004D 00                    1083 	.db 0x00
    0000004E 00                    1084 	.db 0x00
    0000004F 00                    1085 	.db 0x00
    00000050 00                    1086 	.db 0x00
    00000051 00                    1087 	.db 0x00
    00000052 00                    1088 	.db 0x00
    00000053 00                    1089 	.db 0x00
    00000054 00                    1090 	.db 0x00
    00000055 00                    1091 	.db 0x00
    00000056 00                    1092 	.db 0x00
    00000057 00                    1093 	.db 0x00
    00000058 00                    1094 	.db 0x00
    00000059 00                    1095 	.db 0x00
    0000005A 00                    1096 	.db 0x00
    0000005B 00                    1097 	.db 0x00
    0000005C 00                    1098 	.db 0x00
    0000005D 00                    1099 	.db 0x00
    0000005E 00                    1100 	.db 0x00
    0000005F 00                    1101 	.db 0x00
    00000060 00                    1102 	.db 0x00
    00000061 00                    1103 	.db 0x00
    00000062 00                    1104 	.db 0x00
    00000063 00                    1105 	.db 0x00
    00000064 00                    1106 	.db 0x00
    00000065 00                    1107 	.db 0x00
    00000066 00                    1108 	.db 0x00
    00000067 00                    1109 	.db 0x00
    00000068 00                    1110 	.db 0x00
    00000069 00                    1111 	.db 0x00
    0000006A 00                    1112 	.db 0x00
    0000006B 00                    1113 	.db 0x00
    0000006C 00                    1114 	.db 0x00
    0000006D 00                    1115 	.db 0x00
    0000006E 00                    1116 	.db 0x00
    0000006F 00                    1117 	.db 0x00
    00000070 00                    1118 	.db 0x00
    00000071 00                    1119 	.db 0x00
    00000072 00                    1120 	.db 0x00
    00000073 00                    1121 	.db 0x00
    00000074 00                    1122 	.db 0x00
    00000075 00                    1123 	.db 0x00
    00000076 00                    1124 	.db 0x00
    00000077 00                    1125 	.db 0x00
    00000078 00                    1126 	.db 0x00
    00000079 00                    1127 	.db 0x00
    0000007A 00                    1128 	.db 0x00
    0000007B 00                    1129 	.db 0x00
    0000007C 00                    1130 	.db 0x00
    0000007D 00                    1131 	.db 0x00
    0000007E 00                    1132 	.db 0x00
    0000007F 00                    1133 	.db 0x00
    00000080 00                    1134 	.db 0x00
    00000081 00                    1135 	.db 0x00
    00000082 00                    1136 	.db 0x00
    00000083 00                    1137 	.db 0x00
    00000084 00                    1138 	.db 0x00
    00000085 00                    1139 	.db 0x00
    00000086 00                    1140 	.db 0x00
    00000087 00                    1141 	.db 0x00
    00000088 00                    1142 	.db 0x00
    00000089 00                    1143 	.db 0x00
    0000008A 00                    1144 	.db 0x00
    0000008B 00                    1145 	.db 0x00
    0000008C 00                    1146 	.db 0x00
    0000008D 00                    1147 	.db 0x00
    0000008E 00                    1148 	.db 0x00
    0000008F 00                    1149 	.db 0x00
    00000090 00                    1150 	.db 0x00
    00000091 00                    1151 	.db 0x00
    00000092 00                    1152 	.db 0x00
    00000093 00                    1153 	.db 0x00
    00000094 00                    1154 	.db 0x00
    00000095 00                    1155 	.db 0x00
    00000096 00                    1156 	.db 0x00
    00000097 00                    1157 	.db 0x00
    00000098 00                    1158 	.db 0x00
    00000099 00                    1159 	.db 0x00
    0000009A 00                    1160 	.db 0x00
    0000009B 00                    1161 	.db 0x00
    0000009C 00                    1162 	.db 0x00
    0000009D 00                    1163 	.db 0x00
    0000009E 00                    1164 	.db 0x00
    0000009F 00                    1165 	.db 0x00
    000000A0 00                    1166 	.db 0x00
    000000A1 00                    1167 	.db 0x00
    000000A2 00                    1168 	.db 0x00
    000000A3 00                    1169 	.db 0x00
    000000A4 00                    1170 	.db 0x00
    000000A5 00                    1171 	.db 0x00
    000000A6 00                    1172 	.db 0x00
    000000A7 00                    1173 	.db 0x00
    000000A8 00                    1174 	.db 0x00
    000000A9 00                    1175 	.db 0x00
    000000AA 00                    1176 	.db 0x00
    000000AB 00                    1177 	.db 0x00
    000000AC 00                    1178 	.db 0x00
    000000AD 00                    1179 	.db 0x00
    000000AE 00                    1180 	.db 0x00
    000000AF 00                    1181 	.db 0x00
    000000B0 00                    1182 	.db 0x00
    000000B1 00                    1183 	.db 0x00
    000000B2 00                    1184 	.db 0x00
    000000B3 00                    1185 	.db 0x00
    000000B4 00                    1186 	.db 0x00
    000000B5 00                    1187 	.db 0x00
    000000B6 00                    1188 	.db 0x00
    000000B7 00                    1189 	.db 0x00
    000000B8 00                    1190 	.db 0x00
    000000B9 00                    1191 	.db 0x00
    000000BA 00                    1192 	.db 0x00
    000000BB 00                    1193 	.db 0x00
    000000BC 00                    1194 	.db 0x00
    000000BD 00                    1195 	.db 0x00
    000000BE 00                    1196 	.db 0x00
    000000BF 00                    1197 	.db 0x00
    000000C0 00                    1198 	.db 0x00
    000000C1 00                    1199 	.db 0x00
    000000C2 00                    1200 	.db 0x00
    000000C3 00                    1201 	.db 0x00
    000000C4 00                    1202 	.db 0x00
    000000C5 00                    1203 	.db 0x00
    000000C6 00                    1204 	.db 0x00
    000000C7 00                    1205 	.db 0x00
    000000C8 00                    1206 	.db 0x00
    000000C9 00                    1207 	.db 0x00
    000000CA 00                    1208 	.db 0x00
    000000CB 00                    1209 	.db 0x00
    000000CC 00                    1210 	.db 0x00
    000000CD 00                    1211 	.db 0x00
    000000CE 00                    1212 	.db 0x00
    000000CF 00                    1213 	.db 0x00
    000000D0 00                    1214 	.db 0x00
    000000D1 00                    1215 	.db 0x00
    000000D2 00                    1216 	.db 0x00
    000000D3 00                    1217 	.db 0x00
    000000D4 00                    1218 	.db 0x00
    000000D5 00                    1219 	.db 0x00
    000000D6 00                    1220 	.db 0x00
    000000D7 00                    1221 	.db 0x00
    000000D8 00                    1222 	.db 0x00
    000000D9 00                    1223 	.db 0x00
    000000DA 00                    1224 	.db 0x00
    000000DB 00                    1225 	.db 0x00
    000000DC 00                    1226 	.db 0x00
    000000DD 00                    1227 	.db 0x00
    000000DE 00                    1228 	.db 0x00
    000000DF 00                    1229 	.db 0x00
    000000E0 00                    1230 	.db 0x00
    000000E1 00                    1231 	.db 0x00
    000000E2 00                    1232 	.db 0x00
    000000E3 00                    1233 	.db 0x00
    000000E4 00                    1234 	.db 0x00
    000000E5 00                    1235 	.db 0x00
    000000E6 00                    1236 	.db 0x00
    000000E7 00                    1237 	.db 0x00
    000000E8 00                    1238 	.db 0x00
    000000E9 00                    1239 	.db 0x00
    000000EA 00                    1240 	.db 0x00
    000000EB 00                    1241 	.db 0x00
    000000EC 00                    1242 	.db 0x00
    000000ED 00                    1243 	.db 0x00
    000000EE 00                    1244 	.db 0x00
    000000EF 00                    1245 	.db 0x00
    000000F0 00                    1246 	.db 0x00
    000000F1 00                    1247 	.db 0x00
    000000F2 00                    1248 	.db 0x00
    000000F3 00                    1249 	.db 0x00
    000000F4 00                    1250 	.db 0x00
    000000F5 00                    1251 	.db 0x00
    000000F6 00                    1252 	.db 0x00
    000000F7 00                    1253 	.db 0x00
    000000F8 00                    1254 	.db 0x00
    000000F9 00                    1255 	.db 0x00
    000000FA 00                    1256 	.db 0x00
    000000FB 00                    1257 	.db 0x00
    000000FC 00                    1258 	.db 0x00
    000000FD 00                    1259 	.db 0x00
    000000FE 00                    1260 	.db 0x00
    000000FF 00                    1261 	.db 0x00
    00000100 00                    1262 	.db 0x00
    00000101 00                    1263 	.db 0x00
    00000102 00                    1264 	.db 0x00
    00000103 00                    1265 	.db 0x00
    00000104 00                    1266 	.db 0x00
    00000105 00                    1267 	.db 0x00
    00000106 00                    1268 	.db 0x00
    00000107 00                    1269 	.db 0x00
    00000108 00                    1270 	.db 0x00
    00000109 00                    1271 	.db 0x00
    0000010A 00                    1272 	.db 0x00
    0000010B 00                    1273 	.db 0x00
    0000010C 00                    1274 	.db 0x00
    0000010D 00                    1275 	.db 0x00
    0000010E 00                    1276 	.db 0x00
    0000010F 00                    1277 	.db 0x00
    00000110 00                    1278 	.db 0x00
    00000111 00                    1279 	.db 0x00
    00000112 00                    1280 	.db 0x00
    00000113 00                    1281 	.db 0x00
    00000114 00                    1282 	.db 0x00
    00000115 00                    1283 	.db 0x00
    00000116 00                    1284 	.db 0x00
    00000117 00                    1285 	.db 0x00
    00000118 00                    1286 	.db 0x00
    00000119 00                    1287 	.db 0x00
    0000011A 00                    1288 	.db 0x00
    0000011B 00                    1289 	.db 0x00
    0000011C 00                    1290 	.db 0x00
    0000011D 00                    1291 	.db 0x00
    0000011E 00                    1292 	.db 0x00
    0000011F 00                    1293 	.db 0x00
    00000120 00                    1294 	.db 0x00
    00000121 00                    1295 	.db 0x00
    00000122 00                    1296 	.db 0x00
    00000123 00                    1297 	.db 0x00
    00000124 00                    1298 	.db 0x00
    00000125 00                    1299 	.db 0x00
    00000126 00                    1300 	.db 0x00
    00000127 00                    1301 	.db 0x00
    00000128 00                    1302 	.db 0x00
    00000129 00                    1303 	.db 0x00
    0000012A 00                    1304 	.db 0x00
    0000012B 00                    1305 	.db 0x00
    0000012C                       1306 __xinit__global_blocks_available:
    0000012C 00                    1307 	.db #0x00	; 0
    0000012D 00                    1308 	.db 0x00
    0000012E 00                    1309 	.db 0x00
    0000012F 00                    1310 	.db 0x00
    00000130 00                    1311 	.db 0x00
    00000131 00                    1312 	.db 0x00
    00000132                       1313 __xinit__global_selected_block:
    00000132 00                    1314 	.db #0x00	;  0
    00000133                       1315 __xinit__global_first_x:
    00000133 00                    1316 	.db #0x00	;  0
    00000134                       1317 __xinit__global_first_y:
    00000134 00                    1318 	.db #0x00	;  0
    00000135                       1319 __xinit__global_levels_array:
    00000135r00r00                 1320 	.dw _map_test
    00000137r00r00                 1321 	.dw _map1_alt
    00000139r00r00                 1322 	.dw _map2
    0000013B                       1323 __xinit__global_level_objects_array:
    0000013Br00r00                 1324 	.dw _objects_map_test
    0000013Dr00r00                 1325 	.dw _objects_map1_alt
    0000013Fr00r00                 1326 	.dw _objects_map2
    00000141                       1327 __xinit__global_level_blocks_array:
    00000141r00r00                 1328 	.dw _blocks_map_test
    00000143r00r00                 1329 	.dw _blocks_map1_alt
    00000145r00r00                 1330 	.dw _blocks_map2
    00000147                       1331 __xinit__global_actual_level:
    00000147 00                    1332 	.db #0x00	; 0
                                   1333 	.area _CABS (ABS)
