                                      1 ;--------------------------------------------------------
                                      2 ; File Created by SDCC : free open source ISO C Compiler
                                      3 ; Version 4.5.1 #15267 (Linux)
                                      4 ;--------------------------------------------------------
                                      5 	.module main
                                      6 	
                                      7 ;--------------------------------------------------------
                                      8 ; Public variables in this module
                                      9 ;--------------------------------------------------------
                                     10 	.globl _main
                                     11 	.globl _init_gfx
                                     12 	.globl _draw_game_hud_buttons
                                     13 	.globl _print_objects_in_screen
                                     14 	.globl _update_pointer
                                     15 	.globl _pointer_init
                                     16 	.globl _update_start_selection_menu
                                     17 	.globl _init_start_selection_menu
                                     18 	.globl _init_level
                                     19 	.globl _get_colision_from_map
                                     20 	.globl _update_game_state
                                     21 	.globl _update_character
                                     22 	.globl _character_init
                                     23 	.globl _performantdelay
                                     24 	.globl _printf
                                     25 	.globl _set_sprite_data
                                     26 	.globl _set_win_tiles
                                     27 	.globl _set_win_data
                                     28 	.globl _set_bkg_tiles
                                     29 	.globl _set_bkg_data
                                     30 	.globl _joypad
                                     31 	.globl _last_state
                                     32 	.globl _s
                                     33 	.globl _p
                                     34 ;--------------------------------------------------------
                                     35 ; special function registers
                                     36 ;--------------------------------------------------------
                                     37 ;--------------------------------------------------------
                                     38 ; ram data
                                     39 ;--------------------------------------------------------
                                     40 	.area _DATA
    00000000                         41 _p::
    00000000                         42 	.ds 15
    0000000F                         43 _s::
    0000000F                         44 	.ds 8
    00000017                         45 _last_state::
    00000017                         46 	.ds 1
                                     47 ;--------------------------------------------------------
                                     48 ; ram data
                                     49 ;--------------------------------------------------------
                                     50 	.area _INITIALIZED
                                     51 ;--------------------------------------------------------
                                     52 ; absolute external ram data
                                     53 ;--------------------------------------------------------
                                     54 	.area _DABS (ABS)
                                     55 ;--------------------------------------------------------
                                     56 ; global & static initialisations
                                     57 ;--------------------------------------------------------
                                     58 	.area _HOME
                                     59 	.area _GSINIT
                                     60 	.area _GSFINAL
                                     61 	.area _GSINIT
                                     62 ;--------------------------------------------------------
                                     63 ; Home
                                     64 ;--------------------------------------------------------
                                     65 	.area _HOME
                                     66 	.area _HOME
                                     67 ;--------------------------------------------------------
                                     68 ; code
                                     69 ;--------------------------------------------------------
                                     70 	.area _CODE
                                     71 ;src/main.c:29: void init_gfx(void){
                                     72 ;	---------------------------------
                                     73 ; Function init_gfx
                                     74 ; ---------------------------------
    00000000                         75 _init_gfx::
                                     76 ;src/main.c:31: set_sprite_data(0, 4, duck);
    00000000 11r00r00         [12]   77 	ld	de, #_duck
    00000003 D5               [16]   78 	push	de
    00000004 21 00 04         [12]   79 	ld	hl, #0x400
    00000007 E5               [16]   80 	push	hl
    00000008 CDr00r00         [24]   81 	call	_set_sprite_data
    0000000B E8 04            [16]   82 	add	sp, #4
                                     83 ;/home/josem/gbdk/include/gb/gb.h:1887: shadow_OAM[nb].tile=tile;
    0000000D 21r02r00         [12]   84 	ld	hl, #(_shadow_OAM + 2)
    00000010 36 00            [12]   85 	ld	(hl), #0x00
    00000012 21r06r00         [12]   86 	ld	hl, #(_shadow_OAM + 6)
    00000015 36 01            [12]   87 	ld	(hl), #0x01
    00000017 21r0Ar00         [12]   88 	ld	hl, #(_shadow_OAM + 10)
    0000001A 36 02            [12]   89 	ld	(hl), #0x02
    0000001C 21r0Er00         [12]   90 	ld	hl, #(_shadow_OAM + 14)
    0000001F 36 03            [12]   91 	ld	(hl), #0x03
                                     92 ;src/main.c:38: set_sprite_data(4, 4, selector);
    00000021 11r00r00         [12]   93 	ld	de, #_selector
    00000024 D5               [16]   94 	push	de
    00000025 21 04 04         [12]   95 	ld	hl, #0x404
    00000028 E5               [16]   96 	push	hl
    00000029 CDr00r00         [24]   97 	call	_set_sprite_data
    0000002C E8 04            [16]   98 	add	sp, #4
                                     99 ;/home/josem/gbdk/include/gb/gb.h:1887: shadow_OAM[nb].tile=tile;
    0000002E 21r12r00         [12]  100 	ld	hl, #(_shadow_OAM + 18)
    00000031 36 04            [12]  101 	ld	(hl), #0x04
    00000033 21r16r00         [12]  102 	ld	hl, #(_shadow_OAM + 22)
    00000036 36 05            [12]  103 	ld	(hl), #0x05
    00000038 21r1Ar00         [12]  104 	ld	hl, #(_shadow_OAM + 26)
    0000003B 36 06            [12]  105 	ld	(hl), #0x06
    0000003D 21r1Er00         [12]  106 	ld	hl, #(_shadow_OAM + 30)
    00000040 36 07            [12]  107 	ld	(hl), #0x07
                                    108 ;src/main.c:45: set_sprite_data(8,8,object_sprites);
    00000042 11r00r00         [12]  109 	ld	de, #_object_sprites
    00000045 D5               [16]  110 	push	de
    00000046 21 08 08         [12]  111 	ld	hl, #0x808
    00000049 E5               [16]  112 	push	hl
    0000004A CDr00r00         [24]  113 	call	_set_sprite_data
    0000004D E8 04            [16]  114 	add	sp, #4
                                    115 ;/home/josem/gbdk/include/gb/gb.h:1887: shadow_OAM[nb].tile=tile;
    0000004F 21r22r00         [12]  116 	ld	hl, #(_shadow_OAM + 34)
    00000052 36 08            [12]  117 	ld	(hl), #0x08
    00000054 21r26r00         [12]  118 	ld	hl, #(_shadow_OAM + 38)
    00000057 36 09            [12]  119 	ld	(hl), #0x09
    00000059 21r2Ar00         [12]  120 	ld	hl, #(_shadow_OAM + 42)
    0000005C 36 0A            [12]  121 	ld	(hl), #0x0a
    0000005E 21r2Er00         [12]  122 	ld	hl, #(_shadow_OAM + 46)
    00000061 36 0B            [12]  123 	ld	(hl), #0x0b
    00000063 21r32r00         [12]  124 	ld	hl, #(_shadow_OAM + 50)
    00000066 36 0C            [12]  125 	ld	(hl), #0x0c
    00000068 21r36r00         [12]  126 	ld	hl, #(_shadow_OAM + 54)
    0000006B 36 0D            [12]  127 	ld	(hl), #0x0d
    0000006D 21r3Ar00         [12]  128 	ld	hl, #(_shadow_OAM + 58)
    00000070 36 0E            [12]  129 	ld	(hl), #0x0e
    00000072 21r3Er00         [12]  130 	ld	hl, #(_shadow_OAM + 62)
    00000075 36 0F            [12]  131 	ld	(hl), #0x0f
                                    132 ;src/main.c:56: set_sprite_data(16,1,block_pointer);
    00000077 11r00r00         [12]  133 	ld	de, #_block_pointer
    0000007A D5               [16]  134 	push	de
    0000007B 21 10 01         [12]  135 	ld	hl, #0x110
    0000007E E5               [16]  136 	push	hl
    0000007F CDr00r00         [24]  137 	call	_set_sprite_data
    00000082 E8 04            [16]  138 	add	sp, #4
                                    139 ;/home/josem/gbdk/include/gb/gb.h:1887: shadow_OAM[nb].tile=tile;
    00000084 21r42r00         [12]  140 	ld	hl, #(_shadow_OAM + 66)
    00000087 36 10            [12]  141 	ld	(hl), #0x10
                                    142 ;src/main.c:59: SHOW_SPRITES;
    00000089 F0r00            [12]  143 	ldh	a, (_LCDC_REG + 0)
    0000008B F6 02            [ 8]  144 	or	a, #0x02
    0000008D E0r00            [12]  145 	ldh	(_LCDC_REG + 0), a
                                    146 ;src/main.c:62: set_bkg_data(0, 96, map_tiles_alt);
    0000008F 11r00r00         [12]  147 	ld	de, #_map_tiles_alt
    00000092 D5               [16]  148 	push	de
    00000093 21 00 60         [12]  149 	ld	hl, #0x6000
    00000096 E5               [16]  150 	push	hl
    00000097 CDr00r00         [24]  151 	call	_set_bkg_data
    0000009A E8 04            [16]  152 	add	sp, #4
                                    153 ;src/main.c:63: set_bkg_tiles(0,0,20,16,global_levels_array[global_actual_level]);
    0000009C 01r00r00         [12]  154 	ld	bc, #_global_levels_array+0
    0000009F FAr00r00         [16]  155 	ld	a, (_global_actual_level)
    000000A2 26 00            [ 8]  156 	ld	h, #0x00
    000000A4 6F               [ 4]  157 	ld	l, a
    000000A5 29               [ 8]  158 	add	hl, hl
    000000A6 09               [ 8]  159 	add	hl, bc
    000000A7 2A               [ 8]  160 	ld	a, (hl+)
    000000A8 4F               [ 4]  161 	ld	c, a
    000000A9 46               [ 8]  162 	ld	b, (hl)
    000000AA C5               [16]  163 	push	bc
    000000AB 21 14 10         [12]  164 	ld	hl, #0x1014
    000000AE E5               [16]  165 	push	hl
    000000AF AF               [ 4]  166 	xor	a, a
    000000B0 0F               [ 4]  167 	rrca
    000000B1 F5               [16]  168 	push	af
    000000B2 CDr00r00         [24]  169 	call	_set_bkg_tiles
    000000B5 E8 06            [16]  170 	add	sp, #6
                                    171 ;src/main.c:64: SHOW_BKG;
    000000B7 F0r00            [12]  172 	ldh	a, (_LCDC_REG + 0)
    000000B9 F6 01            [ 8]  173 	or	a, #0x01
    000000BB E0r00            [12]  174 	ldh	(_LCDC_REG + 0), a
                                    175 ;src/main.c:68: set_win_data(96,44, hud_tiles);
    000000BD 11r00r00         [12]  176 	ld	de, #_hud_tiles
    000000C0 D5               [16]  177 	push	de
    000000C1 21 60 2C         [12]  178 	ld	hl, #0x2c60
    000000C4 E5               [16]  179 	push	hl
    000000C5 CDr00r00         [24]  180 	call	_set_win_data
    000000C8 E8 04            [16]  181 	add	sp, #4
                                    182 ;src/main.c:69: set_win_tiles(0,0,20,4, hud_selector);
    000000CA 11r00r00         [12]  183 	ld	de, #_hud_selector
    000000CD D5               [16]  184 	push	de
    000000CE 21 14 04         [12]  185 	ld	hl, #0x414
    000000D1 E5               [16]  186 	push	hl
    000000D2 AF               [ 4]  187 	xor	a, a
    000000D3 0F               [ 4]  188 	rrca
    000000D4 F5               [16]  189 	push	af
    000000D5 CDr00r00         [24]  190 	call	_set_win_tiles
    000000D8 E8 06            [16]  191 	add	sp, #6
                                    192 ;src/main.c:70: draw_game_hud_buttons();
    000000DA CDr00r00         [24]  193 	call	_draw_game_hud_buttons
                                    194 ;src/main.c:72: SHOW_WIN;
    000000DD F0r00            [12]  195 	ldh	a, (_LCDC_REG + 0)
    000000DF F6 20            [ 8]  196 	or	a, #0x20
    000000E1 E0r00            [12]  197 	ldh	(_LCDC_REG + 0), a
                                    198 ;src/main.c:73: WX_REG = 7;      // SIEMPRE 7
    000000E3 3E 07            [ 8]  199 	ld	a, #0x07
    000000E5 E0r00            [12]  200 	ldh	(_WX_REG + 0), a
                                    201 ;src/main.c:74: WY_REG = 120;    // 144 - 24
    000000E7 3E 78            [ 8]  202 	ld	a, #0x78
    000000E9 E0r00            [12]  203 	ldh	(_WY_REG + 0), a
                                    204 ;src/main.c:76: }
    000000EB C9               [16]  205 	ret
                                    206 ;src/main.c:78: void main(void)
                                    207 ;	---------------------------------
                                    208 ; Function main
                                    209 ; ---------------------------------
    000000EC                        210 _main::
                                    211 ;src/main.c:80: init_game_title();
    000000EC CDr00r00         [24]  212 	call	_init_game_title
                                    213 ;src/main.c:81: global_game_state = STATE_MENU;
                                    214 ;src/main.c:82: global_actual_level = 0;
    000000EF AF               [ 4]  215 	xor	a, a
    000000F0 EAr00r00         [16]  216 	ld	(#_global_game_state), a
    000000F3 EAr00r00         [16]  217 	ld	(#_global_actual_level),a
                                    218 ;src/main.c:84: while(1) {
    000000F6                        219 00126$:
                                    220 ;src/main.c:85: switch (global_game_state)
    000000F6 3E 05            [ 8]  221 	ld	a, #0x05
    000000F8 21r00r00         [12]  222 	ld	hl, #_global_game_state
    000000FB 96               [ 8]  223 	sub	a, (hl)
    000000FC DArEEr01         [16]  224 	jp	C, 00124$
    000000FF 4E               [ 8]  225 	ld	c, (hl)
    00000100 06 00            [ 8]  226 	ld	b, #0x00
    00000102 21r0Cr01         [12]  227 	ld	hl, #00218$
    00000105 09               [ 8]  228 	add	hl, bc
    00000106 09               [ 8]  229 	add	hl, bc
    00000107 4E               [ 8]  230 	ld	c, (hl)
    00000108 23               [ 8]  231 	inc	hl
    00000109 66               [ 8]  232 	ld	h, (hl)
    0000010A 69               [ 4]  233 	ld	l, c
    0000010B E9               [ 4]  234 	jp	(hl)
    0000010C                        235 00218$:
    0000010Cr18r01                  236 	.dw	00101$
    0000010Er38r01                  237 	.dw	00106$
    00000110r4Cr01                  238 	.dw	00109$
    00000112r87r01                  239 	.dw	00112$
    00000114rEEr01                  240 	.dw	00124$
    00000116rCFr01                  241 	.dw	00118$
                                    242 ;src/main.c:88: case STATE_MENU:
    00000118                        243 00101$:
                                    244 ;src/main.c:89: if(last_state != STATE_MENU) {
    00000118 FAr17r00         [16]  245 	ld	a, (#_last_state)
    0000011B B7               [ 4]  246 	or	a, a
    0000011C 28 07            [12]  247 	jr	Z, 00103$
                                    248 ;src/main.c:90: init_game_title();
    0000011E CDr00r00         [24]  249 	call	_init_game_title
                                    250 ;src/main.c:91: last_state = STATE_MENU;
    00000121 AF               [ 4]  251 	xor	a, a
    00000122 EAr17r00         [16]  252 	ld	(#_last_state),a
    00000125                        253 00103$:
                                    254 ;src/main.c:94: if(joypad() & J_START){
    00000125 CDr00r00         [24]  255 	call	_joypad
    00000128 07               [ 4]  256 	rlca
    00000129 30 05            [12]  257 	jr	NC, 00105$
                                    258 ;src/main.c:95: update_game_state(STATE_SELECTION);
    0000012B 3E 01            [ 8]  259 	ld	a, #0x01
    0000012D CDr00r00         [24]  260 	call	_update_game_state
    00000130                        261 00105$:
                                    262 ;src/main.c:98: performantdelay(5);
    00000130 3E 05            [ 8]  263 	ld	a, #0x05
    00000132 CDr00r00         [24]  264 	call	_performantdelay
                                    265 ;src/main.c:99: break;
    00000135 C3rEEr01         [16]  266 	jp	00124$
                                    267 ;src/main.c:101: case STATE_SELECTION:
    00000138                        268 00106$:
                                    269 ;src/main.c:102: if(last_state != STATE_SELECTION) {
    00000138 FAr17r00         [16]  270 	ld	a, (#_last_state)
    0000013B 3D               [ 4]  271 	dec	a
    0000013C 28 08            [12]  272 	jr	Z, 00108$
                                    273 ;src/main.c:103: init_start_selection_menu();
    0000013E CDr00r00         [24]  274 	call	_init_start_selection_menu
                                    275 ;src/main.c:104: last_state = STATE_SELECTION;
    00000141 21r17r00         [12]  276 	ld	hl, #_last_state
    00000144 36 01            [12]  277 	ld	(hl), #0x01
    00000146                        278 00108$:
                                    279 ;src/main.c:107: update_start_selection_menu();
    00000146 CDr00r00         [24]  280 	call	_update_start_selection_menu
                                    281 ;src/main.c:108: break;
    00000149 C3rEEr01         [16]  282 	jp	00124$
                                    283 ;src/main.c:111: case STATE_GAME_SETTING:
    0000014C                        284 00109$:
                                    285 ;src/main.c:112: if(last_state != STATE_GAME_SETTING) {
    0000014C FAr17r00         [16]  286 	ld	a, (#_last_state)
    0000014F D6 02            [ 8]  287 	sub	a, #0x02
    00000151 28 2C            [12]  288 	jr	Z, 00111$
                                    289 ;src/main.c:113: init_gfx();
    00000153 CDr00r00         [24]  290 	call	_init_gfx
                                    291 ;src/main.c:114: pointer_init(&s);
    00000156 11r0Fr00         [12]  292 	ld	de, #_s
    00000159 CDr00r00         [24]  293 	call	_pointer_init
                                    294 ;src/main.c:115: init_level(global_actual_level);
    0000015C FAr00r00         [16]  295 	ld	a, (_global_actual_level)
    0000015F CDr00r00         [24]  296 	call	_init_level
                                    297 ;src/main.c:116: get_colision_from_map(global_levels_array[global_actual_level], global_colision_map);
    00000162 FAr00r00         [16]  298 	ld	a, (_global_actual_level)
    00000165 26 00            [ 8]  299 	ld	h, #0x00
    00000167 6F               [ 4]  300 	ld	l, a
    00000168 29               [ 8]  301 	add	hl, hl
    00000169 11r00r00         [12]  302 	ld	de, #_global_levels_array
    0000016C 19               [ 8]  303 	add	hl, de
    0000016D 2A               [ 8]  304 	ld	a, (hl+)
    0000016E 6E               [ 8]  305 	ld	l, (hl)
    0000016F 01r00r00         [12]  306 	ld	bc, #_global_colision_map
    00000172 5F               [ 4]  307 	ld	e, a
    00000173 55               [ 4]  308 	ld	d, l
    00000174 CDr00r00         [24]  309 	call	_get_colision_from_map
                                    310 ;src/main.c:118: print_objects_in_screen();
    00000177 CDr00r00         [24]  311 	call	_print_objects_in_screen
                                    312 ;src/main.c:119: last_state = STATE_GAME_SETTING;
    0000017A 21r17r00         [12]  313 	ld	hl, #_last_state
    0000017D 36 02            [12]  314 	ld	(hl), #0x02
    0000017F                        315 00111$:
                                    316 ;src/main.c:121: update_pointer(&s);
    0000017F 11r0Fr00         [12]  317 	ld	de, #_s
    00000182 CDr00r00         [24]  318 	call	_update_pointer
                                    319 ;src/main.c:122: break;
    00000185 18 67            [12]  320 	jr	00124$
                                    321 ;src/main.c:124: case STATE_GAME_RUNNING:
    00000187                        322 00112$:
                                    323 ;src/main.c:125: if(last_state != STATE_GAME_RUNNING) {
    00000187 FAr17r00         [16]  324 	ld	a, (#_last_state)
    0000018A D6 03            [ 8]  325 	sub	a, #0x03
    0000018C 28 0B            [12]  326 	jr	Z, 00114$
                                    327 ;src/main.c:126: character_init(&p);
    0000018E 11r00r00         [12]  328 	ld	de, #_p
    00000191 CDr00r00         [24]  329 	call	_character_init
                                    330 ;src/main.c:127: last_state = STATE_GAME_RUNNING;
    00000194 21r17r00         [12]  331 	ld	hl, #_last_state
    00000197 36 03            [12]  332 	ld	(hl), #0x03
    00000199                        333 00114$:
                                    334 ;src/main.c:129: update_character(&p);
    00000199 11r00r00         [12]  335 	ld	de, #_p
    0000019C CDr00r00         [24]  336 	call	_update_character
                                    337 ;src/main.c:132: if(joypad() & J_A){
    0000019F CDr00r00         [24]  338 	call	_joypad
    000001A2 CB 67            [ 8]  339 	bit	4, a
    000001A4 28 48            [12]  340 	jr	Z, 00124$
                                    341 ;src/main.c:133: HIDE_WIN;
    000001A6 F0r00            [12]  342 	ldh	a, (_LCDC_REG + 0)
    000001A8 E6 DF            [ 8]  343 	and	a, #0xdf
    000001AA E0r00            [12]  344 	ldh	(_LCDC_REG + 0), a
                                    345 ;src/main.c:135: for(uint16_t i = 0; i<NUMBER_OF_TILES_IN_GRID; i++){
    000001AC 01 00 00         [12]  346 	ld	bc, #0x0000
    000001AF                        347 00129$:
    000001AF 59               [ 4]  348 	ld	e, c
    000001B0 50               [ 4]  349 	ld	d, b
    000001B1 7B               [ 4]  350 	ld	a, e
    000001B2 D6 2C            [ 8]  351 	sub	a, #0x2c
    000001B4 7A               [ 4]  352 	ld	a, d
    000001B5 DE 01            [ 8]  353 	sbc	a, #0x01
    000001B7 30 35            [12]  354 	jr	NC, 00124$
                                    355 ;src/main.c:136: printf("%d",global_colision_map[i]);
    000001B9 21r00r00         [12]  356 	ld	hl, #_global_colision_map
    000001BC 09               [ 8]  357 	add	hl, bc
    000001BD 5E               [ 8]  358 	ld	e, (hl)
    000001BE AF               [ 4]  359 	xor	a, a
    000001BF C5               [16]  360 	push	bc
    000001C0 57               [ 4]  361 	ld	d, a
    000001C1 D5               [16]  362 	push	de
    000001C2 11rF6r01         [12]  363 	ld	de, #___str_0
    000001C5 D5               [16]  364 	push	de
    000001C6 CDr00r00         [24]  365 	call	_printf
    000001C9 E8 04            [16]  366 	add	sp, #4
    000001CB C1               [12]  367 	pop	bc
                                    368 ;src/main.c:135: for(uint16_t i = 0; i<NUMBER_OF_TILES_IN_GRID; i++){
    000001CC 03               [ 8]  369 	inc	bc
    000001CD 18 E0            [12]  370 	jr	00129$
                                    371 ;src/main.c:143: case STATE_GAME_OVER:
    000001CF                        372 00118$:
                                    373 ;src/main.c:144: if(last_state != STATE_GAME_OVER) {
    000001CF FAr17r00         [16]  374 	ld	a, (#_last_state)
    000001D2 D6 05            [ 8]  375 	sub	a, #0x05
    000001D4 28 0D            [12]  376 	jr	Z, 00120$
                                    377 ;src/main.c:145: last_state = STATE_GAME_OVER;
    000001D6 21r17r00         [12]  378 	ld	hl, #_last_state
    000001D9 36 05            [12]  379 	ld	(hl), #0x05
                                    380 ;src/main.c:146: printf("You WIN!\nPress start to try again");
    000001DB 11rF9r01         [12]  381 	ld	de, #___str_1
    000001DE D5               [16]  382 	push	de
    000001DF CDr00r00         [24]  383 	call	_printf
    000001E2 E1               [12]  384 	pop	hl
    000001E3                        385 00120$:
                                    386 ;src/main.c:148: if(joypad() & J_START){
    000001E3 CDr00r00         [24]  387 	call	_joypad
    000001E6 07               [ 4]  388 	rlca
    000001E7 30 05            [12]  389 	jr	NC, 00124$
                                    390 ;src/main.c:149: update_game_state(STATE_GAME_SETTING);
    000001E9 3E 02            [ 8]  391 	ld	a, #0x02
    000001EB CDr00r00         [24]  392 	call	_update_game_state
                                    393 ;src/main.c:155: }
    000001EE                        394 00124$:
                                    395 ;src/main.c:156: performantdelay(10);
    000001EE 3E 0A            [ 8]  396 	ld	a, #0x0a
    000001F0 CDr00r00         [24]  397 	call	_performantdelay
                                    398 ;src/main.c:158: }
    000001F3 C3rF6r00         [16]  399 	jp	00126$
    000001F6                        400 ___str_0:
    000001F6 25 64                  401 	.ascii "%d"
    000001F8 00                     402 	.db 0x00
    000001F9                        403 ___str_1:
    000001F9 59 6F 75 20 57 49 4E   404 	.ascii "You WIN!"
             21
    00000201 0A                     405 	.db 0x0a
    00000202 50 72 65 73 73 20 73   406 	.ascii "Press start to try again"
             74 61 72 74 20 74 6F
             20 74 72 79 20 61 67
             61 69 6E
    0000021A 00                     407 	.db 0x00
                                    408 	.area _CODE
                                    409 	.area _INITIALIZER
                                    410 	.area _CABS (ABS)
