                                      1 ;--------------------------------------------------------
                                      2 ; File Created by SDCC : free open source ISO C Compiler
                                      3 ; Version 4.5.1 #15267 (Linux)
                                      4 ;--------------------------------------------------------
                                      5 	.module map1_alt
                                      6 	
                                      7 ;--------------------------------------------------------
                                      8 ; Public variables in this module
                                      9 ;--------------------------------------------------------
                                     10 	.globl _map1_alt
                                     11 	.globl _blocks_map1_alt
                                     12 	.globl _objects_map1_alt
                                     13 ;--------------------------------------------------------
                                     14 ; special function registers
                                     15 ;--------------------------------------------------------
                                     16 ;--------------------------------------------------------
                                     17 ; ram data
                                     18 ;--------------------------------------------------------
                                     19 	.area _DATA
                                     20 ;--------------------------------------------------------
                                     21 ; ram data
                                     22 ;--------------------------------------------------------
                                     23 	.area _INITIALIZED
                                     24 ;--------------------------------------------------------
                                     25 ; absolute external ram data
                                     26 ;--------------------------------------------------------
                                     27 	.area _DABS (ABS)
                                     28 ;--------------------------------------------------------
                                     29 ; global & static initialisations
                                     30 ;--------------------------------------------------------
                                     31 	.area _HOME
                                     32 	.area _GSINIT
                                     33 	.area _GSFINAL
                                     34 	.area _GSINIT
                                     35 ;--------------------------------------------------------
                                     36 ; Home
                                     37 ;--------------------------------------------------------
                                     38 	.area _HOME
                                     39 	.area _HOME
                                     40 ;--------------------------------------------------------
                                     41 ; code
                                     42 ;--------------------------------------------------------
                                     43 	.area _CODE
                                     44 	.area _CODE
    00000000                         45 _objects_map1_alt:
    00000000 4C                      46 	.db #0x4c	; 76	'L'
    00000001 34                      47 	.db #0x34	; 52	'4'
    00000002 09                      48 	.db #0x09	; 9
    00000003 4C                      49 	.db #0x4c	; 76	'L'
    00000004 6C                      50 	.db #0x6c	; 108	'l'
    00000005 0E                      51 	.db #0x0e	; 14
    00000006 6C                      52 	.db #0x6c	; 108	'l'
    00000007 6C                      53 	.db #0x6c	; 108	'l'
    00000008 0E                      54 	.db #0x0e	; 14
    00000009                         55 _blocks_map1_alt:
    00000009 00                      56 	.db #0x00	; 0
    0000000A 00                      57 	.db #0x00	; 0
    0000000B 00                      58 	.db #0x00	; 0
    0000000C 01                      59 	.db #0x01	; 1
    0000000D 01                      60 	.db #0x01	; 1
    0000000E 01                      61 	.db #0x01	; 1
    0000000F                         62 _map1_alt:
    0000000F 00                      63 	.db #0x00	; 0
    00000010 1E                      64 	.db #0x1e	; 30
    00000011 1E                      65 	.db #0x1e	; 30
    00000012 00                      66 	.db #0x00	; 0
    00000013 00                      67 	.db #0x00	; 0
    00000014 00                      68 	.db #0x00	; 0
    00000015 00                      69 	.db #0x00	; 0
    00000016 05                      70 	.db #0x05	; 5
    00000017 11                      71 	.db #0x11	; 17
    00000018 11                      72 	.db #0x11	; 17
    00000019 11                      73 	.db #0x11	; 17
    0000001A 11                      74 	.db #0x11	; 17
    0000001B 11                      75 	.db #0x11	; 17
    0000001C 11                      76 	.db #0x11	; 17
    0000001D 08                      77 	.db #0x08	; 8
    0000001E 0B                      78 	.db #0x0b	; 11
    0000001F 00                      79 	.db #0x00	; 0
    00000020 00                      80 	.db #0x00	; 0
    00000021 00                      81 	.db #0x00	; 0
    00000022 00                      82 	.db #0x00	; 0
    00000023 1E                      83 	.db #0x1e	; 30
    00000024 1E                      84 	.db #0x1e	; 30
    00000025 00                      85 	.db #0x00	; 0
    00000026 00                      86 	.db #0x00	; 0
    00000027 05                      87 	.db #0x05	; 5
    00000028 08                      88 	.db #0x08	; 8
    00000029 08                      89 	.db #0x08	; 8
    0000002A 0C                      90 	.db #0x0c	; 12
    0000002B 01                      91 	.db #0x01	; 1
    0000002C 01                      92 	.db #0x01	; 1
    0000002D 01                      93 	.db #0x01	; 1
    0000002E 01                      94 	.db #0x01	; 1
    0000002F 01                      95 	.db #0x01	; 1
    00000030 01                      96 	.db #0x01	; 1
    00000031 06                      97 	.db #0x06	; 6
    00000032 0C                      98 	.db #0x0c	; 12
    00000033 00                      99 	.db #0x00	; 0
    00000034 1F                     100 	.db #0x1f	; 31
    00000035 00                     101 	.db #0x00	; 0
    00000036 00                     102 	.db #0x00	; 0
    00000037 00                     103 	.db #0x00	; 0
    00000038 00                     104 	.db #0x00	; 0
    00000039 00                     105 	.db #0x00	; 0
    0000003A 05                     106 	.db #0x05	; 5
    0000003B 09                     107 	.db #0x09	; 9
    0000003C 09                     108 	.db #0x09	; 9
    0000003D 09                     109 	.db #0x09	; 9
    0000003E 0C                     110 	.db #0x0c	; 12
    0000003F 15                     111 	.db #0x15	; 21
    00000040 18                     112 	.db #0x18	; 24
    00000041 18                     113 	.db #0x18	; 24
    00000042 18                     114 	.db #0x18	; 24
    00000043 18                     115 	.db #0x18	; 24
    00000044 1B                     116 	.db #0x1b	; 27
    00000045 06                     117 	.db #0x06	; 6
    00000046 0C                     118 	.db #0x0c	; 12
    00000047 00                     119 	.db #0x00	; 0
    00000048 1F                     120 	.db #0x1f	; 31
    00000049 00                     121 	.db #0x00	; 0
    0000004A 00                     122 	.db #0x00	; 0
    0000004B 00                     123 	.db #0x00	; 0
    0000004C 05                     124 	.db #0x05	; 5
    0000004D 11                     125 	.db #0x11	; 17
    0000004E 0A                     126 	.db #0x0a	; 10
    0000004F 0A                     127 	.db #0x0a	; 10
    00000050 0A                     128 	.db #0x0a	; 10
    00000051 0A                     129 	.db #0x0a	; 10
    00000052 0D                     130 	.db #0x0d	; 13
    00000053 1A                     131 	.db #0x1a	; 26
    00000054 1A                     132 	.db #0x1a	; 26
    00000055 19                     133 	.db #0x19	; 25
    00000056 19                     134 	.db #0x19	; 25
    00000057 1A                     135 	.db #0x1a	; 26
    00000058 1A                     136 	.db #0x1a	; 26
    00000059 06                     137 	.db #0x06	; 6
    0000005A 0C                     138 	.db #0x0c	; 12
    0000005B 00                     139 	.db #0x00	; 0
    0000005C 00                     140 	.db #0x00	; 0
    0000005D 00                     141 	.db #0x00	; 0
    0000005E 00                     142 	.db #0x00	; 0
    0000005F 00                     143 	.db #0x00	; 0
    00000060 12                     144 	.db #0x12	; 18
    00000061 40                     145 	.db #0x40	; 64
    00000062 42                     146 	.db #0x42	; 66	'B'
    00000063 01                     147 	.db #0x01	; 1
    00000064 24                     148 	.db #0x24	; 36
    00000065 26                     149 	.db #0x26	; 38
    00000066 03                     150 	.db #0x03	; 3
    00000067 00                     151 	.db #0x00	; 0
    00000068 00                     152 	.db #0x00	; 0
    00000069 16                     153 	.db #0x16	; 22
    0000006A 1C                     154 	.db #0x1c	; 28
    0000006B 00                     155 	.db #0x00	; 0
    0000006C 00                     156 	.db #0x00	; 0
    0000006D 06                     157 	.db #0x06	; 6
    0000006E 0C                     158 	.db #0x0c	; 12
    0000006F 00                     159 	.db #0x00	; 0
    00000070 00                     160 	.db #0x00	; 0
    00000071 00                     161 	.db #0x00	; 0
    00000072 00                     162 	.db #0x00	; 0
    00000073 00                     163 	.db #0x00	; 0
    00000074 12                     164 	.db #0x12	; 18
    00000075 41                     165 	.db #0x41	; 65	'A'
    00000076 43                     166 	.db #0x43	; 67	'C'
    00000077 00                     167 	.db #0x00	; 0
    00000078 25                     168 	.db #0x25	; 37
    00000079 27                     169 	.db #0x27	; 39
    0000007A 00                     170 	.db #0x00	; 0
    0000007B 00                     171 	.db #0x00	; 0
    0000007C 1F                     172 	.db #0x1f	; 31
    0000007D 16                     173 	.db #0x16	; 22
    0000007E 1C                     174 	.db #0x1c	; 28
    0000007F 00                     175 	.db #0x00	; 0
    00000080 00                     176 	.db #0x00	; 0
    00000081 06                     177 	.db #0x06	; 6
    00000082 09                     178 	.db #0x09	; 9
    00000083 08                     179 	.db #0x08	; 8
    00000084 08                     180 	.db #0x08	; 8
    00000085 0B                     181 	.db #0x0b	; 11
    00000086 00                     182 	.db #0x00	; 0
    00000087 00                     183 	.db #0x00	; 0
    00000088 06                     184 	.db #0x06	; 6
    00000089 11                     185 	.db #0x11	; 17
    0000008A 11                     186 	.db #0x11	; 17
    0000008B 11                     187 	.db #0x11	; 17
    0000008C 11                     188 	.db #0x11	; 17
    0000008D 11                     189 	.db #0x11	; 17
    0000008E 13                     190 	.db #0x13	; 19
    0000008F 00                     191 	.db #0x00	; 0
    00000090 00                     192 	.db #0x00	; 0
    00000091 17                     193 	.db #0x17	; 23
    00000092 1D                     194 	.db #0x1d	; 29
    00000093 00                     195 	.db #0x00	; 0
    00000094 00                     196 	.db #0x00	; 0
    00000095 07                     197 	.db #0x07	; 7
    00000096 0A                     198 	.db #0x0a	; 10
    00000097 0A                     199 	.db #0x0a	; 10
    00000098 0A                     200 	.db #0x0a	; 10
    00000099 0C                     201 	.db #0x0c	; 12
    0000009A 00                     202 	.db #0x00	; 0
    0000009B 00                     203 	.db #0x00	; 0
    0000009C 12                     204 	.db #0x12	; 18
    0000009D 30                     205 	.db #0x30	; 48	'0'
    0000009E 32                     206 	.db #0x32	; 50	'2'
    0000009F 02                     207 	.db #0x02	; 2
    000000A0 01                     208 	.db #0x01	; 1
    000000A1 01                     209 	.db #0x01	; 1
    000000A2 03                     210 	.db #0x03	; 3
    000000A3 00                     211 	.db #0x00	; 0
    000000A4 00                     212 	.db #0x00	; 0
    000000A5 24                     213 	.db #0x24	; 36
    000000A6 26                     214 	.db #0x26	; 38
    000000A7 00                     215 	.db #0x00	; 0
    000000A8 00                     216 	.db #0x00	; 0
    000000A9 02                     217 	.db #0x02	; 2
    000000AA 01                     218 	.db #0x01	; 1
    000000AB 01                     219 	.db #0x01	; 1
    000000AC 01                     220 	.db #0x01	; 1
    000000AD 12                     221 	.db #0x12	; 18
    000000AE 00                     222 	.db #0x00	; 0
    000000AF 00                     223 	.db #0x00	; 0
    000000B0 12                     224 	.db #0x12	; 18
    000000B1 31                     225 	.db #0x31	; 49	'1'
    000000B2 33                     226 	.db #0x33	; 51	'3'
    000000B3 00                     227 	.db #0x00	; 0
    000000B4 1E                     228 	.db #0x1e	; 30
    000000B5 00                     229 	.db #0x00	; 0
    000000B6 00                     230 	.db #0x00	; 0
    000000B7 00                     231 	.db #0x00	; 0
    000000B8 1F                     232 	.db #0x1f	; 31
    000000B9 25                     233 	.db #0x25	; 37
    000000BA 27                     234 	.db #0x27	; 39
    000000BB 00                     235 	.db #0x00	; 0
    000000BC 00                     236 	.db #0x00	; 0
    000000BD 1F                     237 	.db #0x1f	; 31
    000000BE 00                     238 	.db #0x00	; 0
    000000BF 00                     239 	.db #0x00	; 0
    000000C0 00                     240 	.db #0x00	; 0
    000000C1 12                     241 	.db #0x12	; 18
    000000C2 00                     242 	.db #0x00	; 0
    000000C3 00                     243 	.db #0x00	; 0
    000000C4 07                     244 	.db #0x07	; 7
    000000C5 11                     245 	.db #0x11	; 17
    000000C6 11                     246 	.db #0x11	; 17
    000000C7 11                     247 	.db #0x11	; 17
    000000C8 11                     248 	.db #0x11	; 17
    000000C9 11                     249 	.db #0x11	; 17
    000000CA 0B                     250 	.db #0x0b	; 11
    000000CB 00                     251 	.db #0x00	; 0
    000000CC 00                     252 	.db #0x00	; 0
    000000CD 05                     253 	.db #0x05	; 5
    000000CE 0B                     254 	.db #0x0b	; 11
    000000CF 00                     255 	.db #0x00	; 0
    000000D0 00                     256 	.db #0x00	; 0
    000000D1 05                     257 	.db #0x05	; 5
    000000D2 08                     258 	.db #0x08	; 8
    000000D3 08                     259 	.db #0x08	; 8
    000000D4 08                     260 	.db #0x08	; 8
    000000D5 0C                     261 	.db #0x0c	; 12
    000000D6 00                     262 	.db #0x00	; 0
    000000D7 00                     263 	.db #0x00	; 0
    000000D8 02                     264 	.db #0x02	; 2
    000000D9 01                     265 	.db #0x01	; 1
    000000DA 01                     266 	.db #0x01	; 1
    000000DB 01                     267 	.db #0x01	; 1
    000000DC 01                     268 	.db #0x01	; 1
    000000DD 01                     269 	.db #0x01	; 1
    000000DE 12                     270 	.db #0x12	; 18
    000000DF 1E                     271 	.db #0x1e	; 30
    000000E0 00                     272 	.db #0x00	; 0
    000000E1 06                     273 	.db #0x06	; 6
    000000E2 0C                     274 	.db #0x0c	; 12
    000000E3 00                     275 	.db #0x00	; 0
    000000E4 00                     276 	.db #0x00	; 0
    000000E5 06                     277 	.db #0x06	; 6
    000000E6 0A                     278 	.db #0x0a	; 10
    000000E7 0A                     279 	.db #0x0a	; 10
    000000E8 0A                     280 	.db #0x0a	; 10
    000000E9 0D                     281 	.db #0x0d	; 13
    000000EA 00                     282 	.db #0x00	; 0
    000000EB 00                     283 	.db #0x00	; 0
    000000EC 00                     284 	.db #0x00	; 0
    000000ED 00                     285 	.db #0x00	; 0
    000000EE 00                     286 	.db #0x00	; 0
    000000EF 1E                     287 	.db #0x1e	; 30
    000000F0 00                     288 	.db #0x00	; 0
    000000F1 00                     289 	.db #0x00	; 0
    000000F2 12                     290 	.db #0x12	; 18
    000000F3 00                     291 	.db #0x00	; 0
    000000F4 00                     292 	.db #0x00	; 0
    000000F5 06                     293 	.db #0x06	; 6
    000000F6 0C                     294 	.db #0x0c	; 12
    000000F7 1E                     295 	.db #0x1e	; 30
    000000F8 00                     296 	.db #0x00	; 0
    000000F9 12                     297 	.db #0x12	; 18
    000000FA 01                     298 	.db #0x01	; 1
    000000FB 01                     299 	.db #0x01	; 1
    000000FC 01                     300 	.db #0x01	; 1
    000000FD 03                     301 	.db #0x03	; 3
    000000FE 00                     302 	.db #0x00	; 0
    000000FF 00                     303 	.db #0x00	; 0
    00000100 00                     304 	.db #0x00	; 0
    00000101 00                     305 	.db #0x00	; 0
    00000102 00                     306 	.db #0x00	; 0
    00000103 00                     307 	.db #0x00	; 0
    00000104 00                     308 	.db #0x00	; 0
    00000105 00                     309 	.db #0x00	; 0
    00000106 12                     310 	.db #0x12	; 18
    00000107 00                     311 	.db #0x00	; 0
    00000108 00                     312 	.db #0x00	; 0
    00000109 06                     313 	.db #0x06	; 6
    0000010A 0C                     314 	.db #0x0c	; 12
    0000010B 00                     315 	.db #0x00	; 0
    0000010C 00                     316 	.db #0x00	; 0
    0000010D 12                     317 	.db #0x12	; 18
    0000010E 00                     318 	.db #0x00	; 0
    0000010F 00                     319 	.db #0x00	; 0
    00000110 1E                     320 	.db #0x1e	; 30
    00000111 1E                     321 	.db #0x1e	; 30
    00000112 00                     322 	.db #0x00	; 0
    00000113 00                     323 	.db #0x00	; 0
    00000114 00                     324 	.db #0x00	; 0
    00000115 1F                     325 	.db #0x1f	; 31
    00000116 1E                     326 	.db #0x1e	; 30
    00000117 1E                     327 	.db #0x1e	; 30
    00000118 1E                     328 	.db #0x1e	; 30
    00000119 00                     329 	.db #0x00	; 0
    0000011A 07                     330 	.db #0x07	; 7
    0000011B 11                     331 	.db #0x11	; 17
    0000011C 11                     332 	.db #0x11	; 17
    0000011D 0A                     333 	.db #0x0a	; 10
    0000011E 0A                     334 	.db #0x0a	; 10
    0000011F 11                     335 	.db #0x11	; 17
    00000120 11                     336 	.db #0x11	; 17
    00000121 0D                     337 	.db #0x0d	; 13
    00000122 00                     338 	.db #0x00	; 0
    00000123 00                     339 	.db #0x00	; 0
    00000124 1E                     340 	.db #0x1e	; 30
    00000125 00                     341 	.db #0x00	; 0
    00000126 00                     342 	.db #0x00	; 0
    00000127 00                     343 	.db #0x00	; 0
    00000128 00                     344 	.db #0x00	; 0
    00000129 00                     345 	.db #0x00	; 0
    0000012A 00                     346 	.db #0x00	; 0
    0000012B 00                     347 	.db #0x00	; 0
    0000012C 00                     348 	.db #0x00	; 0
    0000012D 00                     349 	.db #0x00	; 0
    0000012E 02                     350 	.db #0x02	; 2
    0000012F 01                     351 	.db #0x01	; 1
    00000130 01                     352 	.db #0x01	; 1
    00000131 01                     353 	.db #0x01	; 1
    00000132 01                     354 	.db #0x01	; 1
    00000133 01                     355 	.db #0x01	; 1
    00000134 01                     356 	.db #0x01	; 1
    00000135 03                     357 	.db #0x03	; 3
    00000136 00                     358 	.db #0x00	; 0
    00000137 1E                     359 	.db #0x1e	; 30
    00000138 1E                     360 	.db #0x1e	; 30
    00000139 00                     361 	.db #0x00	; 0
    0000013A 00                     362 	.db #0x00	; 0
                                    363 	.area _INITIALIZER
                                    364 	.area _CABS (ABS)
