                                      1 ;--------------------------------------------------------
                                      2 ; File Created by SDCC : free open source ISO C Compiler
                                      3 ; Version 4.5.1 #15267 (Linux)
                                      4 ;--------------------------------------------------------
                                      5 	.module map2
                                      6 	
                                      7 ;--------------------------------------------------------
                                      8 ; Public variables in this module
                                      9 ;--------------------------------------------------------
                                     10 	.globl _map2
                                     11 	.globl _blocks_map2
                                     12 	.globl _objects_map2
                                     13 ;--------------------------------------------------------
                                     14 ; special function registers
                                     15 ;--------------------------------------------------------
                                     16 ;--------------------------------------------------------
                                     17 ; ram data
                                     18 ;--------------------------------------------------------
                                     19 	.area _DATA
                                     20 ;--------------------------------------------------------
                                     21 ; ram data
                                     22 ;--------------------------------------------------------
                                     23 	.area _INITIALIZED
                                     24 ;--------------------------------------------------------
                                     25 ; absolute external ram data
                                     26 ;--------------------------------------------------------
                                     27 	.area _DABS (ABS)
                                     28 ;--------------------------------------------------------
                                     29 ; global & static initialisations
                                     30 ;--------------------------------------------------------
                                     31 	.area _HOME
                                     32 	.area _GSINIT
                                     33 	.area _GSFINAL
                                     34 	.area _GSINIT
                                     35 ;--------------------------------------------------------
                                     36 ; Home
                                     37 ;--------------------------------------------------------
                                     38 	.area _HOME
                                     39 	.area _HOME
                                     40 ;--------------------------------------------------------
                                     41 ; code
                                     42 ;--------------------------------------------------------
                                     43 	.area _CODE
                                     44 	.area _CODE
    00000000                         45 _objects_map2:
    00000000 14                      46 	.db #0x14	; 20
    00000001 6C                      47 	.db #0x6c	; 108	'l'
    00000002 0D                      48 	.db #0x0d	; 13
    00000003 84                      49 	.db #0x84	; 132
    00000004 6C                      50 	.db #0x6c	; 108	'l'
    00000005 0E                      51 	.db #0x0e	; 14
    00000006 6C                      52 	.db #0x6c	; 108	'l'
    00000007 6C                      53 	.db #0x6c	; 108	'l'
    00000008 08                      54 	.db #0x08	; 8
    00000009                         55 _blocks_map2:
    00000009 01                      56 	.db #0x01	; 1
    0000000A 01                      57 	.db #0x01	; 1
    0000000B 01                      58 	.db #0x01	; 1
    0000000C 00                      59 	.db #0x00	; 0
    0000000D 01                      60 	.db #0x01	; 1
    0000000E 00                      61 	.db #0x00	; 0
    0000000F                         62 _map2:
    0000000F 00                      63 	.db #0x00	; 0
    00000010 00                      64 	.db #0x00	; 0
    00000011 00                      65 	.db #0x00	; 0
    00000012 05                      66 	.db #0x05	; 5
    00000013 11                      67 	.db #0x11	; 17
    00000014 11                      68 	.db #0x11	; 17
    00000015 08                      69 	.db #0x08	; 8
    00000016 08                      70 	.db #0x08	; 8
    00000017 11                      71 	.db #0x11	; 17
    00000018 11                      72 	.db #0x11	; 17
    00000019 11                      73 	.db #0x11	; 17
    0000001A 11                      74 	.db #0x11	; 17
    0000001B 11                      75 	.db #0x11	; 17
    0000001C 11                      76 	.db #0x11	; 17
    0000001D 11                      77 	.db #0x11	; 17
    0000001E 11                      78 	.db #0x11	; 17
    0000001F 11                      79 	.db #0x11	; 17
    00000020 11                      80 	.db #0x11	; 17
    00000021 11                      81 	.db #0x11	; 17
    00000022 0B                      82 	.db #0x0b	; 11
    00000023 00                      83 	.db #0x00	; 0
    00000024 00                      84 	.db #0x00	; 0
    00000025 00                      85 	.db #0x00	; 0
    00000026 12                      86 	.db #0x12	; 18
    00000027 38                      87 	.db #0x38	; 56	'8'
    00000028 3A                      88 	.db #0x3a	; 58
    00000029 06                      89 	.db #0x06	; 6
    0000002A 0C                      90 	.db #0x0c	; 12
    0000002B 01                      91 	.db #0x01	; 1
    0000002C 01                      92 	.db #0x01	; 1
    0000002D 01                      93 	.db #0x01	; 1
    0000002E 01                      94 	.db #0x01	; 1
    0000002F 01                      95 	.db #0x01	; 1
    00000030 03                      96 	.db #0x03	; 3
    00000031 00                      97 	.db #0x00	; 0
    00000032 20                      98 	.db #0x20	; 32
    00000033 22                      99 	.db #0x22	; 34
    00000034 40                     100 	.db #0x40	; 64
    00000035 42                     101 	.db #0x42	; 66	'B'
    00000036 12                     102 	.db #0x12	; 18
    00000037 00                     103 	.db #0x00	; 0
    00000038 00                     104 	.db #0x00	; 0
    00000039 00                     105 	.db #0x00	; 0
    0000003A 12                     106 	.db #0x12	; 18
    0000003B 39                     107 	.db #0x39	; 57	'9'
    0000003C 3B                     108 	.db #0x3b	; 59
    0000003D 06                     109 	.db #0x06	; 6
    0000003E 0C                     110 	.db #0x0c	; 12
    0000003F 00                     111 	.db #0x00	; 0
    00000040 00                     112 	.db #0x00	; 0
    00000041 00                     113 	.db #0x00	; 0
    00000042 00                     114 	.db #0x00	; 0
    00000043 1E                     115 	.db #0x1e	; 30
    00000044 00                     116 	.db #0x00	; 0
    00000045 00                     117 	.db #0x00	; 0
    00000046 21                     118 	.db #0x21	; 33
    00000047 23                     119 	.db #0x23	; 35
    00000048 41                     120 	.db #0x41	; 65	'A'
    00000049 43                     121 	.db #0x43	; 67	'C'
    0000004A 12                     122 	.db #0x12	; 18
    0000004B 00                     123 	.db #0x00	; 0
    0000004C 1F                     124 	.db #0x1f	; 31
    0000004D 00                     125 	.db #0x00	; 0
    0000004E 12                     126 	.db #0x12	; 18
    0000004F 00                     127 	.db #0x00	; 0
    00000050 00                     128 	.db #0x00	; 0
    00000051 06                     129 	.db #0x06	; 6
    00000052 0C                     130 	.db #0x0c	; 12
    00000053 00                     131 	.db #0x00	; 0
    00000054 00                     132 	.db #0x00	; 0
    00000055 15                     133 	.db #0x15	; 21
    00000056 1B                     134 	.db #0x1b	; 27
    00000057 1E                     135 	.db #0x1e	; 30
    00000058 1E                     136 	.db #0x1e	; 30
    00000059 05                     137 	.db #0x05	; 5
    0000005A 11                     138 	.db #0x11	; 17
    0000005B 11                     139 	.db #0x11	; 17
    0000005C 11                     140 	.db #0x11	; 17
    0000005D 11                     141 	.db #0x11	; 17
    0000005E 0D                     142 	.db #0x0d	; 13
    0000005F 00                     143 	.db #0x00	; 0
    00000060 00                     144 	.db #0x00	; 0
    00000061 00                     145 	.db #0x00	; 0
    00000062 12                     146 	.db #0x12	; 18
    00000063 00                     147 	.db #0x00	; 0
    00000064 00                     148 	.db #0x00	; 0
    00000065 06                     149 	.db #0x06	; 6
    00000066 0C                     150 	.db #0x0c	; 12
    00000067 00                     151 	.db #0x00	; 0
    00000068 00                     152 	.db #0x00	; 0
    00000069 16                     153 	.db #0x16	; 22
    0000006A 1C                     154 	.db #0x1c	; 28
    0000006B 00                     155 	.db #0x00	; 0
    0000006C 1E                     156 	.db #0x1e	; 30
    0000006D 12                     157 	.db #0x12	; 18
    0000006E 01                     158 	.db #0x01	; 1
    0000006F 01                     159 	.db #0x01	; 1
    00000070 01                     160 	.db #0x01	; 1
    00000071 01                     161 	.db #0x01	; 1
    00000072 03                     162 	.db #0x03	; 3
    00000073 00                     163 	.db #0x00	; 0
    00000074 00                     164 	.db #0x00	; 0
    00000075 00                     165 	.db #0x00	; 0
    00000076 12                     166 	.db #0x12	; 18
    00000077 00                     167 	.db #0x00	; 0
    00000078 00                     168 	.db #0x00	; 0
    00000079 06                     169 	.db #0x06	; 6
    0000007A 0C                     170 	.db #0x0c	; 12
    0000007B 1F                     171 	.db #0x1f	; 31
    0000007C 00                     172 	.db #0x00	; 0
    0000007D 16                     173 	.db #0x16	; 22
    0000007E 1C                     174 	.db #0x1c	; 28
    0000007F 00                     175 	.db #0x00	; 0
    00000080 00                     176 	.db #0x00	; 0
    00000081 12                     177 	.db #0x12	; 18
    00000082 00                     178 	.db #0x00	; 0
    00000083 00                     179 	.db #0x00	; 0
    00000084 00                     180 	.db #0x00	; 0
    00000085 00                     181 	.db #0x00	; 0
    00000086 00                     182 	.db #0x00	; 0
    00000087 00                     183 	.db #0x00	; 0
    00000088 1E                     184 	.db #0x1e	; 30
    00000089 00                     185 	.db #0x00	; 0
    0000008A 12                     186 	.db #0x12	; 18
    0000008B 00                     187 	.db #0x00	; 0
    0000008C 00                     188 	.db #0x00	; 0
    0000008D 06                     189 	.db #0x06	; 6
    0000008E 0C                     190 	.db #0x0c	; 12
    0000008F 00                     191 	.db #0x00	; 0
    00000090 00                     192 	.db #0x00	; 0
    00000091 16                     193 	.db #0x16	; 22
    00000092 1C                     194 	.db #0x1c	; 28
    00000093 00                     195 	.db #0x00	; 0
    00000094 00                     196 	.db #0x00	; 0
    00000095 12                     197 	.db #0x12	; 18
    00000096 00                     198 	.db #0x00	; 0
    00000097 1E                     199 	.db #0x1e	; 30
    00000098 00                     200 	.db #0x00	; 0
    00000099 1E                     201 	.db #0x1e	; 30
    0000009A 00                     202 	.db #0x00	; 0
    0000009B 00                     203 	.db #0x00	; 0
    0000009C 1E                     204 	.db #0x1e	; 30
    0000009D 00                     205 	.db #0x00	; 0
    0000009E 12                     206 	.db #0x12	; 18
    0000009F 00                     207 	.db #0x00	; 0
    000000A0 00                     208 	.db #0x00	; 0
    000000A1 06                     209 	.db #0x06	; 6
    000000A2 0C                     210 	.db #0x0c	; 12
    000000A3 00                     211 	.db #0x00	; 0
    000000A4 00                     212 	.db #0x00	; 0
    000000A5 16                     213 	.db #0x16	; 22
    000000A6 1C                     214 	.db #0x1c	; 28
    000000A7 00                     215 	.db #0x00	; 0
    000000A8 00                     216 	.db #0x00	; 0
    000000A9 12                     217 	.db #0x12	; 18
    000000AA 00                     218 	.db #0x00	; 0
    000000AB 00                     219 	.db #0x00	; 0
    000000AC 00                     220 	.db #0x00	; 0
    000000AD 1E                     221 	.db #0x1e	; 30
    000000AE 00                     222 	.db #0x00	; 0
    000000AF 00                     223 	.db #0x00	; 0
    000000B0 00                     224 	.db #0x00	; 0
    000000B1 00                     225 	.db #0x00	; 0
    000000B2 12                     226 	.db #0x12	; 18
    000000B3 1F                     227 	.db #0x1f	; 31
    000000B4 1F                     228 	.db #0x1f	; 31
    000000B5 06                     229 	.db #0x06	; 6
    000000B6 0C                     230 	.db #0x0c	; 12
    000000B7 00                     231 	.db #0x00	; 0
    000000B8 00                     232 	.db #0x00	; 0
    000000B9 16                     233 	.db #0x16	; 22
    000000BA 1C                     234 	.db #0x1c	; 28
    000000BB 00                     235 	.db #0x00	; 0
    000000BC 00                     236 	.db #0x00	; 0
    000000BD 06                     237 	.db #0x06	; 6
    000000BE 0B                     238 	.db #0x0b	; 11
    000000BF 00                     239 	.db #0x00	; 0
    000000C0 00                     240 	.db #0x00	; 0
    000000C1 00                     241 	.db #0x00	; 0
    000000C2 00                     242 	.db #0x00	; 0
    000000C3 00                     243 	.db #0x00	; 0
    000000C4 00                     244 	.db #0x00	; 0
    000000C5 05                     245 	.db #0x05	; 5
    000000C6 0C                     246 	.db #0x0c	; 12
    000000C7 1F                     247 	.db #0x1f	; 31
    000000C8 00                     248 	.db #0x00	; 0
    000000C9 06                     249 	.db #0x06	; 6
    000000CA 0C                     250 	.db #0x0c	; 12
    000000CB 00                     251 	.db #0x00	; 0
    000000CC 00                     252 	.db #0x00	; 0
    000000CD 16                     253 	.db #0x16	; 22
    000000CE 1C                     254 	.db #0x1c	; 28
    000000CF 00                     255 	.db #0x00	; 0
    000000D0 00                     256 	.db #0x00	; 0
    000000D1 06                     257 	.db #0x06	; 6
    000000D2 09                     258 	.db #0x09	; 9
    000000D3 08                     259 	.db #0x08	; 8
    000000D4 0B                     260 	.db #0x0b	; 11
    000000D5 00                     261 	.db #0x00	; 0
    000000D6 00                     262 	.db #0x00	; 0
    000000D7 05                     263 	.db #0x05	; 5
    000000D8 11                     264 	.db #0x11	; 17
    000000D9 0A                     265 	.db #0x0a	; 10
    000000DA 0D                     266 	.db #0x0d	; 13
    000000DB 00                     267 	.db #0x00	; 0
    000000DC 00                     268 	.db #0x00	; 0
    000000DD 07                     269 	.db #0x07	; 7
    000000DE 0D                     270 	.db #0x0d	; 13
    000000DF 00                     271 	.db #0x00	; 0
    000000E0 00                     272 	.db #0x00	; 0
    000000E1 17                     273 	.db #0x17	; 23
    000000E2 1D                     274 	.db #0x1d	; 29
    000000E3 00                     275 	.db #0x00	; 0
    000000E4 00                     276 	.db #0x00	; 0
    000000E5 07                     277 	.db #0x07	; 7
    000000E6 0A                     278 	.db #0x0a	; 10
    000000E7 0A                     279 	.db #0x0a	; 10
    000000E8 0A                     280 	.db #0x0a	; 10
    000000E9 11                     281 	.db #0x11	; 17
    000000EA 0B                     282 	.db #0x0b	; 11
    000000EB 12                     283 	.db #0x12	; 18
    000000EC 01                     284 	.db #0x01	; 1
    000000ED 01                     285 	.db #0x01	; 1
    000000EE 03                     286 	.db #0x03	; 3
    000000EF 00                     287 	.db #0x00	; 0
    000000F0 00                     288 	.db #0x00	; 0
    000000F1 02                     289 	.db #0x02	; 2
    000000F2 03                     290 	.db #0x03	; 3
    000000F3 00                     291 	.db #0x00	; 0
    000000F4 00                     292 	.db #0x00	; 0
    000000F5 00                     293 	.db #0x00	; 0
    000000F6 00                     294 	.db #0x00	; 0
    000000F7 00                     295 	.db #0x00	; 0
    000000F8 1F                     296 	.db #0x1f	; 31
    000000F9 02                     297 	.db #0x02	; 2
    000000FA 01                     298 	.db #0x01	; 1
    000000FB 01                     299 	.db #0x01	; 1
    000000FC 01                     300 	.db #0x01	; 1
    000000FD 01                     301 	.db #0x01	; 1
    000000FE 12                     302 	.db #0x12	; 18
    000000FF 12                     303 	.db #0x12	; 18
    00000100 00                     304 	.db #0x00	; 0
    00000101 1E                     305 	.db #0x1e	; 30
    00000102 00                     306 	.db #0x00	; 0
    00000103 00                     307 	.db #0x00	; 0
    00000104 00                     308 	.db #0x00	; 0
    00000105 00                     309 	.db #0x00	; 0
    00000106 00                     310 	.db #0x00	; 0
    00000107 1E                     311 	.db #0x1e	; 30
    00000108 00                     312 	.db #0x00	; 0
    00000109 00                     313 	.db #0x00	; 0
    0000010A 00                     314 	.db #0x00	; 0
    0000010B 00                     315 	.db #0x00	; 0
    0000010C 00                     316 	.db #0x00	; 0
    0000010D 00                     317 	.db #0x00	; 0
    0000010E 00                     318 	.db #0x00	; 0
    0000010F 00                     319 	.db #0x00	; 0
    00000110 1E                     320 	.db #0x1e	; 30
    00000111 00                     321 	.db #0x00	; 0
    00000112 12                     322 	.db #0x12	; 18
    00000113 07                     323 	.db #0x07	; 7
    00000114 11                     324 	.db #0x11	; 17
    00000115 11                     325 	.db #0x11	; 17
    00000116 11                     326 	.db #0x11	; 17
    00000117 11                     327 	.db #0x11	; 17
    00000118 11                     328 	.db #0x11	; 17
    00000119 11                     329 	.db #0x11	; 17
    0000011A 11                     330 	.db #0x11	; 17
    0000011B 11                     331 	.db #0x11	; 17
    0000011C 11                     332 	.db #0x11	; 17
    0000011D 11                     333 	.db #0x11	; 17
    0000011E 11                     334 	.db #0x11	; 17
    0000011F 11                     335 	.db #0x11	; 17
    00000120 11                     336 	.db #0x11	; 17
    00000121 11                     337 	.db #0x11	; 17
    00000122 11                     338 	.db #0x11	; 17
    00000123 11                     339 	.db #0x11	; 17
    00000124 11                     340 	.db #0x11	; 17
    00000125 11                     341 	.db #0x11	; 17
    00000126 0D                     342 	.db #0x0d	; 13
    00000127 02                     343 	.db #0x02	; 2
    00000128 01                     344 	.db #0x01	; 1
    00000129 01                     345 	.db #0x01	; 1
    0000012A 01                     346 	.db #0x01	; 1
    0000012B 01                     347 	.db #0x01	; 1
    0000012C 01                     348 	.db #0x01	; 1
    0000012D 01                     349 	.db #0x01	; 1
    0000012E 01                     350 	.db #0x01	; 1
    0000012F 01                     351 	.db #0x01	; 1
    00000130 01                     352 	.db #0x01	; 1
    00000131 01                     353 	.db #0x01	; 1
    00000132 01                     354 	.db #0x01	; 1
    00000133 01                     355 	.db #0x01	; 1
    00000134 01                     356 	.db #0x01	; 1
    00000135 01                     357 	.db #0x01	; 1
    00000136 01                     358 	.db #0x01	; 1
    00000137 01                     359 	.db #0x01	; 1
    00000138 01                     360 	.db #0x01	; 1
    00000139 01                     361 	.db #0x01	; 1
    0000013A 03                     362 	.db #0x03	; 3
                                    363 	.area _INITIALIZER
                                    364 	.area _CABS (ABS)
