                                      1 ;--------------------------------------------------------
                                      2 ; File Created by SDCC : free open source ISO C Compiler
                                      3 ; Version 4.5.1 #15267 (Linux)
                                      4 ;--------------------------------------------------------
                                      5 	.module PointerSelector
                                      6 	
                                      7 ;--------------------------------------------------------
                                      8 ; Public variables in this module
                                      9 ;--------------------------------------------------------
                                     10 	.globl _can_pointer_move
                                     11 	.globl _set_win_tile_xy
                                     12 	.globl _joypad
                                     13 	.globl _press_game_hud_button
                                     14 	.globl _update_game_hud_button_selection
                                     15 	.globl _move_win_screen
                                     16 	.globl _move_sprite_block_pointer
                                     17 	.globl _update_values_in_hud
                                     18 	.globl _change_bkg_tile_16x16
                                     19 	.globl _change_bkg_tile_xy
                                     20 	.globl _check_colision_with_object
                                     21 	.globl _move_foward_block_id
                                     22 	.globl _change_colision_map_BR
                                     23 	.globl _change_colision_map_at
                                     24 	.globl _tileindex_from_xy
                                     25 	.globl _global_hud_selected
                                     26 	.globl _pointer_init
                                     27 	.globl _move_pointer
                                     28 	.globl _place_object_at_pointer
                                     29 	.globl _remove_object_at_pointer
                                     30 	.globl _block_is_not_placed_below
                                     31 	.globl _block_is_placed_below
                                     32 	.globl _control_pointer
                                     33 	.globl _update_pointer
                                     34 	.globl _hide_pointer
                                     35 	.globl _update_menu_pointer
                                     36 ;--------------------------------------------------------
                                     37 ; special function registers
                                     38 ;--------------------------------------------------------
                                     39 ;--------------------------------------------------------
                                     40 ; ram data
                                     41 ;--------------------------------------------------------
                                     42 	.area _DATA
                                     43 ;--------------------------------------------------------
                                     44 ; ram data
                                     45 ;--------------------------------------------------------
                                     46 	.area _INITIALIZED
    00000000                         47 _global_hud_selected::
    00000000                         48 	.ds 1
                                     49 ;--------------------------------------------------------
                                     50 ; absolute external ram data
                                     51 ;--------------------------------------------------------
                                     52 	.area _DABS (ABS)
                                     53 ;--------------------------------------------------------
                                     54 ; global & static initialisations
                                     55 ;--------------------------------------------------------
                                     56 	.area _HOME
                                     57 	.area _GSINIT
                                     58 	.area _GSFINAL
                                     59 	.area _GSINIT
                                     60 ;--------------------------------------------------------
                                     61 ; Home
                                     62 ;--------------------------------------------------------
                                     63 	.area _HOME
                                     64 	.area _HOME
                                     65 ;--------------------------------------------------------
                                     66 ; code
                                     67 ;--------------------------------------------------------
                                     68 	.area _CODE
                                     69 ;src/PointerSelector.c:13: void pointer_init(Pointer* s) {
                                     70 ;	---------------------------------
                                     71 ; Function pointer_init
                                     72 ; ---------------------------------
    00000000                         73 _pointer_init::
                                     74 ;src/PointerSelector.c:14: s->x = 80;
    00000000 6B               [ 4]   75 	ld	l, e
    00000001 62               [ 4]   76 	ld	h, d
    00000002 36 50            [12]   77 	ld	(hl), #0x50
                                     78 ;src/PointerSelector.c:15: s->y = 72;
    00000004 E5               [16]   79 	push	hl
    00000005 23               [ 8]   80 	inc	hl
    00000006 36 48            [12]   81 	ld	(hl), #0x48
                                     82 ;src/PointerSelector.c:16: for(uint8_t i = 4;i<=7;i++){
    00000008 C1               [12]   83 	pop	bc
    00000009 C5               [16]   84 	push	bc
    0000000A 03               [ 8]   85 	inc	bc
    0000000B 03               [ 8]   86 	inc	bc
    0000000C 1E 04            [ 8]   87 	ld	e, #0x04
    0000000E                         88 00103$:
    0000000E 3E 07            [ 8]   89 	ld	a, #0x07
    00000010 93               [ 4]   90 	sub	a, e
    00000011 38 08            [12]   91 	jr	C, 00101$
                                     92 ;src/PointerSelector.c:17: s->sprite_ids[i] = i;
    00000013 6B               [ 4]   93 	ld	l, e
    00000014 26 00            [ 8]   94 	ld	h, #0x00
    00000016 09               [ 8]   95 	add	hl, bc
    00000017 73               [ 8]   96 	ld	(hl), e
                                     97 ;src/PointerSelector.c:16: for(uint8_t i = 4;i<=7;i++){
    00000018 1C               [ 4]   98 	inc	e
    00000019 18 F3            [12]   99 	jr	00103$
    0000001B                        100 00101$:
                                    101 ;src/PointerSelector.c:19: s->tileindexBR = 0;
    0000001B D1               [12]  102 	pop	de
    0000001C D5               [16]  103 	push	de
    0000001D 21 06 00         [12]  104 	ld	hl, #0x0006
    00000020 19               [ 8]  105 	add	hl, de
    00000021 4D               [ 4]  106 	ld	c, l
    00000022 44               [ 4]  107 	ld	b, h
    00000023 AF               [ 4]  108 	xor	a, a
    00000024 02               [ 8]  109 	ld	(bc), a
    00000025 03               [ 8]  110 	inc	bc
    00000026 02               [ 8]  111 	ld	(bc), a
                                    112 ;src/PointerSelector.c:20: move_sprite_block_pointer(global_selected_block);
    00000027 FAr00r00         [16]  113 	ld	a, (_global_selected_block)
    0000002A 33               [ 8]  114 	inc	sp
    0000002B 33               [ 8]  115 	inc	sp
    0000002C C3r00r00         [16]  116 	jp	_move_sprite_block_pointer
                                    117 ;src/PointerSelector.c:21: }
    0000002F 33               [ 8]  118 	inc	sp
    00000030 33               [ 8]  119 	inc	sp
    00000031 C9               [16]  120 	ret
                                    121 ;src/PointerSelector.c:23: void move_pointer(Pointer* s) {
                                    122 ;	---------------------------------
                                    123 ; Function move_pointer
                                    124 ; ---------------------------------
    00000032                        125 _move_pointer::
    00000032 3B               [ 8]  126 	dec	sp
    00000033 3B               [ 8]  127 	dec	sp
                                    128 ;src/PointerSelector.c:24: move_sprite(4, s->x- SPRITESIZE, s->y-SPRITESIZE);
    00000034 4B               [ 4]  129 	ld	c, e
    00000035 42               [ 4]  130 	ld	b, d
    00000036 03               [ 8]  131 	inc	bc
    00000037 0A               [ 8]  132 	ld	a, (bc)
    00000038 C6 F8            [ 8]  133 	add	a, #0xf8
    0000003A F8 00            [12]  134 	ldhl	sp,	#0
    0000003C 22               [ 8]  135 	ld	(hl+), a
    0000003D 1A               [ 8]  136 	ld	a, (de)
    0000003E C6 F8            [ 8]  137 	add	a, #0xf8
    00000040 77               [ 8]  138 	ld	(hl), a
                                    139 ;/home/josem/gbdk/include/gb/gb.h:1973: OAM_item_t * itm = &shadow_OAM[nb];
    00000041 21r10r00         [12]  140 	ld	hl, #(_shadow_OAM + 16)
                                    141 ;/home/josem/gbdk/include/gb/gb.h:1974: itm->y=y, itm->x=x;
    00000044 E5               [16]  142 	push	hl
    00000045 F8 02            [12]  143 	ldhl	sp,	#2
    00000047 7E               [ 8]  144 	ld	a, (hl)
    00000048 E1               [12]  145 	pop	hl
    00000049 22               [ 8]  146 	ld	(hl+), a
    0000004A E5               [16]  147 	push	hl
    0000004B F8 03            [12]  148 	ldhl	sp,	#3
    0000004D 7E               [ 8]  149 	ld	a, (hl)
    0000004E E1               [12]  150 	pop	hl
    0000004F 77               [ 8]  151 	ld	(hl), a
                                    152 ;src/PointerSelector.c:25: move_sprite(5, s->x- SPRITESIZE, s->y);
    00000050 0A               [ 8]  153 	ld	a, (bc)
    00000051 F8 00            [12]  154 	ldhl	sp,	#0
    00000053 22               [ 8]  155 	ld	(hl+), a
    00000054 1A               [ 8]  156 	ld	a, (de)
    00000055 C6 F8            [ 8]  157 	add	a, #0xf8
    00000057 77               [ 8]  158 	ld	(hl), a
                                    159 ;/home/josem/gbdk/include/gb/gb.h:1973: OAM_item_t * itm = &shadow_OAM[nb];
    00000058 21r14r00         [12]  160 	ld	hl, #(_shadow_OAM + 20)
                                    161 ;/home/josem/gbdk/include/gb/gb.h:1974: itm->y=y, itm->x=x;
    0000005B E5               [16]  162 	push	hl
    0000005C F8 02            [12]  163 	ldhl	sp,	#2
    0000005E 7E               [ 8]  164 	ld	a, (hl)
    0000005F E1               [12]  165 	pop	hl
    00000060 22               [ 8]  166 	ld	(hl+), a
    00000061 E5               [16]  167 	push	hl
    00000062 F8 03            [12]  168 	ldhl	sp,	#3
    00000064 7E               [ 8]  169 	ld	a, (hl)
    00000065 E1               [12]  170 	pop	hl
    00000066 77               [ 8]  171 	ld	(hl), a
                                    172 ;src/PointerSelector.c:26: move_sprite(6, s->x, s->y-SPRITESIZE);
    00000067 0A               [ 8]  173 	ld	a, (bc)
    00000068 C6 F8            [ 8]  174 	add	a, #0xf8
    0000006A F8 00            [12]  175 	ldhl	sp,	#0
    0000006C 22               [ 8]  176 	ld	(hl+), a
    0000006D 1A               [ 8]  177 	ld	a, (de)
    0000006E 77               [ 8]  178 	ld	(hl), a
                                    179 ;/home/josem/gbdk/include/gb/gb.h:1973: OAM_item_t * itm = &shadow_OAM[nb];
    0000006F 21r18r00         [12]  180 	ld	hl, #(_shadow_OAM + 24)
                                    181 ;/home/josem/gbdk/include/gb/gb.h:1974: itm->y=y, itm->x=x;
    00000072 E5               [16]  182 	push	hl
    00000073 F8 02            [12]  183 	ldhl	sp,	#2
    00000075 7E               [ 8]  184 	ld	a, (hl)
    00000076 E1               [12]  185 	pop	hl
    00000077 22               [ 8]  186 	ld	(hl+), a
    00000078 E5               [16]  187 	push	hl
    00000079 F8 03            [12]  188 	ldhl	sp,	#3
    0000007B 7E               [ 8]  189 	ld	a, (hl)
    0000007C E1               [12]  190 	pop	hl
    0000007D 77               [ 8]  191 	ld	(hl), a
                                    192 ;src/PointerSelector.c:27: move_sprite(7, s->x, s->y);
    0000007E 0A               [ 8]  193 	ld	a, (bc)
    0000007F 47               [ 4]  194 	ld	b, a
    00000080 1A               [ 8]  195 	ld	a, (de)
    00000081 4F               [ 4]  196 	ld	c, a
                                    197 ;/home/josem/gbdk/include/gb/gb.h:1973: OAM_item_t * itm = &shadow_OAM[nb];
    00000082 21r1Cr00         [12]  198 	ld	hl, #(_shadow_OAM + 28)
                                    199 ;/home/josem/gbdk/include/gb/gb.h:1974: itm->y=y, itm->x=x;
    00000085 78               [ 4]  200 	ld	a, b
    00000086 22               [ 8]  201 	ld	(hl+), a
    00000087 71               [ 8]  202 	ld	(hl), c
                                    203 ;src/PointerSelector.c:27: move_sprite(7, s->x, s->y);
                                    204 ;src/PointerSelector.c:29: }
    00000088 33               [ 8]  205 	inc	sp
    00000089 33               [ 8]  206 	inc	sp
    0000008A C9               [16]  207 	ret
                                    208 ;src/PointerSelector.c:31: uint8_t can_pointer_move(Pointer* s, int8_t dir_x, int8_t dir_y){
                                    209 ;	---------------------------------
                                    210 ; Function can_pointer_move
                                    211 ; ---------------------------------
    0000008B                        212 _can_pointer_move::
    0000008B 6B               [ 4]  213 	ld	l, e
    0000008C 62               [ 4]  214 	ld	h, d
                                    215 ;src/PointerSelector.c:32: uint8_t new_x = s->x + dir_x*SPRITESIZE;
    0000008D 4E               [ 8]  216 	ld	c, (hl)
                                    217 ;src/PointerSelector.c:33: uint8_t new_y = s->y + dir_y*SPRITESIZE;
    0000008E 23               [ 8]  218 	inc	hl
    0000008F 87               [ 4]  219 	add	a, a
    00000090 87               [ 4]  220 	add	a, a
    00000091 87               [ 4]  221 	add	a, a
    00000092 81               [ 4]  222 	add	a, c
    00000093 4F               [ 4]  223 	ld	c, a
    00000094 5E               [ 8]  224 	ld	e, (hl)
    00000095 F8 02            [12]  225 	ldhl	sp,	#2
    00000097 7E               [ 8]  226 	ld	a, (hl)
    00000098 87               [ 4]  227 	add	a, a
    00000099 87               [ 4]  228 	add	a, a
    0000009A 87               [ 4]  229 	add	a, a
    0000009B 83               [ 4]  230 	add	a, e
    0000009C 47               [ 4]  231 	ld	b, a
                                    232 ;src/PointerSelector.c:35: if(new_x < 20 || new_x > 156 || new_y < 32 || new_y > 120){
    0000009D 79               [ 4]  233 	ld	a, c
    0000009E D6 14            [ 8]  234 	sub	a, #0x14
    000000A0 38 0F            [12]  235 	jr	C, 00101$
    000000A2 3E 9C            [ 8]  236 	ld	a, #0x9c
    000000A4 91               [ 4]  237 	sub	a, c
    000000A5 38 0A            [12]  238 	jr	C, 00101$
    000000A7 78               [ 4]  239 	ld	a, b
    000000A8 D6 20            [ 8]  240 	sub	a, #0x20
    000000AA 38 05            [12]  241 	jr	C, 00101$
    000000AC 3E 78            [ 8]  242 	ld	a, #0x78
    000000AE 90               [ 4]  243 	sub	a, b
    000000AF 30 03            [12]  244 	jr	NC, 00102$
    000000B1                        245 00101$:
                                    246 ;src/PointerSelector.c:36: return 0;
    000000B1 AF               [ 4]  247 	xor	a, a
    000000B2 18 02            [12]  248 	jr	00106$
    000000B4                        249 00102$:
                                    250 ;src/PointerSelector.c:38: return 1;
    000000B4 3E 01            [ 8]  251 	ld	a, #0x01
    000000B6                        252 00106$:
                                    253 ;src/PointerSelector.c:40: }
    000000B6 E1               [12]  254 	pop	hl
    000000B7 33               [ 8]  255 	inc	sp
    000000B8 E9               [ 4]  256 	jp	(hl)
                                    257 ;src/PointerSelector.c:42: void place_object_at_pointer(Pointer* s, uint8_t block_type){
                                    258 ;	---------------------------------
                                    259 ; Function place_object_at_pointer
                                    260 ; ---------------------------------
    000000B9                        261 _place_object_at_pointer::
    000000B9 3B               [ 8]  262 	dec	sp
    000000BA 3B               [ 8]  263 	dec	sp
    000000BB F8 01            [12]  264 	ldhl	sp,	#1
    000000BD 77               [ 8]  265 	ld	(hl), a
                                    266 ;src/PointerSelector.c:43: change_colision_map_at(s->tileindexBR, BLOCK);
    000000BE 21 06 00         [12]  267 	ld	hl, #0x0006
    000000C1 19               [ 8]  268 	add	hl, de
    000000C2 4D               [ 4]  269 	ld	c,l
    000000C3 44               [ 4]  270 	ld	b,h
    000000C4 2A               [ 8]  271 	ld	a,	(hl+)
    000000C5 66               [ 8]  272 	ld	h, (hl)
    000000C6 6F               [ 4]  273 	ld	l, a
    000000C7 C5               [16]  274 	push	bc
    000000C8 3E 05            [ 8]  275 	ld	a, #0x05
    000000CA 5D               [ 4]  276 	ld	e, l
    000000CB 54               [ 4]  277 	ld	d, h
    000000CC CDr00r00         [24]  278 	call	_change_colision_map_at
    000000CF C1               [12]  279 	pop	bc
                                    280 ;src/PointerSelector.c:44: change_colision_map_BR(s->tileindexBR, block_type);
    000000D0 69               [ 4]  281 	ld	l, c
    000000D1 60               [ 4]  282 	ld	h, b
    000000D2 2A               [ 8]  283 	ld	a,	(hl+)
    000000D3 66               [ 8]  284 	ld	h, (hl)
    000000D4 6F               [ 4]  285 	ld	l, a
    000000D5 C5               [16]  286 	push	bc
    000000D6 E5               [16]  287 	push	hl
    000000D7 F8 05            [12]  288 	ldhl	sp,	#5
    000000D9 7E               [ 8]  289 	ld	a, (hl)
    000000DA D1               [12]  290 	pop	de
    000000DB CDr00r00         [24]  291 	call	_change_colision_map_BR
    000000DE C1               [12]  292 	pop	bc
                                    293 ;src/PointerSelector.c:45: change_bkg_tile_16x16(s->tileindexBR, global_selected_block * 4 + UMBRAL_BLOCKS);
    000000DF FAr00r00         [16]  294 	ld	a, (_global_selected_block)
    000000E2 87               [ 4]  295 	add	a, a
    000000E3 87               [ 4]  296 	add	a, a
    000000E4 C6 47            [ 8]  297 	add	a, #0x47
    000000E6 F8 00            [12]  298 	ldhl	sp,	#0
    000000E8 77               [ 8]  299 	ld	(hl), a
    000000E9 69               [ 4]  300 	ld	l, c
    000000EA 60               [ 4]  301 	ld	h, b
    000000EB 2A               [ 8]  302 	ld	a, (hl+)
    000000EC 4F               [ 4]  303 	ld	c, a
    000000ED 46               [ 8]  304 	ld	b, (hl)
    000000EE F8 00            [12]  305 	ldhl	sp,	#0
    000000F0 7E               [ 8]  306 	ld	a, (hl)
    000000F1 59               [ 4]  307 	ld	e, c
    000000F2 50               [ 4]  308 	ld	d, b
    000000F3 CDr00r00         [24]  309 	call	_change_bkg_tile_16x16
                                    310 ;src/PointerSelector.c:46: global_blocks_available[global_selected_block]--;
    000000F6 FAr00r00         [16]  311 	ld	a, (_global_selected_block)
    000000F9 4F               [ 4]  312 	ld	c, a
    000000FA 07               [ 4]  313 	rlca
    000000FB 9F               [ 4]  314 	sbc	a, a
    000000FC 47               [ 4]  315 	ld	b, a
    000000FD 21r00r00         [12]  316 	ld	hl, #_global_blocks_available
    00000100 09               [ 8]  317 	add	hl, bc
    00000101 35               [12]  318 	dec	(hl)
                                    319 ;src/PointerSelector.c:47: update_values_in_hud(block_type, global_blocks_available[global_selected_block]);
    00000102 FAr00r00         [16]  320 	ld	a, (_global_selected_block)
    00000105 6F               [ 4]  321 	ld	l, a
    00000106 07               [ 4]  322 	rlca
    00000107 9F               [ 4]  323 	sbc	a, a
    00000108 67               [ 4]  324 	ld	h, a
    00000109 11r00r00         [12]  325 	ld	de, #_global_blocks_available
    0000010C 19               [ 8]  326 	add	hl, de
    0000010D 5E               [ 8]  327 	ld	e, (hl)
    0000010E F8 01            [12]  328 	ldhl	sp,	#1
    00000110 7E               [ 8]  329 	ld	a, (hl)
    00000111 33               [ 8]  330 	inc	sp
    00000112 33               [ 8]  331 	inc	sp
    00000113 C3r00r00         [16]  332 	jp	_update_values_in_hud
                                    333 ;src/PointerSelector.c:48: }
    00000116 33               [ 8]  334 	inc	sp
    00000117 33               [ 8]  335 	inc	sp
    00000118 C9               [16]  336 	ret
                                    337 ;src/PointerSelector.c:50: void remove_object_at_pointer(Pointer* s, uint8_t block_type){
                                    338 ;	---------------------------------
                                    339 ; Function remove_object_at_pointer
                                    340 ; ---------------------------------
    00000119                        341 _remove_object_at_pointer::
    00000119 3B               [ 8]  342 	dec	sp
    0000011A 3B               [ 8]  343 	dec	sp
    0000011B F8 01            [12]  344 	ldhl	sp,	#1
                                    345 ;src/PointerSelector.c:51: uint8_t block_index = block_type - RIGHT;
    0000011D 32               [ 8]  346 	ld	(hl-), a
    0000011E C6 FA            [ 8]  347 	add	a, #0xfa
    00000120 77               [ 8]  348 	ld	(hl), a
                                    349 ;src/PointerSelector.c:52: change_colision_map_at(s->tileindexBR, EMPTY);
    00000121 21 06 00         [12]  350 	ld	hl, #0x0006
    00000124 19               [ 8]  351 	add	hl, de
    00000125 4D               [ 4]  352 	ld	c,l
    00000126 44               [ 4]  353 	ld	b,h
    00000127 2A               [ 8]  354 	ld	a,	(hl+)
    00000128 66               [ 8]  355 	ld	h, (hl)
    00000129 6F               [ 4]  356 	ld	l, a
    0000012A C5               [16]  357 	push	bc
    0000012B AF               [ 4]  358 	xor	a, a
    0000012C 5D               [ 4]  359 	ld	e, l
    0000012D 54               [ 4]  360 	ld	d, h
    0000012E CDr00r00         [24]  361 	call	_change_colision_map_at
                                    362 ;src/PointerSelector.c:53: change_bkg_tile_xy(s->tileindexBR, 0);
    00000131 E1               [12]  363 	pop	hl
    00000132 2A               [ 8]  364 	ld	a, (hl+)
    00000133 4F               [ 4]  365 	ld	c, a
    00000134 46               [ 8]  366 	ld	b, (hl)
    00000135 AF               [ 4]  367 	xor	a, a
    00000136 59               [ 4]  368 	ld	e, c
    00000137 50               [ 4]  369 	ld	d, b
    00000138 CDr00r00         [24]  370 	call	_change_bkg_tile_xy
                                    371 ;src/PointerSelector.c:54: global_blocks_available[block_index]++;
    0000013B 11r00r00         [12]  372 	ld	de, #_global_blocks_available
    0000013E F8 00            [12]  373 	ldhl	sp,	#0
    00000140 6E               [ 8]  374 	ld	l, (hl)
    00000141 26 00            [ 8]  375 	ld	h, #0x00
    00000143 19               [ 8]  376 	add	hl, de
    00000144 4D               [ 4]  377 	ld	c, l
    00000145 44               [ 4]  378 	ld	b, h
    00000146 0A               [ 8]  379 	ld	a, (bc)
    00000147 3C               [ 4]  380 	inc	a
    00000148 02               [ 8]  381 	ld	(bc), a
                                    382 ;src/PointerSelector.c:55: update_values_in_hud(block_type, global_blocks_available[block_index]);
    00000149 5F               [ 4]  383 	ld	e, a
    0000014A F8 01            [12]  384 	ldhl	sp,	#1
    0000014C 7E               [ 8]  385 	ld	a, (hl)
    0000014D 33               [ 8]  386 	inc	sp
    0000014E 33               [ 8]  387 	inc	sp
    0000014F C3r00r00         [16]  388 	jp	_update_values_in_hud
                                    389 ;src/PointerSelector.c:56: }
    00000152 33               [ 8]  390 	inc	sp
    00000153 33               [ 8]  391 	inc	sp
    00000154 C9               [16]  392 	ret
                                    393 ;src/PointerSelector.c:58: uint8_t block_is_not_placed_below(Pointer* s){
                                    394 ;	---------------------------------
                                    395 ; Function block_is_not_placed_below
                                    396 ; ---------------------------------
    00000155                        397 _block_is_not_placed_below::
                                    398 ;src/PointerSelector.c:59: return (global_colision_map[s->tileindexBR] == EMPTY) 
    00000155 01r00r00         [12]  399 	ld	bc, #_global_colision_map+0
    00000158 21 06 00         [12]  400 	ld	hl, #0x0006
    0000015B 19               [ 8]  401 	add	hl, de
    0000015C 2A               [ 8]  402 	ld	a,	(hl+)
    0000015D 66               [ 8]  403 	ld	h, (hl)
    0000015E 6F               [ 4]  404 	ld	l, a
    0000015F 81               [ 4]  405 	add	a, c
    00000160 5F               [ 4]  406 	ld	e, a
    00000161 7C               [ 4]  407 	ld	a, h
    00000162 88               [ 4]  408 	adc	a, b
    00000163 57               [ 4]  409 	ld	d, a
    00000164 1A               [ 8]  410 	ld	a, (de)
    00000165 B7               [ 4]  411 	or	a, a
    00000166 20 22            [12]  412 	jr	NZ, 00103$
                                    413 ;src/PointerSelector.c:60: && (global_colision_map[s->tileindexBR-1] == EMPTY)
    00000168 5D               [ 4]  414 	ld	e,l
    00000169 54               [ 4]  415 	ld	d,h
    0000016A 2B               [ 8]  416 	dec	hl
    0000016B 09               [ 8]  417 	add	hl, bc
    0000016C 7E               [ 8]  418 	ld	a, (hl)
    0000016D B7               [ 4]  419 	or	a, a
    0000016E 20 1A            [12]  420 	jr	NZ, 00103$
                                    421 ;src/PointerSelector.c:61: && (global_colision_map[s->tileindexBR-20] == EMPTY)
    00000170 7B               [ 4]  422 	ld	a, e
    00000171 C6 EC            [ 8]  423 	add	a, #0xec
    00000173 6F               [ 4]  424 	ld	l, a
    00000174 7A               [ 4]  425 	ld	a, d
    00000175 CE FF            [ 8]  426 	adc	a, #0xff
    00000177 67               [ 4]  427 	ld	h, a
    00000178 09               [ 8]  428 	add	hl, bc
    00000179 7E               [ 8]  429 	ld	a, (hl)
    0000017A B7               [ 4]  430 	or	a, a
    0000017B 20 0D            [12]  431 	jr	NZ, 00103$
                                    432 ;src/PointerSelector.c:62: && (global_colision_map[s->tileindexBR-21] == EMPTY);
    0000017D 7B               [ 4]  433 	ld	a, e
    0000017E C6 EB            [ 8]  434 	add	a, #0xeb
    00000180 6F               [ 4]  435 	ld	l, a
    00000181 7A               [ 4]  436 	ld	a, d
    00000182 CE FF            [ 8]  437 	adc	a, #0xff
    00000184 67               [ 4]  438 	ld	h, a
    00000185 09               [ 8]  439 	add	hl, bc
    00000186 7E               [ 8]  440 	ld	a, (hl)
    00000187 B7               [ 4]  441 	or	a, a
    00000188 28 02            [12]  442 	jr	Z, 00104$
    0000018A                        443 00103$:
    0000018A AF               [ 4]  444 	xor	a, a
    0000018B C9               [16]  445 	ret
    0000018C                        446 00104$:
    0000018C 3E 01            [ 8]  447 	ld	a, #0x01
                                    448 ;src/PointerSelector.c:63: }
    0000018E C9               [16]  449 	ret
                                    450 ;src/PointerSelector.c:65: uint8_t block_is_placed_below(Pointer* s){
                                    451 ;	---------------------------------
                                    452 ; Function block_is_placed_below
                                    453 ; ---------------------------------
    0000018F                        454 _block_is_placed_below::
    0000018F E8 FD            [16]  455 	add	sp, #-3
                                    456 ;src/PointerSelector.c:71: uint8_t res = 0;
    00000191 0E 00            [ 8]  457 	ld	c, #0x00
                                    458 ;src/PointerSelector.c:72: if ((global_colision_map[s->tileindexBR]>= RIGHT && global_colision_map[s->tileindexBR]<=RIGHT+NUMBER_OF_BLOCKS) 
    00000193 21 06 00         [12]  459 	ld	hl, #0x0006
    00000196 19               [ 8]  460 	add	hl, de
    00000197 5D               [ 4]  461 	ld	e, l
    00000198 54               [ 4]  462 	ld	d, h
    00000199 1A               [ 8]  463 	ld	a, (de)
    0000019A F8 00            [12]  464 	ldhl	sp,	#0
    0000019C 22               [ 8]  465 	ld	(hl+), a
    0000019D 13               [ 8]  466 	inc	de
    0000019E 1A               [ 8]  467 	ld	a, (de)
    0000019F 77               [ 8]  468 	ld	(hl), a
    000001A0 11r00r00         [12]  469 	ld	de, #_global_colision_map
    000001A3 E1               [12]  470 	pop	hl
    000001A4 E5               [16]  471 	push	hl
    000001A5 19               [ 8]  472 	add	hl, de
    000001A6 5D               [ 4]  473 	ld	e, l
    000001A7 54               [ 4]  474 	ld	d, h
    000001A8 1A               [ 8]  475 	ld	a, (de)
    000001A9 F8 02            [12]  476 	ldhl	sp,	#2
    000001AB 77               [ 8]  477 	ld	(hl), a
    000001AC D6 06            [ 8]  478 	sub	a, #0x06
    000001AE 38 3C            [12]  479 	jr	C, 00102$
    000001B0 3E 0C            [ 8]  480 	ld	a, #0x0c
    000001B2 96               [ 8]  481 	sub	a, (hl)
    000001B3 38 37            [12]  482 	jr	C, 00102$
                                    483 ;src/PointerSelector.c:73: && (global_colision_map[s->tileindexBR-1] == BLOCK)
    000001B5 D1               [12]  484 	pop	de
    000001B6 D5               [16]  485 	push	de
    000001B7 6B               [ 4]  486 	ld	l, e
    000001B8 62               [ 4]  487 	ld	h, d
    000001B9 2B               [ 8]  488 	dec	hl
    000001BA D5               [16]  489 	push	de
    000001BB 11r00r00         [12]  490 	ld	de, #_global_colision_map
    000001BE 19               [ 8]  491 	add	hl, de
    000001BF D1               [12]  492 	pop	de
    000001C0 7E               [ 8]  493 	ld	a, (hl)
    000001C1 D6 05            [ 8]  494 	sub	a, #0x05
    000001C3 20 27            [12]  495 	jr	NZ, 00102$
                                    496 ;src/PointerSelector.c:74: && (global_colision_map[s->tileindexBR-20] == BLOCK)
    000001C5 7B               [ 4]  497 	ld	a, e
    000001C6 C6 EC            [ 8]  498 	add	a, #0xec
    000001C8 6F               [ 4]  499 	ld	l, a
    000001C9 7A               [ 4]  500 	ld	a, d
    000001CA CE FF            [ 8]  501 	adc	a, #0xff
    000001CC 67               [ 4]  502 	ld	h, a
    000001CD D5               [16]  503 	push	de
    000001CE 11r00r00         [12]  504 	ld	de, #_global_colision_map
    000001D1 19               [ 8]  505 	add	hl, de
    000001D2 D1               [12]  506 	pop	de
    000001D3 7E               [ 8]  507 	ld	a, (hl)
    000001D4 D6 05            [ 8]  508 	sub	a, #0x05
    000001D6 20 14            [12]  509 	jr	NZ, 00102$
                                    510 ;src/PointerSelector.c:75: && (global_colision_map[s->tileindexBR-21] == BLOCK)){
    000001D8 7B               [ 4]  511 	ld	a, e
    000001D9 C6 EB            [ 8]  512 	add	a, #0xeb
    000001DB 6F               [ 4]  513 	ld	l, a
    000001DC 7A               [ 4]  514 	ld	a, d
    000001DD CE FF            [ 8]  515 	adc	a, #0xff
    000001DF 67               [ 4]  516 	ld	h, a
    000001E0 11r00r00         [12]  517 	ld	de, #_global_colision_map
    000001E3 19               [ 8]  518 	add	hl, de
    000001E4 7E               [ 8]  519 	ld	a, (hl)
    000001E5 D6 05            [ 8]  520 	sub	a, #0x05
    000001E7 20 03            [12]  521 	jr	NZ, 00102$
                                    522 ;src/PointerSelector.c:76: res = global_colision_map[s->tileindexBR];
    000001E9 F8 02            [12]  523 	ldhl	sp,	#2
    000001EB 4E               [ 8]  524 	ld	c, (hl)
    000001EC                        525 00102$:
                                    526 ;src/PointerSelector.c:78: return res;
    000001EC 79               [ 4]  527 	ld	a, c
                                    528 ;src/PointerSelector.c:79: }
    000001ED E8 03            [16]  529 	add	sp, #3
    000001EF C9               [16]  530 	ret
                                    531 ;src/PointerSelector.c:81: void control_pointer(Pointer* s){
                                    532 ;	---------------------------------
                                    533 ; Function control_pointer
                                    534 ; ---------------------------------
    000001F0                        535 _control_pointer::
    000001F0 E8 FC            [16]  536 	add	sp, #-4
    000001F2 F8 02            [12]  537 	ldhl	sp,	#2
    000001F4 7B               [ 4]  538 	ld	a, e
    000001F5 22               [ 8]  539 	ld	(hl+), a
    000001F6 72               [ 8]  540 	ld	(hl), d
                                    541 ;src/PointerSelector.c:85: if(global_hud_selected==0){
    000001F7 FAr00r00         [16]  542 	ld	a, (#_global_hud_selected)
    000001FA B7               [ 4]  543 	or	a, a
    000001FB C2r36r03         [16]  544 	jp	NZ, 00148$
                                    545 ;src/PointerSelector.c:87: if(joypad() & J_UP) {
    000001FE CDr00r00         [24]  546 	call	_joypad
                                    547 ;src/PointerSelector.c:89: s->y -= 8;
    00000201 F8 02            [12]  548 	ldhl	sp,	#2
    00000203 4E               [ 8]  549 	ld	c, (hl)
    00000204 23               [ 8]  550 	inc	hl
    00000205 46               [ 8]  551 	ld	b, (hl)
    00000206 03               [ 8]  552 	inc	bc
                                    553 ;src/PointerSelector.c:87: if(joypad() & J_UP) {
    00000207 CB 57            [ 8]  554 	bit	2, a
    00000209 28 1A            [12]  555 	jr	Z, 00134$
                                    556 ;src/PointerSelector.c:88: if (can_pointer_move(s, 0, -1)){
    0000020B C5               [16]  557 	push	bc
    0000020C 3E FF            [ 8]  558 	ld	a, #0xff
    0000020E F5               [16]  559 	push	af
    0000020F 33               [ 8]  560 	inc	sp
    00000210 AF               [ 4]  561 	xor	a, a
    00000211 F8 05            [12]  562 	ldhl	sp,	#5
    00000213 5E               [ 8]  563 	ld	e, (hl)
    00000214 23               [ 8]  564 	inc	hl
    00000215 56               [ 8]  565 	ld	d, (hl)
    00000216 CDr8Br00         [24]  566 	call	_can_pointer_move
    00000219 C1               [12]  567 	pop	bc
    0000021A B7               [ 4]  568 	or	a, a
    0000021B CArADr03         [16]  569 	jp	Z, 00150$
                                    570 ;src/PointerSelector.c:89: s->y -= 8;
    0000021E 0A               [ 8]  571 	ld	a, (bc)
    0000021F C6 F8            [ 8]  572 	add	a, #0xf8
    00000221 02               [ 8]  573 	ld	(bc), a
    00000222 C3rADr03         [16]  574 	jp	00150$
    00000225                        575 00134$:
                                    576 ;src/PointerSelector.c:91: } else if(joypad() & J_DOWN) {
    00000225 CDr00r00         [24]  577 	call	_joypad
    00000228 CB 5F            [ 8]  578 	bit	3, a
    0000022A 28 1A            [12]  579 	jr	Z, 00131$
                                    580 ;src/PointerSelector.c:92: if (can_pointer_move(s, 0, 1)){
    0000022C C5               [16]  581 	push	bc
    0000022D 3E 01            [ 8]  582 	ld	a, #0x01
    0000022F F5               [16]  583 	push	af
    00000230 33               [ 8]  584 	inc	sp
    00000231 AF               [ 4]  585 	xor	a, a
    00000232 F8 05            [12]  586 	ldhl	sp,	#5
    00000234 5E               [ 8]  587 	ld	e, (hl)
    00000235 23               [ 8]  588 	inc	hl
    00000236 56               [ 8]  589 	ld	d, (hl)
    00000237 CDr8Br00         [24]  590 	call	_can_pointer_move
    0000023A C1               [12]  591 	pop	bc
    0000023B B7               [ 4]  592 	or	a, a
    0000023C CArADr03         [16]  593 	jp	Z, 00150$
                                    594 ;src/PointerSelector.c:93: s->y += 8;
    0000023F 0A               [ 8]  595 	ld	a, (bc)
    00000240 C6 08            [ 8]  596 	add	a, #0x08
    00000242 02               [ 8]  597 	ld	(bc), a
    00000243 C3rADr03         [16]  598 	jp	00150$
    00000246                        599 00131$:
                                    600 ;src/PointerSelector.c:95: } else if(joypad() & J_LEFT) {
    00000246 CDr00r00         [24]  601 	call	_joypad
    00000249 5F               [ 4]  602 	ld	e, a
                                    603 ;src/PointerSelector.c:97: s->x -= 8;
    0000024A F8 02            [12]  604 	ldhl	sp,	#2
    0000024C 3A               [ 8]  605 	ld	a, (hl-)
    0000024D 2B               [ 8]  606 	dec	hl
    0000024E 77               [ 8]  607 	ld	(hl), a
    0000024F F8 03            [12]  608 	ldhl	sp,	#3
    00000251 3A               [ 8]  609 	ld	a, (hl-)
    00000252 2B               [ 8]  610 	dec	hl
    00000253 77               [ 8]  611 	ld	(hl), a
                                    612 ;src/PointerSelector.c:95: } else if(joypad() & J_LEFT) {
    00000254 CB 4B            [ 8]  613 	bit	1, e
    00000256 28 1C            [12]  614 	jr	Z, 00128$
                                    615 ;src/PointerSelector.c:96: if (can_pointer_move(s, -1, 0)){
    00000258 AF               [ 4]  616 	xor	a, a
    00000259 F5               [16]  617 	push	af
    0000025A 33               [ 8]  618 	inc	sp
    0000025B 3E FF            [ 8]  619 	ld	a, #0xff
    0000025D F8 03            [12]  620 	ldhl	sp,	#3
    0000025F 5E               [ 8]  621 	ld	e, (hl)
    00000260 23               [ 8]  622 	inc	hl
    00000261 56               [ 8]  623 	ld	d, (hl)
    00000262 CDr8Br00         [24]  624 	call	_can_pointer_move
    00000265 B7               [ 4]  625 	or	a, a
    00000266 CArADr03         [16]  626 	jp	Z, 00150$
                                    627 ;src/PointerSelector.c:97: s->x -= 8;
    00000269 D1               [12]  628 	pop	de
    0000026A D5               [16]  629 	push	de
    0000026B 1A               [ 8]  630 	ld	a, (de)
    0000026C C6 F8            [ 8]  631 	add	a, #0xf8
    0000026E E1               [12]  632 	pop	hl
    0000026F E5               [16]  633 	push	hl
    00000270 77               [ 8]  634 	ld	(hl), a
    00000271 C3rADr03         [16]  635 	jp	00150$
    00000274                        636 00128$:
                                    637 ;src/PointerSelector.c:99: } else if(joypad() & J_RIGHT) {
    00000274 CDr00r00         [24]  638 	call	_joypad
    00000277 0F               [ 4]  639 	rrca
    00000278 30 1C            [12]  640 	jr	NC, 00125$
                                    641 ;src/PointerSelector.c:100: if (can_pointer_move(s, 1, 0)){
    0000027A AF               [ 4]  642 	xor	a, a
    0000027B F5               [16]  643 	push	af
    0000027C 33               [ 8]  644 	inc	sp
    0000027D 3E 01            [ 8]  645 	ld	a, #0x01
    0000027F F8 03            [12]  646 	ldhl	sp,	#3
    00000281 5E               [ 8]  647 	ld	e, (hl)
    00000282 23               [ 8]  648 	inc	hl
    00000283 56               [ 8]  649 	ld	d, (hl)
    00000284 CDr8Br00         [24]  650 	call	_can_pointer_move
    00000287 B7               [ 4]  651 	or	a, a
    00000288 CArADr03         [16]  652 	jp	Z, 00150$
                                    653 ;src/PointerSelector.c:101: s->x += 8;
    0000028B D1               [12]  654 	pop	de
    0000028C D5               [16]  655 	push	de
    0000028D 1A               [ 8]  656 	ld	a, (de)
    0000028E C6 08            [ 8]  657 	add	a, #0x08
    00000290 E1               [12]  658 	pop	hl
    00000291 E5               [16]  659 	push	hl
    00000292 77               [ 8]  660 	ld	(hl), a
    00000293 C3rADr03         [16]  661 	jp	00150$
    00000296                        662 00125$:
                                    663 ;src/PointerSelector.c:103: } else if(joypad() & J_A) {
    00000296 CDr00r00         [24]  664 	call	_joypad
    00000299 CB 67            [ 8]  665 	bit	4, a
    0000029B 28 51            [12]  666 	jr	Z, 00122$
                                    667 ;src/PointerSelector.c:105: && block_is_not_placed_below(s)
    0000029D FAr00r00         [16]  668 	ld	a, (#_global_selected_block)
    000002A0 EE 80            [ 8]  669 	xor	a, #0x80
    000002A2 D6 86            [ 8]  670 	sub	a, #0x86
    000002A4 D2rADr03         [16]  671 	jp	NC, 00150$
    000002A7 C5               [16]  672 	push	bc
    000002A8 F8 04            [12]  673 	ldhl	sp,	#4
    000002AA 2A               [ 8]  674 	ld	a, (hl+)
    000002AB 5F               [ 4]  675 	ld	e, a
    000002AC 56               [ 8]  676 	ld	d, (hl)
    000002AD CDr55r01         [24]  677 	call	_block_is_not_placed_below
    000002B0 C1               [12]  678 	pop	bc
    000002B1 B7               [ 4]  679 	or	a, a
    000002B2 CArADr03         [16]  680 	jp	Z, 00150$
                                    681 ;src/PointerSelector.c:106: && (global_blocks_available[global_selected_block] > 0)
    000002B5 11r00r00         [12]  682 	ld	de, #_global_blocks_available+0
    000002B8 FAr00r00         [16]  683 	ld	a, (_global_selected_block)
    000002BB 6F               [ 4]  684 	ld	l, a
    000002BC 07               [ 4]  685 	rlca
    000002BD 9F               [ 4]  686 	sbc	a, a
    000002BE 67               [ 4]  687 	ld	h, a
    000002BF 19               [ 8]  688 	add	hl, de
    000002C0 7E               [ 8]  689 	ld	a, (hl)
    000002C1 B7               [ 4]  690 	or	a, a
    000002C2 CArADr03         [16]  691 	jp	Z, 00150$
                                    692 ;src/PointerSelector.c:107: && check_colision_with_object(s->x - (16 >> 1), s->y - (16 >> 1), 16, 16) == 255) {
    000002C5 0A               [ 8]  693 	ld	a, (bc)
    000002C6 C6 F8            [ 8]  694 	add	a, #0xf8
    000002C8 4F               [ 4]  695 	ld	c, a
    000002C9 D1               [12]  696 	pop	de
    000002CA D5               [16]  697 	push	de
    000002CB 1A               [ 8]  698 	ld	a, (de)
    000002CC C6 F8            [ 8]  699 	add	a, #0xf8
    000002CE 26 10            [ 8]  700 	ld	h, #0x10
    000002D0 E5               [16]  701 	push	hl
    000002D1 33               [ 8]  702 	inc	sp
    000002D2 26 10            [ 8]  703 	ld	h, #0x10
    000002D4 E5               [16]  704 	push	hl
    000002D5 33               [ 8]  705 	inc	sp
    000002D6 59               [ 4]  706 	ld	e, c
    000002D7 CDr00r00         [24]  707 	call	_check_colision_with_object
    000002DA 3C               [ 4]  708 	inc	a
    000002DB C2rADr03         [16]  709 	jp	NZ, 00150$
                                    710 ;src/PointerSelector.c:108: place_object_at_pointer(s, global_selected_block + RIGHT);
    000002DE FAr00r00         [16]  711 	ld	a, (#_global_selected_block)
    000002E1 C6 06            [ 8]  712 	add	a, #0x06
    000002E3 F8 02            [12]  713 	ldhl	sp,	#2
    000002E5 5E               [ 8]  714 	ld	e, (hl)
    000002E6 23               [ 8]  715 	inc	hl
    000002E7 56               [ 8]  716 	ld	d, (hl)
    000002E8 CDrB9r00         [24]  717 	call	_place_object_at_pointer
    000002EB C3rADr03         [16]  718 	jp	00150$
    000002EE                        719 00122$:
                                    720 ;src/PointerSelector.c:110: } else if(joypad() & J_B) {
    000002EE CDr00r00         [24]  721 	call	_joypad
    000002F1 CB 6F            [ 8]  722 	bit	5, a
    000002F3 28 18            [12]  723 	jr	Z, 00119$
                                    724 ;src/PointerSelector.c:111: uint8_t block = block_is_placed_below(s);
    000002F5 F8 02            [12]  725 	ldhl	sp,	#2
    000002F7 2A               [ 8]  726 	ld	a, (hl+)
    000002F8 5F               [ 4]  727 	ld	e, a
    000002F9 56               [ 8]  728 	ld	d, (hl)
    000002FA CDr8Fr01         [24]  729 	call	_block_is_placed_below
                                    730 ;src/PointerSelector.c:112: if(block>=6){
    000002FD FE 06            [ 8]  731 	cp	a, #0x06
    000002FF DArADr03         [16]  732 	jp	C, 00150$
                                    733 ;src/PointerSelector.c:113: remove_object_at_pointer(s, block);
    00000302 F8 02            [12]  734 	ldhl	sp,	#2
    00000304 5E               [ 8]  735 	ld	e, (hl)
    00000305 23               [ 8]  736 	inc	hl
    00000306 56               [ 8]  737 	ld	d, (hl)
    00000307 CDr19r01         [24]  738 	call	_remove_object_at_pointer
    0000030A C3rADr03         [16]  739 	jp	00150$
    0000030D                        740 00119$:
                                    741 ;src/PointerSelector.c:115: } else if(joypad() & J_SELECT) {
    0000030D CDr00r00         [24]  742 	call	_joypad
    00000310 CB 77            [ 8]  743 	bit	6, a
    00000312 CArADr03         [16]  744 	jp	Z, 00150$
                                    745 ;src/PointerSelector.c:116: global_hud_selected = !global_hud_selected;
    00000315 21r00r00         [12]  746 	ld	hl, #_global_hud_selected
    00000318 7E               [ 8]  747 	ld	a, (hl)
    00000319 D6 01            [ 8]  748 	sub	a, #0x01
    0000031B 3E 00            [ 8]  749 	ld	a, #0x00
    0000031D 17               [ 4]  750 	rla
    0000031E 77               [ 8]  751 	ld	(hl), a
                                    752 ;src/PointerSelector.c:117: move_sprite_block_pointer(global_selected_block);
    0000031F FAr00r00         [16]  753 	ld	a, (_global_selected_block)
    00000322 CDr00r00         [24]  754 	call	_move_sprite_block_pointer
                                    755 ;src/PointerSelector.c:118: move_win_screen(-4);
    00000325 3E FC            [ 8]  756 	ld	a, #0xfc
    00000327 CDr00r00         [24]  757 	call	_move_win_screen
                                    758 ;src/PointerSelector.c:119: set_win_tile_xy(0,1,hud_selectorTileOffset+26);
    0000032A 3E 7A            [ 8]  759 	ld	a, #0x7a
    0000032C F5               [16]  760 	push	af
    0000032D 33               [ 8]  761 	inc	sp
    0000032E 1E 01            [ 8]  762 	ld	e, #0x01
    00000330 AF               [ 4]  763 	xor	a, a
    00000331 CDr00r00         [24]  764 	call	_set_win_tile_xy
    00000334 18 77            [12]  765 	jr	00150$
    00000336                        766 00148$:
                                    767 ;src/PointerSelector.c:122: if(joypad() & J_LEFT) {
    00000336 CDr00r00         [24]  768 	call	_joypad
    00000339 CB 4F            [ 8]  769 	bit	1, a
    0000033B 28 1B            [12]  770 	jr	Z, 00145$
                                    771 ;src/PointerSelector.c:123: uint8_t previous = global_selected_block;
    0000033D FAr00r00         [16]  772 	ld	a, (_global_selected_block)
    00000340 4F               [ 4]  773 	ld	c, a
                                    774 ;src/PointerSelector.c:125: move_foward_block_id(1);
    00000341 C5               [16]  775 	push	bc
    00000342 3E 01            [ 8]  776 	ld	a, #0x01
    00000344 CDr00r00         [24]  777 	call	_move_foward_block_id
                                    778 ;src/PointerSelector.c:126: move_sprite_block_pointer(global_selected_block);
    00000347 FAr00r00         [16]  779 	ld	a, (_global_selected_block)
    0000034A CDr00r00         [24]  780 	call	_move_sprite_block_pointer
    0000034D C1               [12]  781 	pop	bc
                                    782 ;src/PointerSelector.c:127: update_game_hud_button_selection(previous, global_selected_block);
    0000034E FAr00r00         [16]  783 	ld	a, (_global_selected_block)
    00000351 5F               [ 4]  784 	ld	e, a
    00000352 79               [ 4]  785 	ld	a, c
    00000353 CDr00r00         [24]  786 	call	_update_game_hud_button_selection
    00000356 18 55            [12]  787 	jr	00150$
    00000358                        788 00145$:
                                    789 ;src/PointerSelector.c:129: } else if(joypad() & J_RIGHT) {
    00000358 CDr00r00         [24]  790 	call	_joypad
    0000035B 0F               [ 4]  791 	rrca
    0000035C 30 1A            [12]  792 	jr	NC, 00142$
                                    793 ;src/PointerSelector.c:130: uint8_t previous = global_selected_block;
    0000035E FAr00r00         [16]  794 	ld	a, (_global_selected_block)
    00000361 4F               [ 4]  795 	ld	c, a
                                    796 ;src/PointerSelector.c:132: move_foward_block_id(0);
    00000362 C5               [16]  797 	push	bc
    00000363 AF               [ 4]  798 	xor	a, a
    00000364 CDr00r00         [24]  799 	call	_move_foward_block_id
                                    800 ;src/PointerSelector.c:133: move_sprite_block_pointer(global_selected_block);
    00000367 FAr00r00         [16]  801 	ld	a, (_global_selected_block)
    0000036A CDr00r00         [24]  802 	call	_move_sprite_block_pointer
    0000036D C1               [12]  803 	pop	bc
                                    804 ;src/PointerSelector.c:134: update_game_hud_button_selection(previous, global_selected_block);
    0000036E FAr00r00         [16]  805 	ld	a, (_global_selected_block)
    00000371 5F               [ 4]  806 	ld	e, a
    00000372 79               [ 4]  807 	ld	a, c
    00000373 CDr00r00         [24]  808 	call	_update_game_hud_button_selection
    00000376 18 35            [12]  809 	jr	00150$
    00000378                        810 00142$:
                                    811 ;src/PointerSelector.c:136: } else if(joypad() & J_A) {
    00000378 CDr00r00         [24]  812 	call	_joypad
    0000037B CB 67            [ 8]  813 	bit	4, a
    0000037D 28 08            [12]  814 	jr	Z, 00139$
                                    815 ;src/PointerSelector.c:137: press_game_hud_button(global_selected_block);
    0000037F FAr00r00         [16]  816 	ld	a, (_global_selected_block)
    00000382 CDr00r00         [24]  817 	call	_press_game_hud_button
    00000385 18 26            [12]  818 	jr	00150$
    00000387                        819 00139$:
                                    820 ;src/PointerSelector.c:139: } else if(joypad() & J_SELECT) {
    00000387 CDr00r00         [24]  821 	call	_joypad
    0000038A CB 77            [ 8]  822 	bit	6, a
    0000038C 28 1F            [12]  823 	jr	Z, 00150$
                                    824 ;src/PointerSelector.c:140: global_hud_selected = !global_hud_selected;
    0000038E 21r00r00         [12]  825 	ld	hl, #_global_hud_selected
    00000391 7E               [ 8]  826 	ld	a, (hl)
    00000392 D6 01            [ 8]  827 	sub	a, #0x01
    00000394 3E 00            [ 8]  828 	ld	a, #0x00
    00000396 17               [ 4]  829 	rla
    00000397 77               [ 8]  830 	ld	(hl), a
                                    831 ;src/PointerSelector.c:141: move_sprite_block_pointer(global_selected_block);
    00000398 FAr00r00         [16]  832 	ld	a, (_global_selected_block)
    0000039B CDr00r00         [24]  833 	call	_move_sprite_block_pointer
                                    834 ;src/PointerSelector.c:142: move_win_screen(4);
    0000039E 3E 04            [ 8]  835 	ld	a, #0x04
    000003A0 CDr00r00         [24]  836 	call	_move_win_screen
                                    837 ;src/PointerSelector.c:143: set_win_tile_xy(0,1,hud_selectorTileOffset+27);
    000003A3 3E 7B            [ 8]  838 	ld	a, #0x7b
    000003A5 F5               [16]  839 	push	af
    000003A6 33               [ 8]  840 	inc	sp
    000003A7 1E 01            [ 8]  841 	ld	e, #0x01
    000003A9 AF               [ 4]  842 	xor	a, a
    000003AA CDr00r00         [24]  843 	call	_set_win_tile_xy
    000003AD                        844 00150$:
                                    845 ;src/PointerSelector.c:146: }
    000003AD E8 04            [16]  846 	add	sp, #4
    000003AF C9               [16]  847 	ret
                                    848 ;src/PointerSelector.c:148: void update_pointer(Pointer* s) { 
                                    849 ;	---------------------------------
                                    850 ; Function update_pointer
                                    851 ; ---------------------------------
    000003B0                        852 _update_pointer::
    000003B0 4B               [ 4]  853 	ld	c, e
    000003B1 42               [ 4]  854 	ld	b, d
                                    855 ;src/PointerSelector.c:149: s->tileindexBR = tileindex_from_xy(s->x, s->y);
    000003B2 21 06 00         [12]  856 	ld	hl, #0x0006
    000003B5 09               [ 8]  857 	add	hl, bc
    000003B6 59               [ 4]  858 	ld	e, c
    000003B7 50               [ 4]  859 	ld	d, b
    000003B8 13               [ 8]  860 	inc	de
    000003B9 1A               [ 8]  861 	ld	a, (de)
    000003BA 5F               [ 4]  862 	ld	e, a
    000003BB 0A               [ 8]  863 	ld	a, (bc)
    000003BC E5               [16]  864 	push	hl
    000003BD C5               [16]  865 	push	bc
    000003BE CDr00r00         [24]  866 	call	_tileindex_from_xy
    000003C1 59               [ 4]  867 	ld	e, c
    000003C2 50               [ 4]  868 	ld	d, b
    000003C3 C1               [12]  869 	pop	bc
    000003C4 E1               [12]  870 	pop	hl
    000003C5 7B               [ 4]  871 	ld	a, e
    000003C6 22               [ 8]  872 	ld	(hl+), a
    000003C7 72               [ 8]  873 	ld	(hl), d
                                    874 ;src/PointerSelector.c:150: control_pointer(s);
    000003C8 C5               [16]  875 	push	bc
    000003C9 59               [ 4]  876 	ld	e, c
    000003CA 50               [ 4]  877 	ld	d, b
    000003CB CDrF0r01         [24]  878 	call	_control_pointer
    000003CE C1               [12]  879 	pop	bc
                                    880 ;src/PointerSelector.c:151: if(global_game_state == STATE_GAME_SETTING) {
    000003CF FAr00r00         [16]  881 	ld	a, (#_global_game_state)
    000003D2 D6 02            [ 8]  882 	sub	a, #0x02
    000003D4 C0               [20]  883 	ret	NZ
                                    884 ;src/PointerSelector.c:152: move_pointer(s);
    000003D5 59               [ 4]  885 	ld	e, c
    000003D6 50               [ 4]  886 	ld	d, b
                                    887 ;src/PointerSelector.c:154: }
    000003D7 C3r32r00         [16]  888 	jp	_move_pointer
                                    889 ;src/PointerSelector.c:156: void hide_pointer(void){
                                    890 ;	---------------------------------
                                    891 ; Function hide_pointer
                                    892 ; ---------------------------------
    000003DA                        893 _hide_pointer::
                                    894 ;src/PointerSelector.c:157: for(uint8_t i= 4; i<=7; i++){
    000003DA 0E 04            [ 8]  895 	ld	c, #0x04
    000003DC                        896 00105$:
    000003DC 3E 07            [ 8]  897 	ld	a, #0x07
    000003DE 91               [ 4]  898 	sub	a, c
    000003DF 38 11            [12]  899 	jr	C, 00101$
                                    900 ;/home/josem/gbdk/include/gb/gb.h:1973: OAM_item_t * itm = &shadow_OAM[nb];
    000003E1 11r00r00         [12]  901 	ld	de, #_shadow_OAM+0
    000003E4 69               [ 4]  902 	ld	l, c
    000003E5 AF               [ 4]  903 	xor	a, a
    000003E6 67               [ 4]  904 	ld	h, a
    000003E7 29               [ 8]  905 	add	hl, hl
    000003E8 29               [ 8]  906 	add	hl, hl
    000003E9 19               [ 8]  907 	add	hl, de
                                    908 ;/home/josem/gbdk/include/gb/gb.h:1974: itm->y=y, itm->x=x;
    000003EA 3E A0            [ 8]  909 	ld	a, #0xa0
    000003EC 22               [ 8]  910 	ld	(hl+), a
    000003ED 36 00            [12]  911 	ld	(hl), #0x00
                                    912 ;src/PointerSelector.c:157: for(uint8_t i= 4; i<=7; i++){
    000003EF 0C               [ 4]  913 	inc	c
    000003F0 18 EA            [12]  914 	jr	00105$
    000003F2                        915 00101$:
                                    916 ;/home/josem/gbdk/include/gb/gb.h:1973: OAM_item_t * itm = &shadow_OAM[nb];
    000003F2 21r40r00         [12]  917 	ld	hl, #(_shadow_OAM + 64)
                                    918 ;/home/josem/gbdk/include/gb/gb.h:1974: itm->y=y, itm->x=x;
    000003F5 3E A0            [ 8]  919 	ld	a, #0xa0
    000003F7 22               [ 8]  920 	ld	(hl+), a
    000003F8 36 00            [12]  921 	ld	(hl), #0x00
                                    922 ;src/PointerSelector.c:160: move_sprite(16, 0, 160);
                                    923 ;src/PointerSelector.c:161: }
    000003FA C9               [16]  924 	ret
                                    925 ;src/PointerSelector.c:163: static void update_menu_selector_tiles(uint8_t selected_option){
                                    926 ;	---------------------------------
                                    927 ; Function update_menu_selector_tiles
                                    928 ; ---------------------------------
    000003FB                        929 _update_menu_selector_tiles:
                                    930 ;src/PointerSelector.c:164: const uint8_t cursor_row = selected_option == 0 ? 8 : 10;
    000003FB B7               [ 4]  931 	or	a, a
    000003FC 0E 08            [ 8]  932 	ld	c, #0x08
    000003FE 28 02            [12]  933 	jr	Z, 00104$
    00000400 0E 0A            [ 8]  934 	ld	c, #0x0a
    00000402                        935 00104$:
                                    936 ;src/PointerSelector.c:165: const uint8_t blank_row = selected_option == 0 ? 10 : 8;
    00000402 B7               [ 4]  937 	or	a, a
    00000403 1E 0A            [ 8]  938 	ld	e, #0x0a
    00000405 28 02            [12]  939 	jr	Z, 00106$
    00000407 1E 08            [ 8]  940 	ld	e, #0x08
    00000409                        941 00106$:
                                    942 ;src/PointerSelector.c:167: set_win_tile_xy(6, blank_row, 0);
    00000409 C5               [16]  943 	push	bc
    0000040A AF               [ 4]  944 	xor	a, a
    0000040B F5               [16]  945 	push	af
    0000040C 33               [ 8]  946 	inc	sp
    0000040D 3E 06            [ 8]  947 	ld	a, #0x06
    0000040F CDr00r00         [24]  948 	call	_set_win_tile_xy
    00000412 C1               [12]  949 	pop	bc
                                    950 ;src/PointerSelector.c:168: set_win_tile_xy(6, cursor_row, hud_selectorTileOffset + 11);
    00000413 3E 6B            [ 8]  951 	ld	a, #0x6b
    00000415 F5               [16]  952 	push	af
    00000416 33               [ 8]  953 	inc	sp
    00000417 59               [ 4]  954 	ld	e, c
    00000418 3E 06            [ 8]  955 	ld	a, #0x06
    0000041A CDr00r00         [24]  956 	call	_set_win_tile_xy
                                    957 ;src/PointerSelector.c:169: }
    0000041D C9               [16]  958 	ret
                                    959 ;src/PointerSelector.c:171: void update_menu_pointer(void){
                                    960 ;	---------------------------------
                                    961 ; Function update_menu_pointer
                                    962 ; ---------------------------------
    0000041E                        963 _update_menu_pointer::
                                    964 ;src/PointerSelector.c:172: const uint8_t currentJoy = joypad();
    0000041E CDr00r00         [24]  965 	call	_joypad
                                    966 ;src/PointerSelector.c:174: if(currentJoy & (J_UP | J_DOWN)){
    00000421 E6 0C            [ 8]  967 	and	a, #0x0c
    00000423 C8               [20]  968 	ret	Z
                                    969 ;src/PointerSelector.c:175: global_option_selection_from_menu ^= 1;
    00000424 21r00r00         [12]  970 	ld	hl, #_global_option_selection_from_menu
    00000427 7E               [ 8]  971 	ld	a, (hl)
    00000428 EE 01            [ 8]  972 	xor	a, #0x01
                                    973 ;src/PointerSelector.c:176: update_menu_selector_tiles(global_option_selection_from_menu);
    0000042A 77               [ 8]  974 	ld	(hl), a
                                    975 ;src/PointerSelector.c:178: }
    0000042B C3rFBr03         [16]  976 	jp	_update_menu_selector_tiles
                                    977 	.area _CODE
                                    978 	.area _INITIALIZER
    00000000                        979 __xinit__global_hud_selected:
    00000000 00                     980 	.db #0x00	; 0
                                    981 	.area _CABS (ABS)
