                                      1 ;--------------------------------------------------------
                                      2 ; File Created by SDCC : free open source ISO C Compiler
                                      3 ; Version 4.5.1 #15267 (Linux)
                                      4 ;--------------------------------------------------------
                                      5 	.module selection_menu
                                      6 	
                                      7 ;--------------------------------------------------------
                                      8 ; Public variables in this module
                                      9 ;--------------------------------------------------------
                                     10 	.globl _selection_menu
                                     11 ;--------------------------------------------------------
                                     12 ; special function registers
                                     13 ;--------------------------------------------------------
                                     14 ;--------------------------------------------------------
                                     15 ; ram data
                                     16 ;--------------------------------------------------------
                                     17 	.area _DATA
                                     18 ;--------------------------------------------------------
                                     19 ; ram data
                                     20 ;--------------------------------------------------------
                                     21 	.area _INITIALIZED
                                     22 ;--------------------------------------------------------
                                     23 ; absolute external ram data
                                     24 ;--------------------------------------------------------
                                     25 	.area _DABS (ABS)
                                     26 ;--------------------------------------------------------
                                     27 ; global & static initialisations
                                     28 ;--------------------------------------------------------
                                     29 	.area _HOME
                                     30 	.area _GSINIT
                                     31 	.area _GSFINAL
                                     32 	.area _GSINIT
                                     33 ;--------------------------------------------------------
                                     34 ; Home
                                     35 ;--------------------------------------------------------
                                     36 	.area _HOME
                                     37 	.area _HOME
                                     38 ;--------------------------------------------------------
                                     39 ; code
                                     40 ;--------------------------------------------------------
                                     41 	.area _CODE
                                     42 	.area _CODE
    00000000                         43 _selection_menu:
    00000000 75                      44 	.db #0x75	; 117	'u'
    00000001 77                      45 	.db #0x77	; 119	'w'
    00000002 77                      46 	.db #0x77	; 119	'w'
    00000003 77                      47 	.db #0x77	; 119	'w'
    00000004 77                      48 	.db #0x77	; 119	'w'
    00000005 77                      49 	.db #0x77	; 119	'w'
    00000006 77                      50 	.db #0x77	; 119	'w'
    00000007 77                      51 	.db #0x77	; 119	'w'
    00000008 77                      52 	.db #0x77	; 119	'w'
    00000009 77                      53 	.db #0x77	; 119	'w'
    0000000A 77                      54 	.db #0x77	; 119	'w'
    0000000B 77                      55 	.db #0x77	; 119	'w'
    0000000C 77                      56 	.db #0x77	; 119	'w'
    0000000D 77                      57 	.db #0x77	; 119	'w'
    0000000E 77                      58 	.db #0x77	; 119	'w'
    0000000F 77                      59 	.db #0x77	; 119	'w'
    00000010 77                      60 	.db #0x77	; 119	'w'
    00000011 77                      61 	.db #0x77	; 119	'w'
    00000012 77                      62 	.db #0x77	; 119	'w'
    00000013 76                      63 	.db #0x76	; 118	'v'
    00000014 79                      64 	.db #0x79	; 121	'y'
    00000015 60                      65 	.db #0x60	; 96
    00000016 60                      66 	.db #0x60	; 96
    00000017 60                      67 	.db #0x60	; 96
    00000018 60                      68 	.db #0x60	; 96
    00000019 60                      69 	.db #0x60	; 96
    0000001A 60                      70 	.db #0x60	; 96
    0000001B 60                      71 	.db #0x60	; 96
    0000001C 60                      72 	.db #0x60	; 96
    0000001D 60                      73 	.db #0x60	; 96
    0000001E 60                      74 	.db #0x60	; 96
    0000001F 60                      75 	.db #0x60	; 96
    00000020 60                      76 	.db #0x60	; 96
    00000021 60                      77 	.db #0x60	; 96
    00000022 60                      78 	.db #0x60	; 96
    00000023 60                      79 	.db #0x60	; 96
    00000024 60                      80 	.db #0x60	; 96
    00000025 60                      81 	.db #0x60	; 96
    00000026 60                      82 	.db #0x60	; 96
    00000027 78                      83 	.db #0x78	; 120	'x'
    00000028 79                      84 	.db #0x79	; 121	'y'
    00000029 60                      85 	.db #0x60	; 96
    0000002A 60                      86 	.db #0x60	; 96
    0000002B 60                      87 	.db #0x60	; 96
    0000002C 60                      88 	.db #0x60	; 96
    0000002D 60                      89 	.db #0x60	; 96
    0000002E 60                      90 	.db #0x60	; 96
    0000002F 60                      91 	.db #0x60	; 96
    00000030 60                      92 	.db #0x60	; 96
    00000031 60                      93 	.db #0x60	; 96
    00000032 60                      94 	.db #0x60	; 96
    00000033 60                      95 	.db #0x60	; 96
    00000034 60                      96 	.db #0x60	; 96
    00000035 60                      97 	.db #0x60	; 96
    00000036 60                      98 	.db #0x60	; 96
    00000037 60                      99 	.db #0x60	; 96
    00000038 60                     100 	.db #0x60	; 96
    00000039 60                     101 	.db #0x60	; 96
    0000003A 60                     102 	.db #0x60	; 96
    0000003B 78                     103 	.db #0x78	; 120	'x'
    0000003C 79                     104 	.db #0x79	; 121	'y'
    0000003D 60                     105 	.db #0x60	; 96
    0000003E 60                     106 	.db #0x60	; 96
    0000003F 60                     107 	.db #0x60	; 96
    00000040 60                     108 	.db #0x60	; 96
    00000041 60                     109 	.db #0x60	; 96
    00000042 60                     110 	.db #0x60	; 96
    00000043 60                     111 	.db #0x60	; 96
    00000044 60                     112 	.db #0x60	; 96
    00000045 60                     113 	.db #0x60	; 96
    00000046 60                     114 	.db #0x60	; 96
    00000047 60                     115 	.db #0x60	; 96
    00000048 60                     116 	.db #0x60	; 96
    00000049 60                     117 	.db #0x60	; 96
    0000004A 60                     118 	.db #0x60	; 96
    0000004B 60                     119 	.db #0x60	; 96
    0000004C 60                     120 	.db #0x60	; 96
    0000004D 60                     121 	.db #0x60	; 96
    0000004E 60                     122 	.db #0x60	; 96
    0000004F 78                     123 	.db #0x78	; 120	'x'
    00000050 79                     124 	.db #0x79	; 121	'y'
    00000051 90                     125 	.db #0x90	; 144
    00000052 8E                     126 	.db #0x8e	; 142
    00000053 97                     127 	.db #0x97	; 151
    00000054 8D                     128 	.db #0x8d	; 141
    00000055 8E                     129 	.db #0x8e	; 142
    00000056 60                     130 	.db #0x60	; 96
    00000057 9E                     131 	.db #0x9e	; 158
    00000058 98                     132 	.db #0x98	; 152
    00000059 95                     133 	.db #0x95	; 149
    0000005A 8D                     134 	.db #0x8d	; 141
    0000005B 96                     135 	.db #0x96	; 150
    0000005C 92                     136 	.db #0x92	; 146
    0000005D 94                     137 	.db #0x94	; 148
    0000005E 60                     138 	.db #0x60	; 96
    0000005F 98                     139 	.db #0x98	; 152
    00000060 96                     140 	.db #0x96	; 150
    00000061 8D                     141 	.db #0x8d	; 141
    00000062 60                     142 	.db #0x60	; 96
    00000063 78                     143 	.db #0x78	; 120	'x'
    00000064 79                     144 	.db #0x79	; 121	'y'
    00000065 60                     145 	.db #0x60	; 96
    00000066 60                     146 	.db #0x60	; 96
    00000067 60                     147 	.db #0x60	; 96
    00000068 60                     148 	.db #0x60	; 96
    00000069 60                     149 	.db #0x60	; 96
    0000006A 60                     150 	.db #0x60	; 96
    0000006B 60                     151 	.db #0x60	; 96
    0000006C 60                     152 	.db #0x60	; 96
    0000006D 60                     153 	.db #0x60	; 96
    0000006E 60                     154 	.db #0x60	; 96
    0000006F 60                     155 	.db #0x60	; 96
    00000070 60                     156 	.db #0x60	; 96
    00000071 60                     157 	.db #0x60	; 96
    00000072 60                     158 	.db #0x60	; 96
    00000073 60                     159 	.db #0x60	; 96
    00000074 60                     160 	.db #0x60	; 96
    00000075 60                     161 	.db #0x60	; 96
    00000076 60                     162 	.db #0x60	; 96
    00000077 78                     163 	.db #0x78	; 120	'x'
    00000078 79                     164 	.db #0x79	; 121	'y'
    00000079 9A                     165 	.db #0x9a	; 154
    0000007A 90                     166 	.db #0x90	; 144
    0000007B 91                     167 	.db #0x91	; 145
    0000007C 8E                     168 	.db #0x8e	; 142
    0000007D 93                     169 	.db #0x93	; 147
    0000007E 94                     170 	.db #0x94	; 148
    0000007F 96                     171 	.db #0x96	; 150
    00000080 60                     172 	.db #0x60	; 96
    00000081 8F                     173 	.db #0x8f	; 143
    00000082 91                     174 	.db #0x91	; 145
    00000083 90                     175 	.db #0x90	; 144
    00000084 9B                     176 	.db #0x9b	; 155
    00000085 93                     177 	.db #0x93	; 147
    00000086 9D                     178 	.db #0x9d	; 157
    00000087 93                     179 	.db #0x93	; 147
    00000088 96                     180 	.db #0x96	; 150
    00000089 8D                     181 	.db #0x8d	; 141
    0000008A 91                     182 	.db #0x91	; 145
    0000008B 78                     183 	.db #0x78	; 120	'x'
    0000008C 79                     184 	.db #0x79	; 121	'y'
    0000008D 60                     185 	.db #0x60	; 96
    0000008E 60                     186 	.db #0x60	; 96
    0000008F 60                     187 	.db #0x60	; 96
    00000090 60                     188 	.db #0x60	; 96
    00000091 60                     189 	.db #0x60	; 96
    00000092 60                     190 	.db #0x60	; 96
    00000093 60                     191 	.db #0x60	; 96
    00000094 60                     192 	.db #0x60	; 96
    00000095 60                     193 	.db #0x60	; 96
    00000096 60                     194 	.db #0x60	; 96
    00000097 60                     195 	.db #0x60	; 96
    00000098 60                     196 	.db #0x60	; 96
    00000099 60                     197 	.db #0x60	; 96
    0000009A 60                     198 	.db #0x60	; 96
    0000009B 60                     199 	.db #0x60	; 96
    0000009C 60                     200 	.db #0x60	; 96
    0000009D 60                     201 	.db #0x60	; 96
    0000009E 60                     202 	.db #0x60	; 96
    0000009F 78                     203 	.db #0x78	; 120	'x'
    000000A0 79                     204 	.db #0x79	; 121	'y'
    000000A1 60                     205 	.db #0x60	; 96
    000000A2 60                     206 	.db #0x60	; 96
    000000A3 60                     207 	.db #0x60	; 96
    000000A4 60                     208 	.db #0x60	; 96
    000000A5 60                     209 	.db #0x60	; 96
    000000A6 60                     210 	.db #0x60	; 96
    000000A7 60                     211 	.db #0x60	; 96
    000000A8 60                     212 	.db #0x60	; 96
    000000A9 60                     213 	.db #0x60	; 96
    000000AA 60                     214 	.db #0x60	; 96
    000000AB 60                     215 	.db #0x60	; 96
    000000AC 60                     216 	.db #0x60	; 96
    000000AD 60                     217 	.db #0x60	; 96
    000000AE 60                     218 	.db #0x60	; 96
    000000AF 60                     219 	.db #0x60	; 96
    000000B0 60                     220 	.db #0x60	; 96
    000000B1 60                     221 	.db #0x60	; 96
    000000B2 60                     222 	.db #0x60	; 96
    000000B3 78                     223 	.db #0x78	; 120	'x'
    000000B4 79                     224 	.db #0x79	; 121	'y'
    000000B5 60                     225 	.db #0x60	; 96
    000000B6 60                     226 	.db #0x60	; 96
    000000B7 60                     227 	.db #0x60	; 96
    000000B8 60                     228 	.db #0x60	; 96
    000000B9 60                     229 	.db #0x60	; 96
    000000BA 8D                     230 	.db #0x8d	; 141
    000000BB 9B                     231 	.db #0x9b	; 155
    000000BC 8F                     232 	.db #0x8f	; 143
    000000BD 8C                     233 	.db #0x8c	; 140
    000000BE 8D                     234 	.db #0x8d	; 141
    000000BF 60                     235 	.db #0x60	; 96
    000000C0 61                     236 	.db #0x61	; 97	'a'
    000000C1 74                     237 	.db #0x74	; 116	't'
    000000C2 62                     238 	.db #0x62	; 98	'b'
    000000C3 60                     239 	.db #0x60	; 96
    000000C4 60                     240 	.db #0x60	; 96
    000000C5 60                     241 	.db #0x60	; 96
    000000C6 60                     242 	.db #0x60	; 96
    000000C7 78                     243 	.db #0x78	; 120	'x'
    000000C8 79                     244 	.db #0x79	; 121	'y'
    000000C9 60                     245 	.db #0x60	; 96
    000000CA 60                     246 	.db #0x60	; 96
    000000CB 60                     247 	.db #0x60	; 96
    000000CC 60                     248 	.db #0x60	; 96
    000000CD 60                     249 	.db #0x60	; 96
    000000CE 60                     250 	.db #0x60	; 96
    000000CF 60                     251 	.db #0x60	; 96
    000000D0 60                     252 	.db #0x60	; 96
    000000D1 60                     253 	.db #0x60	; 96
    000000D2 60                     254 	.db #0x60	; 96
    000000D3 60                     255 	.db #0x60	; 96
    000000D4 60                     256 	.db #0x60	; 96
    000000D5 60                     257 	.db #0x60	; 96
    000000D6 60                     258 	.db #0x60	; 96
    000000D7 60                     259 	.db #0x60	; 96
    000000D8 60                     260 	.db #0x60	; 96
    000000D9 60                     261 	.db #0x60	; 96
    000000DA 60                     262 	.db #0x60	; 96
    000000DB 78                     263 	.db #0x78	; 120	'x'
    000000DC 79                     264 	.db #0x79	; 121	'y'
    000000DD 60                     265 	.db #0x60	; 96
    000000DE 60                     266 	.db #0x60	; 96
    000000DF 60                     267 	.db #0x60	; 96
    000000E0 60                     268 	.db #0x60	; 96
    000000E1 60                     269 	.db #0x60	; 96
    000000E2 60                     270 	.db #0x60	; 96
    000000E3 60                     271 	.db #0x60	; 96
    000000E4 60                     272 	.db #0x60	; 96
    000000E5 60                     273 	.db #0x60	; 96
    000000E6 60                     274 	.db #0x60	; 96
    000000E7 60                     275 	.db #0x60	; 96
    000000E8 60                     276 	.db #0x60	; 96
    000000E9 60                     277 	.db #0x60	; 96
    000000EA 60                     278 	.db #0x60	; 96
    000000EB 60                     279 	.db #0x60	; 96
    000000EC 60                     280 	.db #0x60	; 96
    000000ED 60                     281 	.db #0x60	; 96
    000000EE 60                     282 	.db #0x60	; 96
    000000EF 78                     283 	.db #0x78	; 120	'x'
    000000F0 79                     284 	.db #0x79	; 121	'y'
    000000F1 60                     285 	.db #0x60	; 96
    000000F2 8F                     286 	.db #0x8f	; 143
    000000F3 98                     287 	.db #0x98	; 152
    000000F4 9B                     288 	.db #0x9b	; 155
    000000F5 8E                     289 	.db #0x8e	; 142
    000000F6 8D                     290 	.db #0x8d	; 141
    000000F7 60                     291 	.db #0x60	; 96
    000000F8 8E                     292 	.db #0x8e	; 142
    000000F9 97                     293 	.db #0x97	; 151
    000000FA 8D                     294 	.db #0x8d	; 141
    000000FB 91                     295 	.db #0x91	; 145
    000000FC 97                     296 	.db #0x97	; 151
    000000FD 60                     297 	.db #0x60	; 96
    000000FE 8F                     298 	.db #0x8f	; 143
    000000FF 8D                     299 	.db #0x8d	; 141
    00000100 91                     300 	.db #0x91	; 145
    00000101 8D                     301 	.db #0x8d	; 141
    00000102 60                     302 	.db #0x60	; 96
    00000103 78                     303 	.db #0x78	; 120	'x'
    00000104 79                     304 	.db #0x79	; 121	'y'
    00000105 60                     305 	.db #0x60	; 96
    00000106 60                     306 	.db #0x60	; 96
    00000107 60                     307 	.db #0x60	; 96
    00000108 60                     308 	.db #0x60	; 96
    00000109 60                     309 	.db #0x60	; 96
    0000010A 60                     310 	.db #0x60	; 96
    0000010B 60                     311 	.db #0x60	; 96
    0000010C 60                     312 	.db #0x60	; 96
    0000010D 60                     313 	.db #0x60	; 96
    0000010E 60                     314 	.db #0x60	; 96
    0000010F 60                     315 	.db #0x60	; 96
    00000110 60                     316 	.db #0x60	; 96
    00000111 60                     317 	.db #0x60	; 96
    00000112 60                     318 	.db #0x60	; 96
    00000113 60                     319 	.db #0x60	; 96
    00000114 60                     320 	.db #0x60	; 96
    00000115 60                     321 	.db #0x60	; 96
    00000116 60                     322 	.db #0x60	; 96
    00000117 78                     323 	.db #0x78	; 120	'x'
    00000118 79                     324 	.db #0x79	; 121	'y'
    00000119 60                     325 	.db #0x60	; 96
    0000011A 60                     326 	.db #0x60	; 96
    0000011B 60                     327 	.db #0x60	; 96
    0000011C 60                     328 	.db #0x60	; 96
    0000011D 60                     329 	.db #0x60	; 96
    0000011E 60                     330 	.db #0x60	; 96
    0000011F 90                     331 	.db #0x90	; 144
    00000120 9D                     332 	.db #0x9d	; 157
    00000121 8F                     333 	.db #0x8f	; 143
    00000122 90                     334 	.db #0x90	; 144
    00000123 60                     335 	.db #0x60	; 96
    00000124 8D                     336 	.db #0x8d	; 141
    00000125 91                     337 	.db #0x91	; 145
    00000126 60                     338 	.db #0x60	; 96
    00000127 60                     339 	.db #0x60	; 96
    00000128 60                     340 	.db #0x60	; 96
    00000129 60                     341 	.db #0x60	; 96
    0000012A 60                     342 	.db #0x60	; 96
    0000012B 78                     343 	.db #0x78	; 120	'x'
    0000012C 79                     344 	.db #0x79	; 121	'y'
    0000012D 60                     345 	.db #0x60	; 96
    0000012E 60                     346 	.db #0x60	; 96
    0000012F 60                     347 	.db #0x60	; 96
    00000130 60                     348 	.db #0x60	; 96
    00000131 60                     349 	.db #0x60	; 96
    00000132 60                     350 	.db #0x60	; 96
    00000133 60                     351 	.db #0x60	; 96
    00000134 60                     352 	.db #0x60	; 96
    00000135 60                     353 	.db #0x60	; 96
    00000136 60                     354 	.db #0x60	; 96
    00000137 60                     355 	.db #0x60	; 96
    00000138 60                     356 	.db #0x60	; 96
    00000139 60                     357 	.db #0x60	; 96
    0000013A 60                     358 	.db #0x60	; 96
    0000013B 60                     359 	.db #0x60	; 96
    0000013C 60                     360 	.db #0x60	; 96
    0000013D 60                     361 	.db #0x60	; 96
    0000013E 60                     362 	.db #0x60	; 96
    0000013F 78                     363 	.db #0x78	; 120	'x'
    00000140 79                     364 	.db #0x79	; 121	'y'
    00000141 60                     365 	.db #0x60	; 96
    00000142 60                     366 	.db #0x60	; 96
    00000143 60                     367 	.db #0x60	; 96
    00000144 60                     368 	.db #0x60	; 96
    00000145 60                     369 	.db #0x60	; 96
    00000146 60                     370 	.db #0x60	; 96
    00000147 60                     371 	.db #0x60	; 96
    00000148 60                     372 	.db #0x60	; 96
    00000149 60                     373 	.db #0x60	; 96
    0000014A 60                     374 	.db #0x60	; 96
    0000014B 60                     375 	.db #0x60	; 96
    0000014C 60                     376 	.db #0x60	; 96
    0000014D 60                     377 	.db #0x60	; 96
    0000014E 60                     378 	.db #0x60	; 96
    0000014F 60                     379 	.db #0x60	; 96
    00000150 60                     380 	.db #0x60	; 96
    00000151 60                     381 	.db #0x60	; 96
    00000152 60                     382 	.db #0x60	; 96
    00000153 78                     383 	.db #0x78	; 120	'x'
    00000154 79                     384 	.db #0x79	; 121	'y'
    00000155 60                     385 	.db #0x60	; 96
    00000156 60                     386 	.db #0x60	; 96
    00000157 60                     387 	.db #0x60	; 96
    00000158 60                     388 	.db #0x60	; 96
    00000159 60                     389 	.db #0x60	; 96
    0000015A 60                     390 	.db #0x60	; 96
    0000015B 60                     391 	.db #0x60	; 96
    0000015C 60                     392 	.db #0x60	; 96
    0000015D 60                     393 	.db #0x60	; 96
    0000015E 60                     394 	.db #0x60	; 96
    0000015F 60                     395 	.db #0x60	; 96
    00000160 60                     396 	.db #0x60	; 96
    00000161 60                     397 	.db #0x60	; 96
    00000162 60                     398 	.db #0x60	; 96
    00000163 60                     399 	.db #0x60	; 96
    00000164 60                     400 	.db #0x60	; 96
    00000165 60                     401 	.db #0x60	; 96
    00000166 60                     402 	.db #0x60	; 96
    00000167 78                     403 	.db #0x78	; 120	'x'
                                    404 	.area _INITIALIZER
                                    405 	.area _CABS (ABS)
