                                      1 ;--------------------------------------------------------
                                      2 ; File Created by SDCC : free open source ISO C Compiler
                                      3 ; Version 4.5.1 #15267 (Linux)
                                      4 ;--------------------------------------------------------
                                      5 	.module victory_screen
                                      6 	
                                      7 ;--------------------------------------------------------
                                      8 ; Public variables in this module
                                      9 ;--------------------------------------------------------
                                     10 	.globl _victory_screen
                                     11 ;--------------------------------------------------------
                                     12 ; special function registers
                                     13 ;--------------------------------------------------------
                                     14 ;--------------------------------------------------------
                                     15 ; ram data
                                     16 ;--------------------------------------------------------
                                     17 	.area _DATA
                                     18 ;--------------------------------------------------------
                                     19 ; ram data
                                     20 ;--------------------------------------------------------
                                     21 	.area _INITIALIZED
                                     22 ;--------------------------------------------------------
                                     23 ; absolute external ram data
                                     24 ;--------------------------------------------------------
                                     25 	.area _DABS (ABS)
                                     26 ;--------------------------------------------------------
                                     27 ; global & static initialisations
                                     28 ;--------------------------------------------------------
                                     29 	.area _HOME
                                     30 	.area _GSINIT
                                     31 	.area _GSFINAL
                                     32 	.area _GSINIT
                                     33 ;--------------------------------------------------------
                                     34 ; Home
                                     35 ;--------------------------------------------------------
                                     36 	.area _HOME
                                     37 	.area _HOME
                                     38 ;--------------------------------------------------------
                                     39 ; code
                                     40 ;--------------------------------------------------------
                                     41 	.area _CODE
                                     42 	.area _CODE
    00000000                         43 _victory_screen:
    00000000 00                      44 	.db #0x00	; 0
    00000001 00                      45 	.db #0x00	; 0
    00000002 00                      46 	.db #0x00	; 0
    00000003 00                      47 	.db #0x00	; 0
    00000004 00                      48 	.db #0x00	; 0
    00000005 00                      49 	.db #0x00	; 0
    00000006 1E                      50 	.db #0x1e	; 30
    00000007 1E                      51 	.db #0x1e	; 30
    00000008 1E                      52 	.db #0x1e	; 30
    00000009 1E                      53 	.db #0x1e	; 30
    0000000A 1E                      54 	.db #0x1e	; 30
    0000000B 1E                      55 	.db #0x1e	; 30
    0000000C 1E                      56 	.db #0x1e	; 30
    0000000D 1E                      57 	.db #0x1e	; 30
    0000000E 1E                      58 	.db #0x1e	; 30
    0000000F 1E                      59 	.db #0x1e	; 30
    00000010 1E                      60 	.db #0x1e	; 30
    00000011 00                      61 	.db #0x00	; 0
    00000012 00                      62 	.db #0x00	; 0
    00000013 00                      63 	.db #0x00	; 0
    00000014 00                      64 	.db #0x00	; 0
    00000015 18                      65 	.db #0x18	; 24
    00000016 00                      66 	.db #0x00	; 0
    00000017 18                      67 	.db #0x18	; 24
    00000018 00                      68 	.db #0x00	; 0
    00000019 00                      69 	.db #0x00	; 0
    0000001A 1E                      70 	.db #0x1e	; 30
    0000001B 1E                      71 	.db #0x1e	; 30
    0000001C 1E                      72 	.db #0x1e	; 30
    0000001D 00                      73 	.db #0x00	; 0
    0000001E 00                      74 	.db #0x00	; 0
    0000001F 00                      75 	.db #0x00	; 0
    00000020 00                      76 	.db #0x00	; 0
    00000021 1E                      77 	.db #0x1e	; 30
    00000022 1E                      78 	.db #0x1e	; 30
    00000023 1E                      79 	.db #0x1e	; 30
    00000024 1E                      80 	.db #0x1e	; 30
    00000025 1E                      81 	.db #0x1e	; 30
    00000026 1E                      82 	.db #0x1e	; 30
    00000027 1E                      83 	.db #0x1e	; 30
    00000028 00                      84 	.db #0x00	; 0
    00000029 19                      85 	.db #0x19	; 25
    0000002A 00                      86 	.db #0x00	; 0
    0000002B 19                      87 	.db #0x19	; 25
    0000002C 00                      88 	.db #0x00	; 0
    0000002D 00                      89 	.db #0x00	; 0
    0000002E 1E                      90 	.db #0x1e	; 30
    0000002F 00                      91 	.db #0x00	; 0
    00000030 00                      92 	.db #0x00	; 0
    00000031 00                      93 	.db #0x00	; 0
    00000032 00                      94 	.db #0x00	; 0
    00000033 00                      95 	.db #0x00	; 0
    00000034 00                      96 	.db #0x00	; 0
    00000035 00                      97 	.db #0x00	; 0
    00000036 1E                      98 	.db #0x1e	; 30
    00000037 1E                      99 	.db #0x1e	; 30
    00000038 1F                     100 	.db #0x1f	; 31
    00000039 00                     101 	.db #0x00	; 0
    0000003A 00                     102 	.db #0x00	; 0
    0000003B 1E                     103 	.db #0x1e	; 30
    0000003C 00                     104 	.db #0x00	; 0
    0000003D 19                     105 	.db #0x19	; 25
    0000003E 18                     106 	.db #0x18	; 24
    0000003F 19                     107 	.db #0x19	; 25
    00000040 00                     108 	.db #0x00	; 0
    00000041 18                     109 	.db #0x18	; 24
    00000042 18                     110 	.db #0x18	; 24
    00000043 18                     111 	.db #0x18	; 24
    00000044 00                     112 	.db #0x00	; 0
    00000045 18                     113 	.db #0x18	; 24
    00000046 00                     114 	.db #0x00	; 0
    00000047 18                     115 	.db #0x18	; 24
    00000048 00                     116 	.db #0x00	; 0
    00000049 1E                     117 	.db #0x1e	; 30
    0000004A 1E                     118 	.db #0x1e	; 30
    0000004B 1E                     119 	.db #0x1e	; 30
    0000004C 1F                     120 	.db #0x1f	; 31
    0000004D 1F                     121 	.db #0x1f	; 31
    0000004E 00                     122 	.db #0x00	; 0
    0000004F 1E                     123 	.db #0x1e	; 30
    00000050 00                     124 	.db #0x00	; 0
    00000051 00                     125 	.db #0x00	; 0
    00000052 00                     126 	.db #0x00	; 0
    00000053 19                     127 	.db #0x19	; 25
    00000054 00                     128 	.db #0x00	; 0
    00000055 19                     129 	.db #0x19	; 25
    00000056 1E                     130 	.db #0x1e	; 30
    00000057 19                     131 	.db #0x19	; 25
    00000058 00                     132 	.db #0x00	; 0
    00000059 19                     133 	.db #0x19	; 25
    0000005A 00                     134 	.db #0x00	; 0
    0000005B 19                     135 	.db #0x19	; 25
    0000005C 00                     136 	.db #0x00	; 0
    0000005D 1E                     137 	.db #0x1e	; 30
    0000005E 1E                     138 	.db #0x1e	; 30
    0000005F 00                     139 	.db #0x00	; 0
    00000060 1E                     140 	.db #0x1e	; 30
    00000061 1E                     141 	.db #0x1e	; 30
    00000062 1E                     142 	.db #0x1e	; 30
    00000063 1E                     143 	.db #0x1e	; 30
    00000064 00                     144 	.db #0x00	; 0
    00000065 18                     145 	.db #0x18	; 24
    00000066 18                     146 	.db #0x18	; 24
    00000067 19                     147 	.db #0x19	; 25
    00000068 00                     148 	.db #0x00	; 0
    00000069 19                     149 	.db #0x19	; 25
    0000006A 18                     150 	.db #0x18	; 24
    0000006B 19                     151 	.db #0x19	; 25
    0000006C 00                     152 	.db #0x00	; 0
    0000006D 19                     153 	.db #0x19	; 25
    0000006E 18                     154 	.db #0x18	; 24
    0000006F 19                     155 	.db #0x19	; 25
    00000070 00                     156 	.db #0x00	; 0
    00000071 1E                     157 	.db #0x1e	; 30
    00000072 1E                     158 	.db #0x1e	; 30
    00000073 1E                     159 	.db #0x1e	; 30
    00000074 1E                     160 	.db #0x1e	; 30
    00000075 00                     161 	.db #0x00	; 0
    00000076 00                     162 	.db #0x00	; 0
    00000077 1E                     163 	.db #0x1e	; 30
    00000078 00                     164 	.db #0x00	; 0
    00000079 00                     165 	.db #0x00	; 0
    0000007A 00                     166 	.db #0x00	; 0
    0000007B 00                     167 	.db #0x00	; 0
    0000007C 00                     168 	.db #0x00	; 0
    0000007D 00                     169 	.db #0x00	; 0
    0000007E 00                     170 	.db #0x00	; 0
    0000007F 00                     171 	.db #0x00	; 0
    00000080 00                     172 	.db #0x00	; 0
    00000081 00                     173 	.db #0x00	; 0
    00000082 00                     174 	.db #0x00	; 0
    00000083 00                     175 	.db #0x00	; 0
    00000084 00                     176 	.db #0x00	; 0
    00000085 00                     177 	.db #0x00	; 0
    00000086 00                     178 	.db #0x00	; 0
    00000087 00                     179 	.db #0x00	; 0
    00000088 00                     180 	.db #0x00	; 0
    00000089 00                     181 	.db #0x00	; 0
    0000008A 00                     182 	.db #0x00	; 0
    0000008B 1E                     183 	.db #0x1e	; 30
    0000008C 00                     184 	.db #0x00	; 0
    0000008D 00                     185 	.db #0x00	; 0
    0000008E 00                     186 	.db #0x00	; 0
    0000008F 00                     187 	.db #0x00	; 0
    00000090 00                     188 	.db #0x00	; 0
    00000091 18                     189 	.db #0x18	; 24
    00000092 00                     190 	.db #0x00	; 0
    00000093 00                     191 	.db #0x00	; 0
    00000094 00                     192 	.db #0x00	; 0
    00000095 18                     193 	.db #0x18	; 24
    00000096 00                     194 	.db #0x00	; 0
    00000097 18                     195 	.db #0x18	; 24
    00000098 00                     196 	.db #0x00	; 0
    00000099 18                     197 	.db #0x18	; 24
    0000009A 00                     198 	.db #0x00	; 0
    0000009B 00                     199 	.db #0x00	; 0
    0000009C 18                     200 	.db #0x18	; 24
    0000009D 00                     201 	.db #0x00	; 0
    0000009E 00                     202 	.db #0x00	; 0
    0000009F 1E                     203 	.db #0x1e	; 30
    000000A0 00                     204 	.db #0x00	; 0
    000000A1 00                     205 	.db #0x00	; 0
    000000A2 1F                     206 	.db #0x1f	; 31
    000000A3 00                     207 	.db #0x00	; 0
    000000A4 00                     208 	.db #0x00	; 0
    000000A5 19                     209 	.db #0x19	; 25
    000000A6 00                     210 	.db #0x00	; 0
    000000A7 18                     211 	.db #0x18	; 24
    000000A8 00                     212 	.db #0x00	; 0
    000000A9 19                     213 	.db #0x19	; 25
    000000AA 00                     214 	.db #0x00	; 0
    000000AB 19                     215 	.db #0x19	; 25
    000000AC 00                     216 	.db #0x00	; 0
    000000AD 19                     217 	.db #0x19	; 25
    000000AE 18                     218 	.db #0x18	; 24
    000000AF 00                     219 	.db #0x00	; 0
    000000B0 19                     220 	.db #0x19	; 25
    000000B1 00                     221 	.db #0x00	; 0
    000000B2 00                     222 	.db #0x00	; 0
    000000B3 1E                     223 	.db #0x1e	; 30
    000000B4 00                     224 	.db #0x00	; 0
    000000B5 00                     225 	.db #0x00	; 0
    000000B6 1F                     226 	.db #0x1f	; 31
    000000B7 00                     227 	.db #0x00	; 0
    000000B8 00                     228 	.db #0x00	; 0
    000000B9 19                     229 	.db #0x19	; 25
    000000BA 18                     230 	.db #0x18	; 24
    000000BB 00                     231 	.db #0x00	; 0
    000000BC 18                     232 	.db #0x18	; 24
    000000BD 19                     233 	.db #0x19	; 25
    000000BE 00                     234 	.db #0x00	; 0
    000000BF 19                     235 	.db #0x19	; 25
    000000C0 00                     236 	.db #0x00	; 0
    000000C1 19                     237 	.db #0x19	; 25
    000000C2 00                     238 	.db #0x00	; 0
    000000C3 18                     239 	.db #0x18	; 24
    000000C4 19                     240 	.db #0x19	; 25
    000000C5 00                     241 	.db #0x00	; 0
    000000C6 00                     242 	.db #0x00	; 0
    000000C7 1E                     243 	.db #0x1e	; 30
    000000C8 00                     244 	.db #0x00	; 0
    000000C9 00                     245 	.db #0x00	; 0
    000000CA 00                     246 	.db #0x00	; 0
    000000CB 1F                     247 	.db #0x1f	; 31
    000000CC 00                     248 	.db #0x00	; 0
    000000CD 00                     249 	.db #0x00	; 0
    000000CE 00                     250 	.db #0x00	; 0
    000000CF 00                     251 	.db #0x00	; 0
    000000D0 00                     252 	.db #0x00	; 0
    000000D1 00                     253 	.db #0x00	; 0
    000000D2 00                     254 	.db #0x00	; 0
    000000D3 00                     255 	.db #0x00	; 0
    000000D4 00                     256 	.db #0x00	; 0
    000000D5 00                     257 	.db #0x00	; 0
    000000D6 00                     258 	.db #0x00	; 0
    000000D7 00                     259 	.db #0x00	; 0
    000000D8 00                     260 	.db #0x00	; 0
    000000D9 00                     261 	.db #0x00	; 0
    000000DA 00                     262 	.db #0x00	; 0
    000000DB 1E                     263 	.db #0x1e	; 30
    000000DC 00                     264 	.db #0x00	; 0
    000000DD 00                     265 	.db #0x00	; 0
    000000DE 00                     266 	.db #0x00	; 0
    000000DF 1E                     267 	.db #0x1e	; 30
    000000E0 00                     268 	.db #0x00	; 0
    000000E1 00                     269 	.db #0x00	; 0
    000000E2 00                     270 	.db #0x00	; 0
    000000E3 00                     271 	.db #0x00	; 0
    000000E4 00                     272 	.db #0x00	; 0
    000000E5 00                     273 	.db #0x00	; 0
    000000E6 00                     274 	.db #0x00	; 0
    000000E7 00                     275 	.db #0x00	; 0
    000000E8 00                     276 	.db #0x00	; 0
    000000E9 00                     277 	.db #0x00	; 0
    000000EA 00                     278 	.db #0x00	; 0
    000000EB 1F                     279 	.db #0x1f	; 31
    000000EC 1E                     280 	.db #0x1e	; 30
    000000ED 1F                     281 	.db #0x1f	; 31
    000000EE 1F                     282 	.db #0x1f	; 31
    000000EF 1E                     283 	.db #0x1e	; 30
    000000F0 00                     284 	.db #0x00	; 0
    000000F1 1E                     285 	.db #0x1e	; 30
    000000F2 1E                     286 	.db #0x1e	; 30
    000000F3 1E                     287 	.db #0x1e	; 30
    000000F4 1E                     288 	.db #0x1e	; 30
    000000F5 1E                     289 	.db #0x1e	; 30
    000000F6 1E                     290 	.db #0x1e	; 30
    000000F7 1E                     291 	.db #0x1e	; 30
    000000F8 1E                     292 	.db #0x1e	; 30
    000000F9 1E                     293 	.db #0x1e	; 30
    000000FA 1E                     294 	.db #0x1e	; 30
    000000FB 00                     295 	.db #0x00	; 0
    000000FC 1E                     296 	.db #0x1e	; 30
    000000FD 1E                     297 	.db #0x1e	; 30
    000000FE 1E                     298 	.db #0x1e	; 30
    000000FF 1E                     299 	.db #0x1e	; 30
    00000100 1E                     300 	.db #0x1e	; 30
    00000101 1E                     301 	.db #0x1e	; 30
    00000102 1E                     302 	.db #0x1e	; 30
    00000103 1E                     303 	.db #0x1e	; 30
    00000104 1E                     304 	.db #0x1e	; 30
    00000105 1E                     305 	.db #0x1e	; 30
    00000106 00                     306 	.db #0x00	; 0
    00000107 1E                     307 	.db #0x1e	; 30
    00000108 00                     308 	.db #0x00	; 0
    00000109 00                     309 	.db #0x00	; 0
    0000010A 00                     310 	.db #0x00	; 0
    0000010B 1F                     311 	.db #0x1f	; 31
    0000010C 1E                     312 	.db #0x1e	; 30
    0000010D 1E                     313 	.db #0x1e	; 30
    0000010E 1E                     314 	.db #0x1e	; 30
    0000010F 1E                     315 	.db #0x1e	; 30
    00000110 1E                     316 	.db #0x1e	; 30
    00000111 1E                     317 	.db #0x1e	; 30
    00000112 1E                     318 	.db #0x1e	; 30
    00000113 1E                     319 	.db #0x1e	; 30
    00000114 1E                     320 	.db #0x1e	; 30
    00000115 1E                     321 	.db #0x1e	; 30
    00000116 1E                     322 	.db #0x1e	; 30
    00000117 1E                     323 	.db #0x1e	; 30
    00000118 1E                     324 	.db #0x1e	; 30
    00000119 1E                     325 	.db #0x1e	; 30
    0000011A 1F                     326 	.db #0x1f	; 31
    0000011B 1E                     327 	.db #0x1e	; 30
    0000011C 00                     328 	.db #0x00	; 0
    0000011D 00                     329 	.db #0x00	; 0
    0000011E 00                     330 	.db #0x00	; 0
    0000011F 1F                     331 	.db #0x1f	; 31
    00000120 1F                     332 	.db #0x1f	; 31
    00000121 1E                     333 	.db #0x1e	; 30
    00000122 1E                     334 	.db #0x1e	; 30
    00000123 1E                     335 	.db #0x1e	; 30
    00000124 1F                     336 	.db #0x1f	; 31
    00000125 00                     337 	.db #0x00	; 0
    00000126 00                     338 	.db #0x00	; 0
    00000127 00                     339 	.db #0x00	; 0
    00000128 1F                     340 	.db #0x1f	; 31
    00000129 00                     341 	.db #0x00	; 0
    0000012A 1E                     342 	.db #0x1e	; 30
    0000012B 1E                     343 	.db #0x1e	; 30
    0000012C 00                     344 	.db #0x00	; 0
    0000012D 1E                     345 	.db #0x1e	; 30
    0000012E 1E                     346 	.db #0x1e	; 30
    0000012F 1E                     347 	.db #0x1e	; 30
    00000130 1E                     348 	.db #0x1e	; 30
    00000131 00                     349 	.db #0x00	; 0
    00000132 1E                     350 	.db #0x1e	; 30
    00000133 1E                     351 	.db #0x1e	; 30
    00000134 1E                     352 	.db #0x1e	; 30
    00000135 1E                     353 	.db #0x1e	; 30
    00000136 00                     354 	.db #0x00	; 0
    00000137 1E                     355 	.db #0x1e	; 30
    00000138 1E                     356 	.db #0x1e	; 30
    00000139 1E                     357 	.db #0x1e	; 30
    0000013A 1E                     358 	.db #0x1e	; 30
    0000013B 00                     359 	.db #0x00	; 0
    0000013C 1F                     360 	.db #0x1f	; 31
    0000013D 00                     361 	.db #0x00	; 0
    0000013E 1E                     362 	.db #0x1e	; 30
    0000013F 1E                     363 	.db #0x1e	; 30
    00000140 00                     364 	.db #0x00	; 0
    00000141 1F                     365 	.db #0x1f	; 31
    00000142 1E                     366 	.db #0x1e	; 30
    00000143 1E                     367 	.db #0x1e	; 30
    00000144 1E                     368 	.db #0x1e	; 30
    00000145 1E                     369 	.db #0x1e	; 30
    00000146 1E                     370 	.db #0x1e	; 30
    00000147 1E                     371 	.db #0x1e	; 30
    00000148 00                     372 	.db #0x00	; 0
    00000149 00                     373 	.db #0x00	; 0
    0000014A 00                     374 	.db #0x00	; 0
    0000014B 1E                     375 	.db #0x1e	; 30
    0000014C 00                     376 	.db #0x00	; 0
    0000014D 00                     377 	.db #0x00	; 0
    0000014E 00                     378 	.db #0x00	; 0
    0000014F 1E                     379 	.db #0x1e	; 30
    00000150 00                     380 	.db #0x00	; 0
    00000151 00                     381 	.db #0x00	; 0
    00000152 00                     382 	.db #0x00	; 0
    00000153 00                     383 	.db #0x00	; 0
    00000154 00                     384 	.db #0x00	; 0
    00000155 1F                     385 	.db #0x1f	; 31
    00000156 00                     386 	.db #0x00	; 0
    00000157 00                     387 	.db #0x00	; 0
    00000158 00                     388 	.db #0x00	; 0
    00000159 00                     389 	.db #0x00	; 0
    0000015A 00                     390 	.db #0x00	; 0
    0000015B 00                     391 	.db #0x00	; 0
    0000015C 1E                     392 	.db #0x1e	; 30
    0000015D 1E                     393 	.db #0x1e	; 30
    0000015E 1E                     394 	.db #0x1e	; 30
    0000015F 1E                     395 	.db #0x1e	; 30
    00000160 00                     396 	.db #0x00	; 0
    00000161 1E                     397 	.db #0x1e	; 30
    00000162 1E                     398 	.db #0x1e	; 30
    00000163 1E                     399 	.db #0x1e	; 30
    00000164 1E                     400 	.db #0x1e	; 30
    00000165 00                     401 	.db #0x00	; 0
    00000166 00                     402 	.db #0x00	; 0
    00000167 00                     403 	.db #0x00	; 0
                                    404 	.area _INITIALIZER
                                    405 	.area _CABS (ABS)
